Component: ARM Compiler 5.05 update 1 (build 106) Tool: armlink [4d0efa]

==============================================================================

Section Cross References

    main.o(i.Connect_OneNet) refers to delay.o(i.delay_ms) for delay_ms
    main.o(i.Connect_OneNet) refers to onenet.o(i.OneNet_DevLink) for OneNet_DevLink
    main.o(i.Connect_OneNet) refers to usart.o(.data) for OneNet_Connect
    main.o(i.System_Init) refers to delay.o(i.delay_init) for delay_init
    main.o(i.System_Init) refers to ds1302.o(i.DS1302_Init) for DS1302_Init
    main.o(i.System_Init) refers to ds1302.o(i.DS1302_WriteTime) for DS1302_WriteTime
    main.o(i.System_Init) refers to usart.o(i.uart_init) for uart_init
    main.o(i.System_Init) refers to led.o(i.LED_Init) for LED_Init
    main.o(i.System_Init) refers to lora_app.o(i.Linit) for Linit
    main.o(i.System_Init) refers to oled_screen.o(i.ScreenInit) for ScreenInit
    main.o(i.System_Init) refers to oled_screen.o(i.PutStr_H16W8) for PutStr_H16W8
    main.o(i.System_Init) refers to oled_screen.o(i.ScreenRefresh) for ScreenRefresh
    main.o(i.System_Init) refers to dht11.o(i.DHT11_Init) for DHT11_Init
    main.o(i.System_Init) refers to esp8266.o(i.ESP8266_GPIO_Init) for ESP8266_GPIO_Init
    main.o(i.System_Init) refers to esp8266.o(i.ESP8266Mode_init) for ESP8266Mode_init
    main.o(i.System_Init) refers to tim.o(i.Tim1_Init) for Tim1_Init
    main.o(i.System_Init) refers to main.o(.bss) for display
    main.o(i.find) refers to findfun.o(i.found) for found
    main.o(i.find) refers to findfun.o(i.foundnumber) for foundnumber
    main.o(i.find) refers to dfltui.o(.text) for __aeabi_ui2d
    main.o(i.find) refers to oled_screen.o(i.PutNum_H16W8) for PutNum_H16W8
    main.o(i.find) refers to oled_screen.o(i.ScreenRefresh) for ScreenRefresh
    main.o(i.find) refers to oled_screen.o(i.PutStr_H16W8) for PutStr_H16W8
    main.o(i.find) refers to main.o(.data) for t3
    main.o(i.find) refers to caltime.o(.data) for flagArray
    main.o(i.find) refers to caltime.o(.bss) for Dtime
    main.o(i.findCmd) refers to strcat.o(.text) for strcat
    main.o(i.findCmd) refers to memseta.o(.text) for __aeabi_memclr
    main.o(i.findCmd) refers to main.o(i.find) for find
    main.o(i.findCmd) refers to strstr.o(.text) for strstr
    main.o(i.findCmd) refers to stm32f10x_gpio.o(i.GPIO_ResetBits) for GPIO_ResetBits
    main.o(i.findCmd) refers to onenet.o(i.OneNet_SendData) for OneNet_SendData
    main.o(i.findCmd) refers to delay.o(i.delay_ms) for delay_ms
    main.o(i.findCmd) refers to stm32f10x_gpio.o(i.GPIO_SetBits) for GPIO_SetBits
    main.o(i.findCmd) refers to printfa.o(i.__0sprintf) for __2sprintf
    main.o(i.findCmd) refers to onenet.o(i.OneNet_SendStringData) for OneNet_SendStringData
    main.o(i.findCmd) refers to usart.o(.data) for USART_RX_STA
    main.o(i.findCmd) refers to usart.o(.bss) for Message_Buf
    main.o(i.findCmd) refers to main.o(.bss) for store_receiver
    main.o(i.findCmd) refers to main.o(.data) for ZW_commandReceive
    main.o(i.main) refers to main.o(i.System_Init) for System_Init
    main.o(i.main) refers to main.o(i.Connect_OneNet) for Connect_OneNet
    main.o(i.main) refers to oled_screen.o(i.PutStr_H16W8) for PutStr_H16W8
    main.o(i.main) refers to oled_screen.o(i.ScreenRefresh) for ScreenRefresh
    main.o(i.main) refers to delay.o(i.delay_ms) for delay_ms
    main.o(i.main) refers to edpkit.o(i.EDP_PacketPing) for EDP_PacketPing
    main.o(i.main) refers to main.o(i.findCmd) for findCmd
    main.o(i.main) refers to lora_app.o(i.Lrun) for Lrun
    main.o(i.main) refers to dht11.o(i.DHT11_Read_Data) for DHT11_Read_Data
    main.o(i.main) refers to main.o(i.sendMessage) for sendMessage
    main.o(i.main) refers to main.o(i.timeexecute) for timeexecute
    main.o(i.main) refers to caltime.o(i.downtimeshow) for downtimeshow
    main.o(i.main) refers to main.o(.data) for Heart_Pack
    main.o(i.sendMessage) refers to onenet.o(i.OneNet_SendData) for OneNet_SendData
    main.o(i.sendMessage) refers to printfa.o(i.__0sprintf) for __2sprintf
    main.o(i.sendMessage) refers to onenet.o(i.OneNet_SendStringData) for OneNet_SendStringData
    main.o(i.sendMessage) refers to main.o(.data) for EDPFlag
    main.o(i.timeexecute) refers to ds1302.o(i.DS1302_GetTime) for DS1302_GetTime
    main.o(i.timeexecute) refers to caltime.o(i.computertime) for computertime
    main.o(i.timeexecute) refers to caltime.o(.data) for flagArray
    system_stm32f10x.o(i.SetSysClock) refers to system_stm32f10x.o(i.SetSysClockTo72) for SetSysClockTo72
    system_stm32f10x.o(i.SystemCoreClockUpdate) refers to system_stm32f10x.o(.data) for SystemCoreClock
    system_stm32f10x.o(i.SystemInit) refers to system_stm32f10x.o(i.SetSysClock) for SetSysClock
    startup_stm32f10x_hd.o(RESET) refers to startup_stm32f10x_hd.o(STACK) for __initial_sp
[...]
    ..\STM32\src\stm32f10x_exti.c            0x00000000   Number         0  stm32f10x_exti.o ABSOLUTE
    ..\STM32\src\stm32f10x_fsmc.c            0x00000000   Number         0  stm32f10x_fsmc.o ABSOLUTE
    ..\STM32\src\stm32f10x_gpio.c            0x00000000   Number         0  stm32f10x_gpio.o ABSOLUTE
    ..\STM32\src\stm32f10x_rcc.c             0x00000000   Number         0  stm32f10x_rcc.o ABSOLUTE
    ..\STM32\src\stm32f10x_tim.c             0x00000000   Number         0  stm32f10x_tim.o ABSOLUTE
    ..\STM32\src\stm32f10x_usart.c           0x00000000   Number         0  stm32f10x_usart.o ABSOLUTE
    ..\SYSTEM\delay\delay.c                  0x00000000   Number         0  delay.o ABSOLUTE
    ..\SYSTEM\sys\sys.c                      0x00000000   Number         0  sys.o ABSOLUTE
    ..\SYSTEM\usart\usart.c                  0x00000000   Number         0  usart.o ABSOLUTE
    ..\TIM\Tim.c                             0x00000000   Number         0  tim.o ABSOLUTE
    ..\\CORE\\core_cm3.c                     0x00000000   Number         0  core_cm3.o ABSOLUTE
    cdcmple.s                                0x00000000   Number         0  cdcmple.o ABSOLUTE
    cdrcmple.s                               0x00000000   Number         0  cdrcmple.o ABSOLUTE
    dc.s                                     0x00000000   Number         0  dc.o ABSOLUTE
    handlers.s                               0x00000000   Number         0  handlers.o ABSOLUTE
    init.s                                   0x00000000   Number         0  init.o ABSOLUTE
    main.c                                   0x00000000   Number         0  main.o ABSOLUTE
    stm32f10x_it.c                           0x00000000   Number         0  stm32f10x_it.o ABSOLUTE
    system_stm32f10x.c                       0x00000000   Number         0  system_stm32f10x.o ABSOLUTE
    RESET                                    0x08000000   Section      304  startup_stm32f10x_hd.o(RESET)
    .ARM.Collect$$$$00000000                 0x08000130   Section        0  entry.o(.ARM.Collect$$$$00000000)
    .ARM.Collect$$$$00000001                 0x08000130   Section        4  entry2.o(.ARM.Collect$$$$00000001)
    .ARM.Collect$$$$00000004                 0x08000134   Section        4  entry5.o(.ARM.Collect$$$$00000004)
    .ARM.Collect$$$$00000008                 0x08000138   Section        0  entry7b.o(.ARM.Collect$$$$00000008)
    .ARM.Collect$$$$0000000A                 0x08000138   Section        0  entry8b.o(.ARM.Collect$$$$0000000A)
    .ARM.Collect$$$$0000000B                 0x08000138   Section        8  entry9a.o(.ARM.Collect$$$$0000000B)
    .ARM.Collect$$$$0000000D                 0x08000140   Section        0  entry10a.o(.ARM.Collect$$$$0000000D)
    .ARM.Collect$$$$0000000F                 0x08000140   Section        0  entry11a.o(.ARM.Collect$$$$0000000F)
    .ARM.Collect$$$$00002712                 0x08000140   Section        4  entry2.o(.ARM.Collect$$$$00002712)
    __lit__00000000                          0x08000140   Data           4  entry2.o(.ARM.Collect$$$$00002712)
    .text                                    0x08000144   Section       36  startup_stm32f10x_hd.o(.text)
    .text                                    0x08000168   Section        0  ldiv.o(.text)
    .text                                    0x080001ca   Section        0  memseta.o(.text)
    .text                                    0x080001ee   Section        0  strcat.o(.text)
    .text                                    0x08000206   Section        0  strstr.o(.text)
    .text                                    0x0800022a   Section        0  strlen.o(.text)
    .text                                    0x08000238   Section        0  strncat.o(.text)
    .text                                    0x08000260   Section        0  strcpy.o(.text)
    .text                                    0x08000272   Section        0  dadd.o(.text)
    .text                                    0x080003c0   Section        0  dmul.o(.text)
    .text                                    0x080004a4   Section        0  ddiv.o(.text)
    .text                                    0x08000582   Section        0  dflti.o(.text)
    .text                                    0x080005a4   Section        0  dfltui.o(.text)
    .text                                    0x080005be   Section        0  dfltl.o(.text)
    .text                                    0x080005e6   Section        0  dfixui.o(.text)
    .text                                    0x08000618   Section        0  dfixl.o(.text)
    .text                                    0x08000664   Section       48  cdrcmple.o(.text)
    .text                                    0x08000694   Section        0  uidiv.o(.text)
    .text                                    0x080006c0   Section        0  uldiv.o(.text)
    .text                                    0x08000722   Section        0  llshl.o(.text)
    .text                                    0x08000740   Section        0  llushr.o(.text)
    .text                                    0x08000760   Section        0  llsshr.o(.text)
    .text                                    0x08000784   Section        0  depilogue.o(.text)
    .text                                    0x08000784   Section        0  iusefp.o(.text)
    .text                                    0x0800083e   Section        0  dscalb.o(.text)
    .text                                    0x0800086c   Section        0  dfixul.o(.text)
    .text                                    0x0800089c   Section       36  init.o(.text)
    .text                                    0x080008c0   Section        0  dsqrt.o(.text)
    .text                                    0x08000962   Section        0  __dczerorl2.o(.text)
    i.A_B_exc                                0x080009b8   Section        0  oled_screen.o(i.A_B_exc)
    i.Aux_Int                                0x080009c4   Section        0  lora_app.o(i.Aux_Int)
    i.BUS_delay                              0x08000a14   Section        0  oled_screen.o(i.BUS_delay)
    i.BusFault_Handler                       0x08000a20   Section        0  stm32f10x_it.o(i.BusFault_Handler)
    i.Connect_OneNet                         0x08000a24   Section        0  main.o(i.Connect_OneNet)
    i.DHT11_Check                            0x08000a48   Section        0  dht11.o(i.DHT11_Check)
    i.DHT11_Init                             0x08000aac   Section        0  dht11.o(i.DHT11_Init)
    i.DHT11_Read_Bit                         0x08000aec   Section        0  dht11.o(i.DHT11_Read_Bit)
    i.DHT11_Read_Byte                        0x08000b38   Section        0  dht11.o(i.DHT11_Read_Byte)
    i.DHT11_Read_Data                        0x08000b56   Section        0  dht11.o(i.DHT11_Read_Data)
    i.DHT11_Rst                              0x08000bb0   Section        0  dht11.o(i.DHT11_Rst)
    i.DS1302_GetTime                         0x08000bf0   Section        0  ds1302.o(i.DS1302_GetTime)
    i.DS1302_Init                            0x08000d30   Section        0  ds1302.o(i.DS1302_Init)
    i.DS1302_ReadByte                        0x08000d6c   Section        0  ds1302.o(i.DS1302_ReadByte)
    i.DS1302_ReadTime                        0x08000e38   Section        0  ds1302.o(i.DS1302_ReadTime)
    i.DS1302_WriteByte                       0x08000e80   Section        0  ds1302.o(i.DS1302_WriteByte)
    i.DS1302_WriteTime                       0x08000f3c   Section        0  ds1302.o(i.DS1302_WriteTime)
    i.DebugMon_Handler                       0x08000fac   Section        0  stm32f10x_it.o(i.DebugMon_Handler)
    i.DrawRectangle                          0x08000fae   Section        0  oled_screen.o(i.DrawRectangle)
    i.EDP_DeleteBuffer                       0x08000ff2   Section        0  edpkit.o(i.EDP_DeleteBuffer)
    i.EDP_NewBuffer                          0x0800100e   Section        0  edpkit.o(i.EDP_NewBuffer)
    i.EDP_PacketConnect1                     0x08001068   Section        0  edpkit.o(i.EDP_PacketConnect1)
    i.EDP_PacketPing                         0x08001154   Section        0  edpkit.o(i.EDP_PacketPing)
    i.EDP_PacketSaveData                     0x0800118e   Section        0  edpkit.o(i.EDP_PacketSaveData)
    i.ESP8266Mode_init                       0x08001364   Section        0  esp8266.o(i.ESP8266Mode_init)
    i.ESP8266_GPIO_Init                      0x080014d4   Section        0  esp8266.o(i.ESP8266_GPIO_Init)
    i.ESP8266_SendData                       0x0800152c   Section        0  esp8266.o(i.ESP8266_SendData)
    i.EXTI4_IRQHandler                       0x0800153c   Section        0  lora_app.o(i.EXTI4_IRQHandler)
    i.EXTI_ClearITPendingBit                 0x080015b4   Section        0  stm32f10x_exti.o(i.EXTI_ClearITPendingBit)
    i.EXTI_GetITStatus                       0x080015c0   Section        0  stm32f10x_exti.o(i.EXTI_GetITStatus)
    i.EXTI_Init                              0x080015e8   Section        0  stm32f10x_exti.o(i.EXTI_Init)
    i.GPIO_EXTILineConfig                    0x0800167c   Section        0  stm32f10x_gpio.o(i.GPIO_EXTILineConfig)
    i.GPIO_Init                              0x080016bc   Section        0  stm32f10x_gpio.o(i.GPIO_Init)
    i.GPIO_PinRemapConfig                    0x080017d4   Section        0  stm32f10x_gpio.o(i.GPIO_PinRemapConfig)
    i.GPIO_ResetBits                         0x08001864   Section        0  stm32f10x_gpio.o(i.GPIO_ResetBits)
    i.GPIO_SetBits                           0x08001868   Section        0  stm32f10x_gpio.o(i.GPIO_SetBits)
    i.HardFault_Handler                      0x0800186c   Section        0  stm32f10x_it.o(i.HardFault_Handler)
    i.IIC_start                              0x08001870   Section        0  oled_screen.o(i.IIC_start)
    i.IIC_stop                               0x080018a4   Section        0  oled_screen.o(i.IIC_stop)
    i.IIC_write                              0x080018d8   Section        0  oled_screen.o(i.IIC_write)
    i.LED_Init                               0x08001a84   Section        0  led.o(i.LED_Init)
    i.Linit                                  0x08001b08   Section        0  lora_app.o(i.Linit)
    i.LoRa_Init                              0x08001b30   Section        0  lora_app.o(i.LoRa_Init)
    i.LoRa_Set                               0x08001c34   Section        0  lora_app.o(i.LoRa_Set)
    i.Lrend                                  0x08001e18   Section        0  lora_app.o(i.Lrend)
    i.Lrun                                   0x08001ec0   Section        0  lora_app.o(i.Lrun)
    i.Lsend                                  0x08001f0c   Section        0  lora_app.o(i.Lsend)
    i.MemManage_Handler                      0x08001fac   Section        0  stm32f10x_it.o(i.MemManage_Handler)
    i.NMI_Handler                            0x08001fb0   Section        0  stm32f10x_it.o(i.NMI_Handler)
    i.NVIC_Init                              0x08001fb4   Section        0  misc.o(i.NVIC_Init)
    i.OLED_Fill                              0x08002024   Section        0  oled_screen.o(i.OLED_Fill)
    i.OLED_IO_Init                           0x08002060   Section        0  oled_screen.o(i.OLED_IO_Init)
    i.OLED_Init                              0x0800209c   Section        0  oled_screen.o(i.OLED_Init)
    i.OLED_cmd                               0x0800215e   Section        0  oled_screen.o(i.OLED_cmd)
    i.OLED_dat                               0x0800217e   Section        0  oled_screen.o(i.OLED_dat)
    i.OneNet_DevLink                         0x080021a0   Section        0  onenet.o(i.OneNet_DevLink)
    i.OneNet_FillBuf                         0x08002210   Section        0  onenet.o(i.OneNet_FillBuf)
    i.OneNet_FillStringBuf                   0x080022b0   Section        0  onenet.o(i.OneNet_FillStringBuf)
    i.OneNet_SendData                        0x08002318   Section        0  onenet.o(i.OneNet_SendData)
    i.OneNet_SendStringData                  0x080023a0   Section        0  onenet.o(i.OneNet_SendStringData)
    i.PendSV_Handler                         0x08002428   Section        0  stm32f10x_it.o(i.PendSV_Handler)
    i.PutChar_H16W8                          0x0800242c   Section        0  oled_screen.o(i.PutChar_H16W8)
    i.PutNum_H16W8                           0x080024c8   Section        0  oled_screen.o(i.PutNum_H16W8)
    i.PutStr_H16W8                           0x08002526   Section        0  oled_screen.o(i.PutStr_H16W8)
    i.RCC_APB1PeriphClockCmd                 0x0800254c   Section        0  stm32f10x_rcc.o(i.RCC_APB1PeriphClockCmd)
    i.RCC_APB1PeriphResetCmd                 0x0800256c   Section        0  stm32f10x_rcc.o(i.RCC_APB1PeriphResetCmd)
    i.RCC_APB2PeriphClockCmd                 0x0800258c   Section        0  stm32f10x_rcc.o(i.RCC_APB2PeriphClockCmd)
    i.RCC_APB2PeriphResetCmd                 0x080025ac   Section        0  stm32f10x_rcc.o(i.RCC_APB2PeriphResetCmd)
    i.RCC_GetClocksFreq                      0x080025cc   Section        0  stm32f10x_rcc.o(i.RCC_GetClocksFreq)
    i.Receive_AT_Data                        0x080026a0   Section        0  usart.o(i.Receive_AT_Data)
    i.Receive_Normal_Data                    0x08002714   Section        0  usart.o(i.Receive_Normal_Data)
    i.SVC_Handler                            0x080027bc   Section        0  stm32f10x_it.o(i.SVC_Handler)
    i.ScreenInit                             0x080027c0   Section        0  oled_screen.o(i.ScreenInit)
    i.ScreenRefresh                          0x080027e0   Section        0  oled_screen.o(i.ScreenRefresh)
    i.SendCmd                                0x08002824   Section        0  esp8266.o(i.SendCmd)
    i.SetSysClock                            0x08002894   Section        0  system_stm32f10x.o(i.SetSysClock)
    SetSysClock                              0x08002895   Thumb Code     8  system_stm32f10x.o(i.SetSysClock)
    i.SetSysClockTo72                        0x0800289c   Section        0  system_stm32f10x.o(i.SetSysClockTo72)
    SetSysClockTo72                          0x0800289d   Thumb Code   214  system_stm32f10x.o(i.SetSysClockTo72)
    i.SysTick_CLKSourceConfig                0x0800297c   Section        0  misc.o(i.SysTick_CLKSourceConfig)
    i.SysTick_Handler                        0x080029a4   Section        0  stm32f10x_it.o(i.SysTick_Handler)
    i.SystemInit                             0x080029a8   Section        0  system_stm32f10x.o(i.SystemInit)
    i.System_Init                            0x08002a08   Section        0  main.o(i.System_Init)
    i.TIM1_UP_IRQHandler                     0x08002ab8   Section        0  tim.o(i.TIM1_UP_IRQHandler)
    i.TIM7_IRQHandler                        0x08002ae0   Section        0  timer.o(i.TIM7_IRQHandler)
    i.TIM7_Int_Init                          0x08002b14   Section        0  timer.o(i.TIM7_Int_Init)
    i.TIM_ClearFlag                          0x08002b74   Section        0  stm32f10x_tim.o(i.TIM_ClearFlag)
    i.TIM_ClearITPendingBit                  0x08002b7a   Section        0  stm32f10x_tim.o(i.TIM_ClearITPendingBit)
    i.TIM_Cmd                                0x08002b80   Section        0  stm32f10x_tim.o(i.TIM_Cmd)
    i.TIM_GetITStatus                        0x08002b98   Section        0  stm32f10x_tim.o(i.TIM_GetITStatus)
    i.TIM_ITConfig                           0x08002bba   Section        0  stm32f10x_tim.o(i.TIM_ITConfig)
    i.TIM_SetCounter                         0x08002bcc   Section        0  stm32f10x_tim.o(i.TIM_SetCounter)
    i.TIM_TimeBaseInit                       0x08002bd0   Section        0  stm32f10x_tim.o(i.TIM_TimeBaseInit)
    i.Tim1_Init                              0x08002c74   Section        0  tim.o(i.Tim1_Init)
    i.USART1_IRQHandler                      0x08002ce4   Section        0  usart.o(i.USART1_IRQHandler)
    i.USART3_IRQHandler                      0x08002da4   Section        0  usart3.o(i.USART3_IRQHandler)
    i.USART_ClearFlag                        0x08002e14   Section        0  stm32f10x_usart.o(i.USART_ClearFlag)
    i.USART_ClearITPendingBit                0x08002e26   Section        0  stm32f10x_usart.o(i.USART_ClearITPendingBit)
    i.USART_Cmd                              0x08002e44   Section        0  stm32f10x_usart.o(i.USART_Cmd)
    i.USART_DeInit                           0x08002e5c   Section        0  stm32f10x_usart.o(i.USART_DeInit)
    i.USART_GetFlagStatus                    0x08002ef8   Section        0  stm32f10x_usart.o(i.USART_GetFlagStatus)
    i.USART_GetITStatus                      0x08002f12   Section        0  stm32f10x_usart.o(i.USART_GetITStatus)
    i.USART_ITConfig                         0x08002f66   Section        0  stm32f10x_usart.o(i.USART_ITConfig)
    i.USART_Init                             0x08002fb0   Section        0  stm32f10x_usart.o(i.USART_Init)
    i.USART_ReceiveData                      0x08003088   Section        0  stm32f10x_usart.o(i.USART_ReceiveData)
    i.USART_SendData                         0x08003092   Section        0  stm32f10x_usart.o(i.USART_SendData)
    i.USART_Write                            0x0800309c   Section        0  esp8266.o(i.USART_Write)
    i.UsageFault_Handler                     0x080030d4   Section        0  stm32f10x_it.o(i.UsageFault_Handler)
    i.WriteRemainlen                         0x080030d8   Section        0  edpkit.o(i.WriteRemainlen)
    i.__0sprintf                             0x08003108   Section        0  printfa.o(i.__0sprintf)
    i.__0vsprintf                            0x08003130   Section        0  printfa.o(i.__0vsprintf)
    i.__ARM_fpclassify                       0x08003154   Section        0  fpclassify.o(i.__ARM_fpclassify)
    i.__kernel_poly                          0x0800317c   Section        0  poly.o(i.__kernel_poly)
    i.__mathlib_dbl_divzero                  0x08003228   Section        0  dunder.o(i.__mathlib_dbl_divzero)
    i.__mathlib_dbl_infnan2                  0x08003238   Section        0  dunder.o(i.__mathlib_dbl_infnan2)
    i.__mathlib_dbl_invalid                  0x0800323c   Section        0  dunder.o(i.__mathlib_dbl_invalid)
    i.__mathlib_dbl_overflow                 0x08003248   Section        0  dunder.o(i.__mathlib_dbl_overflow)
    i.__mathlib_dbl_underflow                0x08003258   Section        0  dunder.o(i.__mathlib_dbl_underflow)
    i.__scatterload_copy                     0x08003268   Section       14  handlers.o(i.__scatterload_copy)
    i.__scatterload_null                     0x08003276   Section        2  handlers.o(i.__scatterload_null)
    i.__scatterload_zeroinit                 0x08003278   Section       14  handlers.o(i.__scatterload_zeroinit)
    i.__set_errno                            0x08003288   Section        0  errno.o(i.__set_errno)
    i._fp_digits                             0x08003294   Section        0  printfa.o(i._fp_digits)
    _fp_digits                               0x08003295   Thumb Code   334  printfa.o(i._fp_digits)
    i._printf_core                           0x080033f8   Section        0  printfa.o(i._printf_core)
    _printf_core                             0x080033f9   Thumb Code  1744  printfa.o(i._printf_core)
    i._printf_post_padding                   0x08003ad4   Section        0  printfa.o(i._printf_post_padding)
    _printf_post_padding                     0x08003ad5   Thumb Code    36  printfa.o(i._printf_post_padding)
    i._printf_pre_padding                    0x08003af8   Section        0  printfa.o(i._printf_pre_padding)
    _printf_pre_padding                      0x08003af9   Thumb Code    46  printfa.o(i._printf_pre_padding)
    i._sputc                                 0x08003b26   Section        0  printfa.o(i._sputc)
    _sputc                                   0x08003b27   Thumb Code    10  printfa.o(i._sputc)
    i.computertime                           0x08003b30   Section        0  caltime.o(i.computertime)
    i.decimal_str                            0x08003bdc   Section        0  oled_screen.o(i.decimal_str)
    i.decimal_str_0                          0x08003c04   Section        0  oled_screen.o(i.decimal_str_0)
    i.delay_init                             0x08003d64   Section        0  delay.o(i.delay_init)
    i.delay_ms                               0x08003da8   Section        0  delay.o(i.delay_ms)
    i.delay_us                               0x08003df4   Section        0  delay.o(i.delay_us)
    i.downtimeshow                           0x08003e40   Section        0  caltime.o(i.downtimeshow)
    i.find                                   0x08003ef0   Section        0  main.o(i.find)
    i.findCmd                                0x0800408c   Section        0  main.o(i.findCmd)
    i.found                                  0x08004174   Section        0  findfun.o(i.found)
    i.foundnumber                            0x080041c8   Section        0  findfun.o(i.foundnumber)
    i.free                                   0x08004294   Section        0  malloc.o(i.free)
    i.lora_check_cmd                         0x080042e4   Section        0  lora_ui.o(i.lora_check_cmd)
    i.lora_send_cmd                          0x08004318   Section        0  lora_ui.o(i.lora_send_cmd)
    i.main                                   0x08004398   Section        0  main.o(i.main)
    i.malloc                                 0x0800448c   Section        0  malloc.o(i.malloc)
    i.pix_w                                  0x080044f8   Section        0  oled_screen.o(i.pix_w)
    i.pow                                    0x08004548   Section        0  pow.o(i.pow)
    i.pow1                                   0x08004f00   Section        0  oled_screen.o(i.pow1)
    i.sendMessage                            0x08004f28   Section        0  main.o(i.sendMessage)
    i.sqrt                                   0x08004f90   Section        0  sqrt.o(i.sqrt)
    i.str_inv                                0x08004fdc   Section        0  oled_screen.o(i.str_inv)
    i.timeexecute                            0x0800500c   Section        0  main.o(i.timeexecute)
    i.u3_printf                              0x0800509c   Section        0  usart3.o(i.u3_printf)
    i.uart_init                              0x080050ec   Section        0  usart.o(i.uart_init)
    i.usart3_init                            0x08005198   Section        0  usart3.o(i.usart3_init)
    i.usart3_rx                              0x08005260   Section        0  usart3.o(i.usart3_rx)
    i.usart3_set                             0x08005298   Section        0  usart3.o(i.usart3_set)
    .constdata                               0x0800535c   Section     2112  font_1.o(.constdata)
    .constdata                               0x08005ba0   Section      136  pow.o(.constdata)
    bp                                       0x08005ba0   Data          16  pow.o(.constdata)
    dp_h                                     0x08005bb0   Data          16  pow.o(.constdata)
    dp_l                                     0x08005bc0   Data          16  pow.o(.constdata)
    L                                        0x08005bd0   Data          48  pow.o(.constdata)
    P                                        0x08005c00   Data          40  pow.o(.constdata)
    .constdata                               0x08005c28   Section        8  qnan.o(.constdata)
    .data                                    0x20000000   Section      226  main.o(.data)
    .data                                    0x200000e4   Section       20  system_stm32f10x.o(.data)
    .data                                    0x200000f8   Section       20  stm32f10x_rcc.o(.data)
    APBAHBPrescTable                         0x200000f8   Data          16  stm32f10x_rcc.o(.data)
    ADCPrescTable                            0x20000108   Data           4  stm32f10x_rcc.o(.data)
    .data                                    0x2000010c   Section        8  usart3.o(.data)
    bound                                    0x20000110   Data           4  usart3.o(.data)
    .data                                    0x20000114   Section       18  ds1302.o(.data)
    .data                                    0x20000126   Section       37  caltime.o(.data)
    .data                                    0x2000014c   Section        4  delay.o(.data)
    fac_us                                   0x2000014c   Data           1  delay.o(.data)
    fac_ms                                   0x2000014e   Data           2  delay.o(.data)
    .data                                    0x20000150   Section       24  usart.o(.data)
    i                                        0x20000164   Data           4  usart.o(.data)
    .data                                    0x20000168   Section        4  oled_screen.o(.data)
    .data                                    0x2000016c   Section       39  lora_app.o(.data)
    Int_mode                                 0x20000185   Data           1  lora_app.o(.data)
    num                                      0x20000191   Data           1  lora_app.o(.data)
    num                                      0x20000192   Data           1  lora_app.o(.data)
    .data                                    0x20000194   Section        4  mvars.o(.data)
    .data                                    0x20000198   Section        4  mvars.o(.data)
    .data                                    0x2000019c   Section        4  errno.o(.data)
    _errno                                   0x2000019c   Data           4  errno.o(.data)
    .bss                                     0x200001a0   Section     1225  main.o(.bss)
    .bss                                     0x2000066c   Section     1640  usart3.o(.bss)
    .bss                                     0x20000cd4   Section       24  ds1302.o(.bss)
    .bss                                     0x20000cec   Section       18  caltime.o(.bss)
    .bss                                     0x20000cfe   Section      220  usart.o(.bss)
    HEAP                                     0x20000de0   Section      512  startup_stm32f10x_hd.o(HEAP)
    STACK                                    0x20000fe0   Section     1024  startup_stm32f10x_hd.o(STACK)

    Global Symbols

    Symbol Name                              Value     Ov Type        Size  Object(Section)

    BuildAttributes$$THM_ISAv4$P$D$K$B$S$PE$A:L22UL41UL21$X:L11$S22US41US21$IEEE1$IW$USESV6$~STKCKD$USESV7$~SHL$OTIME$ROPI$IEEEX$EBA8$MICROLIB$REQ8$PRES8$EABIv2 0x00000000   Number         0  anon$$obj.o ABSOLUTE
    __ARM_use_no_argv                        0x00000000   Number         0  main.o ABSOLUTE
    _printf_a                                0x00000000   Number         0  stubs.o ABSOLUTE
    _printf_c                                0x00000000   Number         0  stubs.o ABSOLUTE
    _printf_charcount                        0x00000000   Number         0  stubs.o ABSOLUTE
    _printf_d                                0x00000000   Number         0  stubs.o ABSOLUTE
    _printf_e                                0x00000000   Number         0  stubs.o ABSOLUTE
    _printf_f                                0x00000000   Number         0  stubs.o ABSOLUTE
    _printf_flags                            0x00000000   Number         0  stubs.o ABSOLUTE
    _printf_fp_dec                           0x00000000   Number         0  stubs.o ABSOLUTE
    _printf_fp_hex                           0x00000000   Number         0  stubs.o ABSOLUTE
    _printf_g                                0x00000000   Number         0  stubs.o ABSOLUTE
    _printf_i                                0x00000000   Number         0  stubs.o ABSOLUTE
    _printf_int_dec                          0x00000000   Number         0  stubs.o ABSOLUTE
    _printf_l                                0x00000000   Number         0  stubs.o ABSOLUTE
    _printf_lc                               0x00000000   Number         0  stubs.o ABSOLUTE
    _printf_ll                               0x00000000   Number         0  stubs.o ABSOLUTE
    _printf_lld                              0x00000000   Number         0  stubs.o ABSOLUTE
    _printf_lli                              0x00000000   Number         0  stubs.o ABSOLUTE
    _printf_llo                              0x00000000   Number         0  stubs.o ABSOLUTE
    _printf_llu                              0x00000000   Number         0  stubs.o ABSOLUTE
    _printf_llx                              0x00000000   Number         0  stubs.o ABSOLUTE
    _printf_longlong_dec                     0x00000000   Number         0  stubs.o ABSOLUTE
    _printf_longlong_hex                     0x00000000   Number         0  stubs.o ABSOLUTE
    _printf_longlong_oct                     0x00000000   Number         0  stubs.o ABSOLUTE
    _printf_ls                               0x00000000   Number         0  stubs.o ABSOLUTE
    _printf_mbtowc                           0x00000000   Number         0  stubs.o ABSOLUTE
    _printf_n                                0x00000000   Number         0  stubs.o ABSOLUTE
    _printf_o                                0x00000000   Number         0  stubs.o ABSOLUTE
    _printf_p                                0x00000000   Number         0  stubs.o ABSOLUTE
    _printf_percent                          0x00000000   Number         0  stubs.o ABSOLUTE
    _printf_pre_padding                      0x00000000   Number         0  stubs.o ABSOLUTE
    _printf_return_value                     0x00000000   Number         0  stubs.o ABSOLUTE
    _printf_s                                0x00000000   Number         0  stubs.o ABSOLUTE
    _printf_sizespec                         0x00000000   Number         0  stubs.o ABSOLUTE
    _printf_str                              0x00000000   Number         0  stubs.o ABSOLUTE
    _printf_truncate_signed                  0x00000000   Number         0  stubs.o ABSOLUTE
    _printf_truncate_unsigned                0x00000000   Number         0  stubs.o ABSOLUTE
    _printf_u                                0x00000000   Number         0  stubs.o ABSOLUTE
    _printf_wc                               0x00000000   Number         0  stubs.o ABSOLUTE
    _printf_wctomb                           0x00000000   Number         0  stubs.o ABSOLUTE
    _printf_widthprec                        0x00000000   Number         0  stubs.o ABSOLUTE
    _printf_x                                0x00000000   Number         0  stubs.o ABSOLUTE
    __cpp_initialize__aeabi_                  - Undefined Weak Reference
    __cxa_finalize                            - Undefined Weak Reference
    _clock_init                               - Undefined Weak Reference
    _microlib_exit                            - Undefined Weak Reference
    __Vectors_Size                           0x00000130   Number         0  startup_stm32f10x_hd.o ABSOLUTE
    __Vectors                                0x08000000   Data           4  startup_stm32f10x_hd.o(RESET)
    __Vectors_End                            0x08000130   Data           0  startup_stm32f10x_hd.o(RESET)
    __main                                   0x08000131   Thumb Code     0  entry.o(.ARM.Collect$$$$00000000)
    _main_stk                                0x08000131   Thumb Code     0  entry2.o(.ARM.Collect$$$$00000001)
    _main_scatterload                        0x08000135   Thumb Code     0  entry5.o(.ARM.Collect$$$$00000004)
    __main_after_scatterload                 0x08000139   Thumb Code     0  entry5.o(.ARM.Collect$$$$00000004)
    _main_clock                              0x08000139   Thumb Code     0  entry7b.o(.ARM.Collect$$$$00000008)
    _main_cpp_init                           0x08000139   Thumb Code     0  entry8b.o(.ARM.Collect$$$$0000000A)
    _main_init                               0x08000139   Thumb Code     0  entry9a.o(.ARM.Collect$$$$0000000B)
    __rt_final_cpp                           0x08000141   Thumb Code     0  entry10a.o(.ARM.Collect$$$$0000000D)
    __rt_final_exit                          0x08000141   Thumb Code     0  entry11a.o(.ARM.Collect$$$$0000000F)
    Reset_Handler                            0x08000145   Thumb Code     8  startup_stm32f10x_hd.o(.text)
    ADC1_2_IRQHandler                        0x0800015f   Thumb Code     0  startup_stm32f10x_hd.o(.text)
    ADC3_IRQHandler                          0x0800015f   Thumb Code     0  startup_stm32f10x_hd.o(.text)
    CAN1_RX1_IRQHandler                      0x0800015f   Thumb Code     0  startup_stm32f10x_hd.o(.text)
    CAN1_SCE_IRQHandler                      0x0800015f   Thumb Code     0  startup_stm32f10x_hd.o(.text)
    DMA1_Channel1_IRQHandler                 0x0800015f   Thumb Code     0  startup_stm32f10x_hd.o(.text)
    DMA1_Channel2_IRQHandler                 0x0800015f   Thumb Code     0  startup_stm32f10x_hd.o(.text)
    DMA1_Channel3_IRQHandler                 0x0800015f   Thumb Code     0  startup_stm32f10x_hd.o(.text)
    DMA1_Channel4_IRQHandler                 0x0800015f   Thumb Code     0  startup_stm32f10x_hd.o(.text)
    DMA1_Channel5_IRQHandler                 0x0800015f   Thumb Code     0  startup_stm32f10x_hd.o(.text)
    DMA1_Channel6_IRQHandler                 0x0800015f   Thumb Code     0  startup_stm32f10x_hd.o(.text)
    DMA1_Channel7_IRQHandler                 0x0800015f   Thumb Code     0  startup_stm32f10x_hd.o(.text)
    DMA2_Channel1_IRQHandler                 0x0800015f   Thumb Code     0  startup_stm32f10x_hd.o(.text)
    DMA2_Channel2_IRQHandler                 0x0800015f   Thumb Code     0  startup_stm32f10x_hd.o(.text)
    DMA2_Channel3_IRQHandler                 0x0800015f   Thumb Code     0  startup_stm32f10x_hd.o(.text)
    DMA2_Channel4_5_IRQHandler               0x0800015f   Thumb Code     0  startup_stm32f10x_hd.o(.text)
    EXTI0_IRQHandler                         0x0800015f   Thumb Code     0  startup_stm32f10x_hd.o(.text)
    EXTI15_10_IRQHandler                     0x0800015f   Thumb Code     0  startup_stm32f10x_hd.o(.text)
    EXTI1_IRQHandler                         0x0800015f   Thumb Code     0  startup_stm32f10x_hd.o(.text)
    EXTI2_IRQHandler                         0x0800015f   Thumb Code     0  startup_stm32f10x_hd.o(.text)
    EXTI3_IRQHandler                         0x0800015f   Thumb Code     0  startup_stm32f10x_hd.o(.text)
    EXTI9_5_IRQHandler                       0x0800015f   Thumb Code     0  startup_stm32f10x_hd.o(.text)
    FLASH_IRQHandler                         0x0800015f   Thumb Code     0  startup_stm32f10x_hd.o(.text)
    FSMC_IRQHandler                          0x0800015f   Thumb Code     0  startup_stm32f10x_hd.o(.text)
    I2C1_ER_IRQHandler                       0x0800015f   Thumb Code     0  startup_stm32f10x_hd.o(.text)
    I2C1_EV_IRQHandler                       0x0800015f   Thumb Code     0  startup_stm32f10x_hd.o(.text)
    I2C2_ER_IRQHandler                       0x0800015f   Thumb Code     0  startup_stm32f10x_hd.o(.text)
    I2C2_EV_IRQHandler                       0x0800015f   Thumb Code     0  startup_stm32f10x_hd.o(.text)
    PVD_IRQHandler                           0x0800015f   Thumb Code     0  startup_stm32f10x_hd.o(.text)
    RCC_IRQHandler                           0x0800015f   Thumb Code     0  startup_stm32f10x_hd.o(.text)
    RTCAlarm_IRQHandler                      0x0800015f   Thumb Code     0  startup_stm32f10x_hd.o(.text)
    RTC_IRQHandler                           0x0800015f   Thumb Code     0  startup_stm32f10x_hd.o(.text)
    SDIO_IRQHandler                          0x0800015f   Thumb Code     0  startup_stm32f10x_hd.o(.text)
    SPI1_IRQHandler                          0x0800015f   Thumb Code     0  startup_stm32f10x_hd.o(.text)
    SPI2_IRQHandler                          0x0800015f   Thumb Code     0  startup_stm32f10x_hd.o(.text)
    SPI3_IRQHandler                          0x0800015f   Thumb Code     0  startup_stm32f10x_hd.o(.text)
    TAMPER_IRQHandler                        0x0800015f   Thumb Code     0  startup_stm32f10x_hd.o(.text)
    TIM1_BRK_IRQHandler                      0x0800015f   Thumb Code     0  startup_stm32f10x_hd.o(.text)
    TIM1_CC_IRQHandler                       0x0800015f   Thumb Code     0  startup_stm32f10x_hd.o(.text)
    TIM1_TRG_COM_IRQHandler                  0x0800015f   Thumb Code     0  startup_stm32f10x_hd.o(.text)
    TIM2_IRQHandler                          0x0800015f   Thumb Code     0  startup_stm32f10x_hd.o(.text)
    TIM3_IRQHandler                          0x0800015f   Thumb Code     0  startup_stm32f10x_hd.o(.text)
    TIM4_IRQHandler                          0x0800015f   Thumb Code     0  startup_stm32f10x_hd.o(.text)
    TIM5_IRQHandler                          0x0800015f   Thumb Code     0  startup_stm32f10x_hd.o(.text)
    TIM6_IRQHandler                          0x0800015f   Thumb Code     0  startup_stm32f10x_hd.o(.text)
    TIM8_BRK_IRQHandler                      0x0800015f   Thumb Code     0  startup_stm32f10x_hd.o(.text)
    TIM8_CC_IRQHandler                       0x0800015f   Thumb Code     0  startup_stm32f10x_hd.o(.text)
    TIM8_TRG_COM_IRQHandler                  0x0800015f   Thumb Code     0  startup_stm32f10x_hd.o(.text)
    TIM8_UP_IRQHandler                       0x0800015f   Thumb Code     0  startup_stm32f10x_hd.o(.text)
    UART4_IRQHandler                         0x0800015f   Thumb Code     0  startup_stm32f10x_hd.o(.text)
    UART5_IRQHandler                         0x0800015f   Thumb Code     0  startup_stm32f10x_hd.o(.text)
    USART2_IRQHandler                        0x0800015f   Thumb Code     0  startup_stm32f10x_hd.o(.text)
    USBWakeUp_IRQHandler                     0x0800015f   Thumb Code     0  startup_stm32f10x_hd.o(.text)
    USB_HP_CAN1_TX_IRQHandler                0x0800015f   Thumb Code     0  startup_stm32f10x_hd.o(.text)
    USB_LP_CAN1_RX0_IRQHandler               0x0800015f   Thumb Code     0  startup_stm32f10x_hd.o(.text)
    WWDG_IRQHandler                          0x0800015f   Thumb Code     0  startup_stm32f10x_hd.o(.text)
    __aeabi_ldivmod                          0x08000169   Thumb Code    98  ldiv.o(.text)
    __aeabi_memset                           0x080001cb   Thumb Code    14  memseta.o(.text)
    __aeabi_memset4                          0x080001cb   Thumb Code     0  memseta.o(.text)
    __aeabi_memset8                          0x080001cb   Thumb Code     0  memseta.o(.text)
    __aeabi_memclr                           0x080001d9   Thumb Code     4  memseta.o(.text)
    __aeabi_memclr4                          0x080001d9   Thumb Code     0  memseta.o(.text)
    __aeabi_memclr8                          0x080001d9   Thumb Code     0  memseta.o(.text)
    _memset$wrapper                          0x080001dd   Thumb Code    18  memseta.o(.text)
    strcat                                   0x080001ef   Thumb Code    24  strcat.o(.text)
    strstr                                   0x08000207   Thumb Code    36  strstr.o(.text)
    strlen                                   0x0800022b   Thumb Code    14  strlen.o(.text)
    strncat                                  0x08000239   Thumb Code    40  strncat.o(.text)
    strcpy                                   0x08000261   Thumb Code    18  strcpy.o(.text)
    __aeabi_dadd                             0x08000273   Thumb Code   322  dadd.o(.text)
    __aeabi_dsub                             0x080003b5   Thumb Code     6  dadd.o(.text)
    __aeabi_drsub                            0x080003bb   Thumb Code     6  dadd.o(.text)
    __aeabi_dmul                             0x080003c1   Thumb Code   228  dmul.o(.text)
    __aeabi_ddiv                             0x080004a5   Thumb Code   222  ddiv.o(.text)
    __aeabi_i2d                              0x08000583   Thumb Code    34  dflti.o(.text)
    __aeabi_ui2d                             0x080005a5   Thumb Code    26  dfltui.o(.text)
    __aeabi_l2d                              0x080005bf   Thumb Code    40  dfltl.o(.text)
    __aeabi_d2uiz                            0x080005e7   Thumb Code    50  dfixui.o(.text)
    __aeabi_d2lz                             0x08000619   Thumb Code    74  dfixl.o(.text)
    __aeabi_cdrcmple                         0x08000665   Thumb Code    48  cdrcmple.o(.text)
    __aeabi_uidiv                            0x08000695   Thumb Code     0  uidiv.o(.text)
    __aeabi_uidivmod                         0x08000695   Thumb Code    44  uidiv.o(.text)
    __aeabi_uldivmod                         0x080006c1   Thumb Code    98  uldiv.o(.text)
    __aeabi_llsl                             0x08000723   Thumb Code    30  llshl.o(.text)
    _ll_shift_l                              0x08000723   Thumb Code     0  llshl.o(.text)
    __aeabi_llsr                             0x08000741   Thumb Code    32  llushr.o(.text)
    _ll_ushift_r                             0x08000741   Thumb Code     0  llushr.o(.text)
    __aeabi_lasr                             0x08000761   Thumb Code    36  llsshr.o(.text)
    _ll_sshift_r                             0x08000761   Thumb Code     0  llsshr.o(.text)
    __I$use$fp                               0x08000785   Thumb Code     0  iusefp.o(.text)
    _double_round                            0x08000785   Thumb Code    30  depilogue.o(.text)
    _double_epilogue                         0x080007a3   Thumb Code   156  depilogue.o(.text)
    __ARM_scalbn                             0x0800083f   Thumb Code    46  dscalb.o(.text)
    scalbn                                   0x0800083f   Thumb Code     0  dscalb.o(.text)
    __aeabi_d2ulz                            0x0800086d   Thumb Code    48  dfixul.o(.text)
    __scatterload                            0x0800089d   Thumb Code    28  init.o(.text)
    __scatterload_rt2                        0x0800089d   Thumb Code     0  init.o(.text)
    _dsqrt                                   0x080008c1   Thumb Code   162  dsqrt.o(.text)
    __decompress                             0x08000963   Thumb Code     0  __dczerorl2.o(.text)
    __decompress1                            0x08000963   Thumb Code    86  __dczerorl2.o(.text)
    A_B_exc                                  0x080009b9   Thumb Code    10  oled_screen.o(i.A_B_exc)
    Aux_Int                                  0x080009c5   Thumb Code    68  lora_app.o(i.Aux_Int)
    BUS_delay                                0x08000a15   Thumb Code    12  oled_screen.o(i.BUS_delay)
    BusFault_Handler                         0x08000a21   Thumb Code     4  stm32f10x_it.o(i.BusFault_Handler)
    Connect_OneNet                           0x08000a25   Thumb Code    30  main.o(i.Connect_OneNet)
    DHT11_Check                              0x08000a49   Thumb Code    92  dht11.o(i.DHT11_Check)
    DHT11_Init                               0x08000aad   Thumb Code    58  dht11.o(i.DHT11_Init)
    DHT11_Read_Bit                           0x08000aed   Thumb Code    70  dht11.o(i.DHT11_Read_Bit)
    DHT11_Read_Byte                          0x08000b39   Thumb Code    30  dht11.o(i.DHT11_Read_Byte)
    DHT11_Read_Data                          0x08000b57   Thumb Code    88  dht11.o(i.DHT11_Read_Data)
    DHT11_Rst                                0x08000bb1   Thumb Code    52  dht11.o(i.DHT11_Rst)
    DS1302_GetTime                           0x08000bf1   Thumb Code   304  ds1302.o(i.DS1302_GetTime)
    DS1302_Init                              0x08000d31   Thumb Code    52  ds1302.o(i.DS1302_Init)
    DS1302_ReadByte                          0x08000d6d   Thumb Code   190  ds1302.o(i.DS1302_ReadByte)
    DS1302_ReadTime                          0x08000e39   Thumb Code    68  ds1302.o(i.DS1302_ReadTime)
    DS1302_WriteByte                         0x08000e81   Thumb Code   174  ds1302.o(i.DS1302_WriteByte)
    DS1302_WriteTime                         0x08000f3d   Thumb Code   106  ds1302.o(i.DS1302_WriteTime)
    DebugMon_Handler                         0x08000fad   Thumb Code     2  stm32f10x_it.o(i.DebugMon_Handler)
    DrawRectangle                            0x08000faf   Thumb Code    68  oled_screen.o(i.DrawRectangle)
    EDP_DeleteBuffer                         0x08000ff3   Thumb Code    28  edpkit.o(i.EDP_DeleteBuffer)
    EDP_NewBuffer                            0x0800100f   Thumb Code    88  edpkit.o(i.EDP_NewBuffer)
    EDP_PacketConnect1                       0x08001069   Thumb Code   232  edpkit.o(i.EDP_PacketConnect1)
    EDP_PacketPing                           0x08001155   Thumb Code    58  edpkit.o(i.EDP_PacketPing)
    EDP_PacketSaveData                       0x0800118f   Thumb Code   468  edpkit.o(i.EDP_PacketSaveData)
    ESP8266Mode_init                         0x08001365   Thumb Code   178  esp8266.o(i.ESP8266Mode_init)
    ESP8266_GPIO_Init                        0x080014d5   Thumb Code    84  esp8266.o(i.ESP8266_GPIO_Init)
    ESP8266_SendData                         0x0800152d   Thumb Code    16  esp8266.o(i.ESP8266_SendData)
    EXTI4_IRQHandler                         0x0800153d   Thumb Code   106  lora_app.o(i.EXTI4_IRQHandler)
    EXTI_ClearITPendingBit                   0x080015b5   Thumb Code     6  stm32f10x_exti.o(i.EXTI_ClearITPendingBit)
    EXTI_GetITStatus                         0x080015c1   Thumb Code    34  stm32f10x_exti.o(i.EXTI_GetITStatus)
    EXTI_Init                                0x080015e9   Thumb Code   142  stm32f10x_exti.o(i.EXTI_Init)
    GPIO_EXTILineConfig                      0x0800167d   Thumb Code    60  stm32f10x_gpio.o(i.GPIO_EXTILineConfig)
    GPIO_Init                                0x080016bd   Thumb Code   278  stm32f10x_gpio.o(i.GPIO_Init)
    GPIO_PinRemapConfig                      0x080017d5   Thumb Code   138  stm32f10x_gpio.o(i.GPIO_PinRemapConfig)
    GPIO_ResetBits                           0x08001865   Thumb Code     4  stm32f10x_gpio.o(i.GPIO_ResetBits)
    GPIO_SetBits                             0x08001869   Thumb Code     4  stm32f10x_gpio.o(i.GPIO_SetBits)
    HardFault_Handler                        0x0800186d   Thumb Code     4  stm32f10x_it.o(i.HardFault_Handler)
    IIC_start                                0x08001871   Thumb Code    48  oled_screen.o(i.IIC_start)
    IIC_stop                                 0x080018a5   Thumb Code    48  oled_screen.o(i.IIC_stop)
    IIC_write                                0x080018d9   Thumb Code   422  oled_screen.o(i.IIC_write)
    LED_Init                                 0x08001a85   Thumb Code   118  led.o(i.LED_Init)
    Linit                                    0x08001b09   Thumb Code    34  lora_app.o(i.Linit)
    LoRa_Init                                0x08001b31   Thumb Code   228  lora_app.o(i.LoRa_Init)
    LoRa_Set                                 0x08001c35   Thumb Code   350  lora_app.o(i.LoRa_Set)
    Lrend                                    0x08001e19   Thumb Code   126  lora_app.o(i.Lrend)
    Lrun                                     0x08001ec1   Thumb Code    54  lora_app.o(i.Lrun)
    Lsend                                    0x08001f0d   Thumb Code   136  lora_app.o(i.Lsend)
    MemManage_Handler                        0x08001fad   Thumb Code     4  stm32f10x_it.o(i.MemManage_Handler)
    NMI_Handler                              0x08001fb1   Thumb Code     2  stm32f10x_it.o(i.NMI_Handler)
    NVIC_Init                                0x08001fb5   Thumb Code   100  misc.o(i.NVIC_Init)
    OLED_Fill                                0x08002025   Thumb Code    58  oled_screen.o(i.OLED_Fill)
    OLED_IO_Init                             0x08002061   Thumb Code    50  oled_screen.o(i.OLED_IO_Init)
    OLED_Init                                0x0800209d   Thumb Code   194  oled_screen.o(i.OLED_Init)
    OLED_cmd                                 0x0800215f   Thumb Code    32  oled_screen.o(i.OLED_cmd)
    OLED_dat                                 0x0800217f   Thumb Code    32  oled_screen.o(i.OLED_dat)
    OneNet_DevLink                           0x080021a1   Thumb Code    66  onenet.o(i.OneNet_DevLink)
    OneNet_FillBuf                           0x08002211   Thumb Code   110  onenet.o(i.OneNet_FillBuf)
    OneNet_FillStringBuf                     0x080022b1   Thumb Code    84  onenet.o(i.OneNet_FillStringBuf)
    OneNet_SendData                          0x08002319   Thumb Code   116  onenet.o(i.OneNet_SendData)
    OneNet_SendStringData                    0x080023a1   Thumb Code   116  onenet.o(i.OneNet_SendStringData)
    PendSV_Handler                           0x08002429   Thumb Code     2  stm32f10x_it.o(i.PendSV_Handler)
    PutChar_H16W8                            0x0800242d   Thumb Code   150  oled_screen.o(i.PutChar_H16W8)
    PutNum_H16W8                             0x080024c9   Thumb Code    94  oled_screen.o(i.PutNum_H16W8)
    PutStr_H16W8                             0x08002527   Thumb Code    36  oled_screen.o(i.PutStr_H16W8)
    RCC_APB1PeriphClockCmd                   0x0800254d   Thumb Code    26  stm32f10x_rcc.o(i.RCC_APB1PeriphClockCmd)
    RCC_APB1PeriphResetCmd                   0x0800256d   Thumb Code    26  stm32f10x_rcc.o(i.RCC_APB1PeriphResetCmd)
    RCC_APB2PeriphClockCmd                   0x0800258d   Thumb Code    26  stm32f10x_rcc.o(i.RCC_APB2PeriphClockCmd)
    RCC_APB2PeriphResetCmd                   0x080025ad   Thumb Code    26  stm32f10x_rcc.o(i.RCC_APB2PeriphResetCmd)
    RCC_GetClocksFreq                        0x080025cd   Thumb Code   192  stm32f10x_rcc.o(i.RCC_GetClocksFreq)
    Receive_AT_Data                          0x080026a1   Thumb Code    86  usart.o(i.Receive_AT_Data)
    Receive_Normal_Data                      0x08002715   Thumb Code   148  usart.o(i.Receive_Normal_Data)
    SVC_Handler                              0x080027bd   Thumb Code     2  stm32f10x_it.o(i.SVC_Handler)
    ScreenInit                               0x080027c1   Thumb Code    28  oled_screen.o(i.ScreenInit)
    ScreenRefresh                            0x080027e1   Thumb Code    64  oled_screen.o(i.ScreenRefresh)
    SendCmd                                  0x08002825   Thumb Code    90  esp8266.o(i.SendCmd)
    SysTick_CLKSourceConfig                  0x0800297d   Thumb Code    40  misc.o(i.SysTick_CLKSourceConfig)
    SysTick_Handler                          0x080029a5   Thumb Code     2  stm32f10x_it.o(i.SysTick_Handler)
    SystemInit                               0x080029a9   Thumb Code    78  system_stm32f10x.o(i.SystemInit)
    System_Init                              0x08002a09   Thumb Code   120  main.o(i.System_Init)
    TIM1_UP_IRQHandler                       0x08002ab9   Thumb Code    32  tim.o(i.TIM1_UP_IRQHandler)
    TIM7_IRQHandler                          0x08002ae1   Thumb Code    42  timer.o(i.TIM7_IRQHandler)
    TIM7_Int_Init                            0x08002b15   Thumb Code    90  timer.o(i.TIM7_Int_Init)
    TIM_ClearFlag                            0x08002b75   Thumb Code     6  stm32f10x_tim.o(i.TIM_ClearFlag)
    TIM_ClearITPendingBit                    0x08002b7b   Thumb Code     6  stm32f10x_tim.o(i.TIM_ClearITPendingBit)
    TIM_Cmd                                  0x08002b81   Thumb Code    24  stm32f10x_tim.o(i.TIM_Cmd)
    TIM_GetITStatus                          0x08002b99   Thumb Code    34  stm32f10x_tim.o(i.TIM_GetITStatus)
    TIM_ITConfig                             0x08002bbb   Thumb Code    18  stm32f10x_tim.o(i.TIM_ITConfig)
    TIM_SetCounter                           0x08002bcd   Thumb Code     4  stm32f10x_tim.o(i.TIM_SetCounter)
    TIM_TimeBaseInit                         0x08002bd1   Thumb Code   122  stm32f10x_tim.o(i.TIM_TimeBaseInit)
    Tim1_Init                                0x08002c75   Thumb Code   108  tim.o(i.Tim1_Init)
    USART1_IRQHandler                        0x08002ce5   Thumb Code   168  usart.o(i.USART1_IRQHandler)
    USART3_IRQHandler                        0x08002da5   Thumb Code    96  usart3.o(i.USART3_IRQHandler)
    USART_ClearFlag                          0x08002e15   Thumb Code    18  stm32f10x_usart.o(i.USART_ClearFlag)
    USART_ClearITPendingBit                  0x08002e27   Thumb Code    30  stm32f10x_usart.o(i.USART_ClearITPendingBit)
    USART_Cmd                                0x08002e45   Thumb Code    24  stm32f10x_usart.o(i.USART_Cmd)
    USART_DeInit                             0x08002e5d   Thumb Code   134  stm32f10x_usart.o(i.USART_DeInit)
    USART_GetFlagStatus                      0x08002ef9   Thumb Code    26  stm32f10x_usart.o(i.USART_GetFlagStatus)
    USART_GetITStatus                        0x08002f13   Thumb Code    84  stm32f10x_usart.o(i.USART_GetITStatus)
    USART_ITConfig                           0x08002f67   Thumb Code    74  stm32f10x_usart.o(i.USART_ITConfig)
    USART_Init                               0x08002fb1   Thumb Code   210  stm32f10x_usart.o(i.USART_Init)
    USART_ReceiveData                        0x08003089   Thumb Code    10  stm32f10x_usart.o(i.USART_ReceiveData)
    USART_SendData                           0x08003093   Thumb Code     8  stm32f10x_usart.o(i.USART_SendData)
    USART_Write                              0x0800309d   Thumb Code    50  esp8266.o(i.USART_Write)
    UsageFault_Handler                       0x080030d5   Thumb Code     4  stm32f10x_it.o(i.UsageFault_Handler)
    WriteRemainlen                           0x080030d9   Thumb Code    46  edpkit.o(i.WriteRemainlen)
    __0sprintf                               0x08003109   Thumb Code    34  printfa.o(i.__0sprintf)
    __1sprintf                               0x08003109   Thumb Code     0  printfa.o(i.__0sprintf)
    __2sprintf                               0x08003109   Thumb Code     0  printfa.o(i.__0sprintf)
    __c89sprintf                             0x08003109   Thumb Code     0  printfa.o(i.__0sprintf)
    sprintf                                  0x08003109   Thumb Code     0  printfa.o(i.__0sprintf)
    __0vsprintf                              0x08003131   Thumb Code    30  printfa.o(i.__0vsprintf)
    __1vsprintf                              0x08003131   Thumb Code     0  printfa.o(i.__0vsprintf)
    __2vsprintf                              0x08003131   Thumb Code     0  printfa.o(i.__0vsprintf)
    __c89vsprintf                            0x08003131   Thumb Code     0  printfa.o(i.__0vsprintf)
    vsprintf                                 0x08003131   Thumb Code     0  printfa.o(i.__0vsprintf)
    __ARM_fpclassify                         0x08003155   Thumb Code    40  fpclassify.o(i.__ARM_fpclassify)
    __kernel_poly                            0x0800317d   Thumb Code   170  poly.o(i.__kernel_poly)
    __mathlib_dbl_divzero                    0x08003229   Thumb Code    12  dunder.o(i.__mathlib_dbl_divzero)
    __mathlib_dbl_infnan2                    0x08003239   Thumb Code     4  dunder.o(i.__mathlib_dbl_infnan2)
    __mathlib_dbl_invalid                    0x0800323d   Thumb Code    12  dunder.o(i.__mathlib_dbl_invalid)
    __mathlib_dbl_overflow                   0x08003249   Thumb Code    14  dunder.o(i.__mathlib_dbl_overflow)
    __mathlib_dbl_underflow                  0x08003259   Thumb Code    10  dunder.o(i.__mathlib_dbl_underflow)
    __scatterload_copy                       0x08003269   Thumb Code    14  handlers.o(i.__scatterload_copy)
    __scatterload_null                       0x08003277   Thumb Code     2  handlers.o(i.__scatterload_null)
    __scatterload_zeroinit                   0x08003279   Thumb Code    14  handlers.o(i.__scatterload_zeroinit)
    __set_errno                              0x08003289   Thumb Code     6  errno.o(i.__set_errno)
    computertime                             0x08003b31   Thumb Code   154  caltime.o(i.computertime)
    decimal_str                              0x08003bdd   Thumb Code    40  oled_screen.o(i.decimal_str)
    decimal_str_0                            0x08003c05   Thumb Code   350  oled_screen.o(i.decimal_str_0)
    delay_init                               0x08003d65   Thumb Code    50  delay.o(i.delay_init)
    delay_ms                                 0x08003da9   Thumb Code    72  delay.o(i.delay_ms)
    delay_us                                 0x08003df5   Thumb Code    72  delay.o(i.delay_us)
    downtimeshow                             0x08003e41   Thumb Code   162  caltime.o(i.downtimeshow)
    find                                     0x08003ef1   Thumb Code   382  main.o(i.find)
    findCmd                                  0x0800408d   Thumb Code   176  main.o(i.findCmd)
    found                                    0x08004175   Thumb Code    78  findfun.o(i.found)
    foundnumber                              0x080041c9   Thumb Code   198  findfun.o(i.foundnumber)
    free                                     0x08004295   Thumb Code    76  malloc.o(i.free)
    lora_check_cmd                           0x080042e5   Thumb Code    44  lora_ui.o(i.lora_check_cmd)
    lora_send_cmd                            0x08004319   Thumb Code   112  lora_ui.o(i.lora_send_cmd)
    main                                     0x08004399   Thumb Code   192  main.o(i.main)
    malloc                                   0x0800448d   Thumb Code    92  malloc.o(i.malloc)
    pix_w                                    0x080044f9   Thumb Code    76  oled_screen.o(i.pix_w)
    pow                                      0x08004549   Thumb Code  2478  pow.o(i.pow)
    pow1                                     0x08004f01   Thumb Code    40  oled_screen.o(i.pow1)
    sendMessage                              0x08004f29   Thumb Code    74  main.o(i.sendMessage)
    sqrt                                     0x08004f91   Thumb Code    76  sqrt.o(i.sqrt)
    str_inv                                  0x08004fdd   Thumb Code    48  oled_screen.o(i.str_inv)
    timeexecute                              0x0800500d   Thumb Code   126  main.o(i.timeexecute)
    u3_printf                                0x0800509d   Thumb Code    72  usart3.o(i.u3_printf)
    uart_init                                0x080050ed   Thumb Code   162  usart.o(i.uart_init)
    usart3_init                              0x08005199   Thumb Code   178  usart3.o(i.usart3_init)
    usart3_rx                                0x08005261   Thumb Code    46  usart3.o(i.usart3_rx)
    usart3_set                               0x08005299   Thumb Code   182  usart3.o(i.usart3_set)
    H8W6                                     0x0800535c   Data         576  font_1.o(.constdata)
    H16W8                                    0x0800559c   Data        1536  font_1.o(.constdata)
    __mathlib_zero                           0x08005c28   Data           8  qnan.o(.constdata)
    Region$$Table$$Base                      0x08005c30   Number         0  anon$$obj.o(Region$$Table)
    Region$$Table$$Limit                     0x08005c50   Number         0  anon$$obj.o(Region$$Table)
    Heart_Pack                               0x20000000   Data           4  main.o(.data)
    AT_Mode                                  0x20000004   Data           1  main.o(.data)
    Contral_flag                             0x20000005   Data           1  main.o(.data)
    temperature                              0x20000006   Data           1  main.o(.data)
    humidity                                 0x20000007   Data           1  main.o(.data)
    teststring                               0x20000008   Data           1  main.o(.data)
    showflag                                 0x20000009   Data           1  main.o(.data)
    t1                                       0x2000000a   Data           4  main.o(.data)
    t2                                       0x2000000e   Data           4  main.o(.data)
    t3                                       0x20000012   Data           4  main.o(.data)
    t4                                       0x20000016   Data           4  main.o(.data)
    t5                                       0x2000001a   Data           4  main.o(.data)
    t6                                       0x2000001e   Data           4  main.o(.data)
    t7                                       0x20000022   Data           4  main.o(.data)
    t8                                       0x20000026   Data           4  main.o(.data)
    t9                                       0x2000002a   Data           4  main.o(.data)
    t10                                      0x2000002e   Data           7  main.o(.data)
    t11                                      0x20000035   Data           4  main.o(.data)
    t12                                      0x20000039   Data           4  main.o(.data)
    ZW_linkOk                                0x2000003d   Data          19  main.o(.data)
    ZW_commandReceive                        0x20000050   Data          20  main.o(.data)
    receiver                                 0x20000064   Data         120  main.o(.data)
    EDPFlag                                  0x200000dc   Data           3  main.o(.data)
    LorafFlag                                0x200000df   Data           3  main.o(.data)
    SystemCoreClock                          0x200000e4   Data           4  system_stm32f10x.o(.data)
    AHBPrescTable                            0x200000e8   Data          16  system_stm32f10x.o(.data)
    USART3_RX_STA                            0x2000010c   Data           2  usart3.o(.data)
    TimeData                                 0x20000114   Data           8  ds1302.o(.data)
    time_buf                                 0x2000011c   Data           8  ds1302.o(.data)
    sec_buf                                  0x20000124   Data           1  ds1302.o(.data)
    sec_flag                                 0x20000125   Data           1  ds1302.o(.data)
    formtime                                 0x20000126   Data           2  caltime.o(.data)
    downtime                                 0x20000128   Data           8  caltime.o(.data)
    realtime                                 0x20000130   Data           8  caltime.o(.data)
    timeArray                                0x20000138   Data           4  caltime.o(.data)
    Mnum                                     0x2000013c   Data           1  caltime.o(.data)
    dayArray                                 0x2000013d   Data           7  caltime.o(.data)
    flagArray                                0x20000144   Data           7  caltime.o(.data)
    Message_length                           0x20000150   Data           1  usart.o(.data)
    OneNet_Connect                           0x20000154   Data           4  usart.o(.data)
    Rx_count                                 0x20000158   Data           4  usart.o(.data)
    ok_flag                                  0x2000015c   Data           4  usart.o(.data)
    USART_RX_STA                             0x20000160   Data           2  usart.o(.data)
    DATABUF                                  0x20000168   Data           4  oled_screen.o(.data)
    LoRa_CFG                                 0x2000016c   Data          10  lora_app.o(.data)
    EXTI_InitStructure                       0x20000178   Data           8  lora_app.o(.data)
    NVIC_InitStructure                       0x20000180   Data           4  lora_app.o(.data)
    Lora_mode                                0x20000184   Data           1  lora_app.o(.data)
    Dire_Date                                0x20000186   Data           6  lora_app.o(.data)
    obj_addr                                 0x2000018c   Data           4  lora_app.o(.data)
    obj_chn                                  0x20000190   Data           1  lora_app.o(.data)
    __microlib_freelist                      0x20000194   Data           4  mvars.o(.data)
    __microlib_freelist_initialised          0x20000198   Data           4  mvars.o(.data)
    display                                  0x200001a0   Data        1025  main.o(.bss)
    SendData                                 0x200005a1   Data         100  main.o(.bss)
    store_receiver                           0x20000605   Data         100  main.o(.bss)
    USART3_RX_BUF                            0x2000066c   Data        1024  usart3.o(.bss)
    USART3_TX_BUF                            0x20000a6c   Data         600  usart3.o(.bss)
    USART_InitStructure                      0x20000cc4   Data          16  usart3.o(.bss)
    readtime                                 0x20000cd4   Data          15  ds1302.o(.bss)
    t                                        0x20000ce3   Data           9  ds1302.o(.bss)
    ddtime                                   0x20000cec   Data           9  caltime.o(.bss)
    Dtime                                    0x20000cf5   Data           9  caltime.o(.bss)
    Rx_Buff                                  0x20000cfe   Data         200  usart.o(.bss)
    Message_Buf                              0x20000dc6   Data          20  usart.o(.bss)
    __heap_base                              0x20000de0   Data           0  startup_stm32f10x_hd.o(HEAP)
    __heap_limit                             0x20000fe0   Data           0  startup_stm32f10x_hd.o(HEAP)
    __initial_sp                             0x200013e0   Data           0  startup_stm32f10x_hd.o(STACK)



==============================================================================

Memory Map of the image

  Image Entry point : 0x08000131

  Load Region LR_IROM1 (Base: 0x08000000, Size: 0x00005df0, Max: 0x00080000, ABSOLUTE, COMPRESSED[0x00005ce4])

    Execution Region ER_IROM1 (Base: 0x08000000, Size: 0x00005c50, Max: 0x00080000, ABSOLUTE)

    Base Addr    Size         Type   Attr      Idx    E Section Name        Object

    0x08000000   0x00000130   Data   RO          322    RESET               startup_stm32f10x_hd.o
    0x08000130   0x00000000   Code   RO         2527  * .ARM.Collect$$$$00000000  mc_w.l(entry.o)
    0x08000130   0x00000004   Code   RO         2884    .ARM.Collect$$$$00000001  mc_w.l(entry2.o)
    0x08000134   0x00000004   Code   RO         2887    .ARM.Collect$$$$00000004  mc_w.l(entry5.o)
    0x08000138   0x00000000   Code   RO         2889    .ARM.Collect$$$$00000008  mc_w.l(entry7b.o)
    0x08000138   0x00000000   Code   RO         2891    .ARM.Collect$$$$0000000A  mc_w.l(entry8b.o)
    0x08000138   0x00000008   Code   RO         2892    .ARM.Collect$$$$0000000B  mc_w.l(entry9a.o)
    0x08000140   0x00000000   Code   RO         2894    .ARM.Collect$$$$0000000D  mc_w.l(entry10a.o)
    0x08000140   0x00000000   Code   RO         2896    .ARM.Collect$$$$0000000F  mc_w.l(entry11a.o)
    0x08000140   0x00000004   Code   RO         2885    .ARM.Collect$$$$00002712  mc_w.l(entry2.o)
    0x08000144   0x00000024   Code   RO          323    .text               startup_stm32f10x_hd.o
    0x08000168   0x00000062   Code   RO         2530    .text               mc_w.l(ldiv.o)
    0x080001ca   0x00000024   Code   RO         2534    .text               mc_w.l(memseta.o)
    0x080001ee   0x00000018   Code   RO         2536    .text               mc_w.l(strcat.o)
    0x08000206   0x00000024   Code   RO         2538    .text               mc_w.l(strstr.o)
    0x0800022a   0x0000000e   Code   RO         2540    .text               mc_w.l(strlen.o)
    0x08000238   0x00000028   Code   RO         2542    .text               mc_w.l(strncat.o)
    0x08000260   0x00000012   Code   RO         2544    .text               mc_w.l(strcpy.o)
    0x08000272   0x0000014e   Code   RO         2837    .text               mf_w.l(dadd.o)
    0x080003c0   0x000000e4   Code   RO         2839    .text               mf_w.l(dmul.o)
    0x080004a4   0x000000de   Code   RO         2841    .text               mf_w.l(ddiv.o)
    0x08000582   0x00000022   Code   RO         2843    .text               mf_w.l(dflti.o)
    0x080005a4   0x0000001a   Code   RO         2845    .text               mf_w.l(dfltui.o)
    0x080005be   0x00000028   Code   RO         2847    .text               mf_w.l(dfltl.o)
    0x080005e6   0x00000032   Code   RO         2849    .text               mf_w.l(dfixui.o)
    0x08000618   0x0000004a   Code   RO         2851    .text               mf_w.l(dfixl.o)
    0x08000662   0x00000002   PAD
    0x08000664   0x00000030   Code   RO         2855    .text               mf_w.l(cdrcmple.o)
    0x08000694   0x0000002c   Code   RO         2901    .text               mc_w.l(uidiv.o)
    0x080006c0   0x00000062   Code   RO         2903    .text               mc_w.l(uldiv.o)
    0x08000722   0x0000001e   Code   RO         2905    .text               mc_w.l(llshl.o)
    0x08000740   0x00000020   Code   RO         2907    .text               mc_w.l(llushr.o)
    0x08000760   0x00000024   Code   RO         2909    .text               mc_w.l(llsshr.o)
    0x08000784   0x00000000   Code   RO         2920    .text               mc_w.l(iusefp.o)
    0x08000784   0x000000ba   Code   RO         2921    .text               mf_w.l(depilogue.o)
    0x0800083e   0x0000002e   Code   RO         2923    .text               mf_w.l(dscalb.o)
    0x0800086c   0x00000030   Code   RO         2925    .text               mf_w.l(dfixul.o)
    0x0800089c   0x00000024   Code   RO         2927    .text               mc_w.l(init.o)
    0x080008c0   0x000000a2   Code   RO         2931    .text               mf_w.l(dsqrt.o)
    0x08000962   0x00000056   Code   RO         2941    .text               mc_w.l(__dczerorl2.o)
    0x080009b8   0x0000000a   Code   RO         2137    i.A_B_exc           oled_screen.o
    0x080009c2   0x00000002   PAD
    0x080009c4   0x00000050   Code   RO         2376    i.Aux_Int           lora_app.o
    0x08000a14   0x0000000c   Code   RO         2138    i.BUS_delay         oled_screen.o
    0x08000a20   0x00000004   Code   RO          246    i.BusFault_Handler  stm32f10x_it.o
    0x08000a24   0x00000024   Code   RO            1    i.Connect_OneNet    main.o
    0x08000a48   0x00000064   Code   RO         1625    i.DHT11_Check       dht11.o
    0x08000aac   0x00000040   Code   RO         1626    i.DHT11_Init        dht11.o
    0x08000aec   0x0000004c   Code   RO         1627    i.DHT11_Read_Bit    dht11.o
    0x08000b38   0x0000001e   Code   RO         1628    i.DHT11_Read_Byte   dht11.o
    0x08000b56   0x00000058   Code   RO         1629    i.DHT11_Read_Data   dht11.o
    0x08000bae   0x00000002   PAD
    0x08000bb0   0x00000040   Code   RO         1630    i.DHT11_Rst         dht11.o
    0x08000bf0   0x00000140   Code   RO         1745    i.DS1302_GetTime    ds1302.o
    0x08000d30   0x0000003c   Code   RO         1746    i.DS1302_Init       ds1302.o
    0x08000d6c   0x000000cc   Code   RO         1747    i.DS1302_ReadByte   ds1302.o
    0x08000e38   0x00000048   Code   RO         1748    i.DS1302_ReadTime   ds1302.o
    0x08000e80   0x000000bc   Code   RO         1749    i.DS1302_WriteByte  ds1302.o
    0x08000f3c   0x00000070   Code   RO         1750    i.DS1302_WriteTime  ds1302.o
    0x08000fac   0x00000002   Code   RO          247    i.DebugMon_Handler  stm32f10x_it.o
    0x08000fae   0x00000044   Code   RO         2146    i.DrawRectangle     oled_screen.o
    0x08000ff2   0x0000001c   Code   RO         1979    i.EDP_DeleteBuffer  edpkit.o
    0x0800100e   0x00000058   Code   RO         1980    i.EDP_NewBuffer     edpkit.o
    0x08001066   0x00000002   PAD
    0x08001068   0x000000ec   Code   RO         1982    i.EDP_PacketConnect1  edpkit.o
    0x08001154   0x0000003a   Code   RO         1984    i.EDP_PacketPing    edpkit.o
    0x0800118e   0x000001d4   Code   RO         1986    i.EDP_PacketSaveData  edpkit.o
    0x08001362   0x00000002   PAD
    0x08001364   0x00000170   Code   RO         1940    i.ESP8266Mode_init  esp8266.o
    0x080014d4   0x00000058   Code   RO         1941    i.ESP8266_GPIO_Init  esp8266.o
    0x0800152c   0x00000010   Code   RO         1942    i.ESP8266_SendData  esp8266.o
    0x0800153c   0x00000078   Code   RO         2377    i.EXTI4_IRQHandler  lora_app.o
    0x080015b4   0x0000000c   Code   RO          390    i.EXTI_ClearITPendingBit  stm32f10x_exti.o
    0x080015c0   0x00000028   Code   RO          394    i.EXTI_GetITStatus  stm32f10x_exti.o
    0x080015e8   0x00000094   Code   RO          395    i.EXTI_Init         stm32f10x_exti.o
    0x0800167c   0x00000040   Code   RO          446    i.GPIO_EXTILineConfig  stm32f10x_gpio.o
    0x080016bc   0x00000116   Code   RO          449    i.GPIO_Init         stm32f10x_gpio.o
    0x080017d2   0x00000002   PAD
    0x080017d4   0x00000090   Code   RO          451    i.GPIO_PinRemapConfig  stm32f10x_gpio.o
    0x08001864   0x00000004   Code   RO          456    i.GPIO_ResetBits    stm32f10x_gpio.o
    0x08001868   0x00000004   Code   RO          457    i.GPIO_SetBits      stm32f10x_gpio.o
    0x0800186c   0x00000004   Code   RO          248    i.HardFault_Handler  stm32f10x_it.o
    0x08001870   0x00000034   Code   RO         2149    i.IIC_start         oled_screen.o
    0x080018a4   0x00000034   Code   RO         2150    i.IIC_stop          oled_screen.o
    0x080018d8   0x000001ac   Code   RO         2151    i.IIC_write         oled_screen.o
    0x08001a84   0x00000084   Code   RO         1605    i.LED_Init          led.o
    0x08001b08   0x00000028   Code   RO         2378    i.Linit             lora_app.o
    0x08001b30   0x00000104   Code   RO         2379    i.LoRa_Init         lora_app.o
    0x08001c34   0x000001e4   Code   RO         2383    i.LoRa_Set          lora_app.o
    0x08001e18   0x000000a8   Code   RO         2385    i.Lrend             lora_app.o
    0x08001ec0   0x0000004c   Code   RO         2386    i.Lrun              lora_app.o
    0x08001f0c   0x000000a0   Code   RO         2387    i.Lsend             lora_app.o
    0x08001fac   0x00000004   Code   RO          249    i.MemManage_Handler  stm32f10x_it.o
    0x08001fb0   0x00000002   Code   RO          250    i.NMI_Handler       stm32f10x_it.o
    0x08001fb2   0x00000002   PAD
    0x08001fb4   0x00000070   Code   RO          327    i.NVIC_Init         misc.o
    0x08002024   0x0000003a   Code   RO         2152    i.OLED_Fill         oled_screen.o
    0x0800205e   0x00000002   PAD
    0x08002060   0x0000003c   Code   RO         2153    i.OLED_IO_Init      oled_screen.o
    0x0800209c   0x000000c2   Code   RO         2154    i.OLED_Init         oled_screen.o
    0x0800215e   0x00000020   Code   RO         2155    i.OLED_cmd          oled_screen.o
    0x0800217e   0x00000020   Code   RO         2156    i.OLED_dat          oled_screen.o
    0x0800219e   0x00000002   PAD
    0x080021a0   0x00000070   Code   RO         2069    i.OneNet_DevLink    onenet.o
    0x08002210   0x000000a0   Code   RO         2070    i.OneNet_FillBuf    onenet.o
    0x080022b0   0x00000068   Code   RO         2071    i.OneNet_FillStringBuf  onenet.o
    0x08002318   0x00000088   Code   RO         2072    i.OneNet_SendData   onenet.o
    0x080023a0   0x00000088   Code   RO         2073    i.OneNet_SendStringData  onenet.o
    0x08002428   0x00000002   Code   RO          251    i.PendSV_Handler    stm32f10x_it.o
    0x0800242a   0x00000002   PAD
    0x0800242c   0x0000009c   Code   RO         2158    i.PutChar_H16W8     oled_screen.o
    0x080024c8   0x0000005e   Code   RO         2160    i.PutNum_H16W8      oled_screen.o
    0x08002526   0x00000024   Code   RO         2162    i.PutStr_H16W8      oled_screen.o
    0x0800254a   0x00000002   PAD
    0x0800254c   0x00000020   Code   RO          559    i.RCC_APB1PeriphClockCmd  stm32f10x_rcc.o
    0x0800256c   0x00000020   Code   RO          560    i.RCC_APB1PeriphResetCmd  stm32f10x_rcc.o
    0x0800258c   0x00000020   Code   RO          561    i.RCC_APB2PeriphClockCmd  stm32f10x_rcc.o
    0x080025ac   0x00000020   Code   RO          562    i.RCC_APB2PeriphResetCmd  stm32f10x_rcc.o
    0x080025cc   0x000000d4   Code   RO          569    i.RCC_GetClocksFreq  stm32f10x_rcc.o
    0x080026a0   0x00000074   Code   RO         1894    i.Receive_AT_Data   usart.o
    0x08002714   0x000000a8   Code   RO         1895    i.Receive_Normal_Data  usart.o
    0x080027bc   0x00000002   Code   RO          252    i.SVC_Handler       stm32f10x_it.o
    0x080027be   0x00000002   PAD
    0x080027c0   0x00000020   Code   RO         2164    i.ScreenInit        oled_screen.o
    0x080027e0   0x00000044   Code   RO         2165    i.ScreenRefresh     oled_screen.o
    0x08002824   0x00000070   Code   RO         1943    i.SendCmd           esp8266.o
    0x08002894   0x00000008   Code   RO          212    i.SetSysClock       system_stm32f10x.o
    0x0800289c   0x000000e0   Code   RO          213    i.SetSysClockTo72   system_stm32f10x.o
    0x0800297c   0x00000028   Code   RO          331    i.SysTick_CLKSourceConfig  misc.o
    0x080029a4   0x00000002   Code   RO          253    i.SysTick_Handler   stm32f10x_it.o
    0x080029a6   0x00000002   PAD
    0x080029a8   0x00000060   Code   RO          215    i.SystemInit        system_stm32f10x.o
    0x08002a08   0x000000b0   Code   RO            2    i.System_Init       main.o
    0x08002ab8   0x00000028   Code   RO         2112    i.TIM1_UP_IRQHandler  tim.o
    0x08002ae0   0x00000034   Code   RO         1720    i.TIM7_IRQHandler   timer.o
    0x08002b14   0x00000060   Code   RO         1721    i.TIM7_Int_Init     timer.o
    0x08002b74   0x00000006   Code   RO          767    i.TIM_ClearFlag     stm32f10x_tim.o
    0x08002b7a   0x00000006   Code   RO          768    i.TIM_ClearITPendingBit  stm32f10x_tim.o
    0x08002b80   0x00000018   Code   RO          773    i.TIM_Cmd           stm32f10x_tim.o
    0x08002b98   0x00000022   Code   RO          794    i.TIM_GetITStatus   stm32f10x_tim.o
    0x08002bba   0x00000012   Code   RO          798    i.TIM_ITConfig      stm32f10x_tim.o
    0x08002bcc   0x00000004   Code   RO          838    i.TIM_SetCounter    stm32f10x_tim.o
    0x08002bd0   0x000000a4   Code   RO          844    i.TIM_TimeBaseInit  stm32f10x_tim.o
    0x08002c74   0x00000070   Code   RO         2113    i.Tim1_Init         tim.o
    0x08002ce4   0x000000c0   Code   RO         1896    i.USART1_IRQHandler  usart.o
    0x08002da4   0x00000070   Code   RO         1667    i.USART3_IRQHandler  usart3.o
    0x08002e14   0x00000012   Code   RO         1305    i.USART_ClearFlag   stm32f10x_usart.o
    0x08002e26   0x0000001e   Code   RO         1306    i.USART_ClearITPendingBit  stm32f10x_usart.o
    0x08002e44   0x00000018   Code   RO         1309    i.USART_Cmd         stm32f10x_usart.o
    0x08002e5c   0x0000009c   Code   RO         1311    i.USART_DeInit      stm32f10x_usart.o
    0x08002ef8   0x0000001a   Code   RO         1312    i.USART_GetFlagStatus  stm32f10x_usart.o
    0x08002f12   0x00000054   Code   RO         1313    i.USART_GetITStatus  stm32f10x_usart.o
    0x08002f66   0x0000004a   Code   RO         1315    i.USART_ITConfig    stm32f10x_usart.o
    0x08002fb0   0x000000d8   Code   RO         1316    i.USART_Init        stm32f10x_usart.o
    0x08003088   0x0000000a   Code   RO         1323    i.USART_ReceiveData  stm32f10x_usart.o
    0x08003092   0x00000008   Code   RO         1326    i.USART_SendData    stm32f10x_usart.o
    0x0800309a   0x00000002   PAD
    0x0800309c   0x00000038   Code   RO         1944    i.USART_Write       esp8266.o
    0x080030d4   0x00000004   Code   RO          254    i.UsageFault_Handler  stm32f10x_it.o
    0x080030d8   0x0000002e   Code   RO         1992    i.WriteRemainlen    edpkit.o
    0x08003106   0x00000002   PAD
    0x08003108   0x00000028   Code   RO         2783    i.__0sprintf        mc_w.l(printfa.o)
    0x08003130   0x00000024   Code   RO         2787    i.__0vsprintf       mc_w.l(printfa.o)
    0x08003154   0x00000028   Code   RO         2871    i.__ARM_fpclassify  m_ws.l(fpclassify.o)
    0x0800317c   0x000000aa   Code   RO         2873    i.__kernel_poly     m_ws.l(poly.o)
    0x08003226   0x00000002   PAD
    0x08003228   0x00000010   Code   RO         2857    i.__mathlib_dbl_divzero  m_ws.l(dunder.o)
    0x08003238   0x00000004   Code   RO         2859    i.__mathlib_dbl_infnan2  m_ws.l(dunder.o)
    0x0800323c   0x0000000c   Code   RO         2860    i.__mathlib_dbl_invalid  m_ws.l(dunder.o)
    0x08003248   0x0000000e   Code   RO         2861    i.__mathlib_dbl_overflow  m_ws.l(dunder.o)
    0x08003256   0x00000002   PAD
    0x08003258   0x00000010   Code   RO         2863    i.__mathlib_dbl_underflow  m_ws.l(dunder.o)
    0x08003268   0x0000000e   Code   RO         2935    i.__scatterload_copy  mc_w.l(handlers.o)
    0x08003276   0x00000002   Code   RO         2936    i.__scatterload_null  mc_w.l(handlers.o)
    0x08003278   0x0000000e   Code   RO         2937    i.__scatterload_zeroinit  mc_w.l(handlers.o)
    0x08003286   0x00000002   PAD
    0x08003288   0x0000000c   Code   RO         2915    i.__set_errno       mc_w.l(errno.o)
    0x08003294   0x00000164   Code   RO         2788    i._fp_digits        mc_w.l(printfa.o)
    0x080033f8   0x000006dc   Code   RO         2789    i._printf_core      mc_w.l(printfa.o)
    0x08003ad4   0x00000024   Code   RO         2790    i._printf_post_padding  mc_w.l(printfa.o)
    0x08003af8   0x0000002e   Code   RO         2791    i._printf_pre_padding  mc_w.l(printfa.o)
    0x08003b26   0x0000000a   Code   RO         2793    i._sputc            mc_w.l(printfa.o)
    0x08003b30   0x000000ac   Code   RO         1821    i.computertime      caltime.o
    0x08003bdc   0x00000028   Code   RO         2167    i.decimal_str       oled_screen.o
    0x08003c04   0x0000015e   Code   RO         2168    i.decimal_str_0     oled_screen.o
    0x08003d62   0x00000002   PAD
    0x08003d64   0x00000044   Code   RO         1850    i.delay_init        delay.o
    0x08003da8   0x0000004c   Code   RO         1851    i.delay_ms          delay.o
    0x08003df4   0x0000004c   Code   RO         1852    i.delay_us          delay.o
    0x08003e40   0x000000b0   Code   RO         1822    i.downtimeshow      caltime.o
    0x08003ef0   0x0000019c   Code   RO            3    i.find              main.o
    0x0800408c   0x000000e8   Code   RO            4    i.findCmd           main.o
    0x08004174   0x00000054   Code   RO         1798    i.found             findfun.o
    0x080041c8   0x000000cc   Code   RO         1799    i.foundnumber       findfun.o
    0x08004294   0x00000050   Code   RO         2809    i.free              mc_w.l(malloc.o)
    0x080042e4   0x00000034   Code   RO         2476    i.lora_check_cmd    lora_ui.o
    0x08004318   0x00000080   Code   RO         2477    i.lora_send_cmd     lora_ui.o
    0x08004398   0x000000f4   Code   RO            5    i.main              main.o
    0x0800448c   0x0000006c   Code   RO         2810    i.malloc            mc_w.l(malloc.o)
    0x080044f8   0x00000050   Code   RO         2170    i.pix_w             oled_screen.o
    0x08004548   0x000009b8   Code   RO         2518    i.pow               m_ws.l(pow.o)
    0x08004f00   0x00000028   Code   RO         2171    i.pow1              oled_screen.o
    0x08004f28   0x00000068   Code   RO            6    i.sendMessage       main.o
    0x08004f90   0x0000004c   Code   RO         2877    i.sqrt              m_ws.l(sqrt.o)
    0x08004fdc   0x00000030   Code   RO         2172    i.str_inv           oled_screen.o
    0x0800500c   0x00000090   Code   RO            7    i.timeexecute       main.o
    0x0800509c   0x00000050   Code   RO         1668    i.u3_printf         usart3.o
    0x080050ec   0x000000ac   Code   RO         1897    i.uart_init         usart.o
    0x08005198   0x000000c8   Code   RO         1669    i.usart3_init       usart3.o
    0x08005260   0x00000038   Code   RO         1670    i.usart3_rx         usart3.o
    0x08005298   0x000000c4   Code   RO         1671    i.usart3_set        usart3.o
    0x0800535c   0x00000840   Data   RO         2130    .constdata          font_1.o
    0x08005b9c   0x00000004   PAD
    0x08005ba0   0x00000088   Data   RO         2519    .constdata          m_ws.l(pow.o)
    0x08005c28   0x00000008   Data   RO         2875    .constdata          m_ws.l(qnan.o)
    0x08005c30   0x00000020   Data   RO         2933    Region$$Table       anon$$obj.o


    Execution Region RW_IRAM1 (Base: 0x20000000, Size: 0x000013e0, Max: 0x00010000, ABSOLUTE, COMPRESSED[0x00000094])

    Base Addr    Size         Type   Attr      Idx    E Section Name        Object

    0x20000000   0x000000e2   Data   RW            9    .data               main.o
    0x200000e2   0x00000002   PAD
    0x200000e4   0x00000014   Data   RW          216    .data               system_stm32f10x.o
    0x200000f8   0x00000014   Data   RW          589    .data               stm32f10x_rcc.o
    0x2000010c   0x00000008   Data   RW         1673    .data               usart3.o
    0x20000114   0x00000012   Data   RW         1752    .data               ds1302.o
    0x20000126   0x00000025   Data   RW         1824    .data               caltime.o
    0x2000014b   0x00000001   PAD
    0x2000014c   0x00000004   Data   RW         1853    .data               delay.o
    0x20000150   0x00000018   Data   RW         1899    .data               usart.o
    0x20000168   0x00000004   Data   RW         2173    .data               oled_screen.o
    0x2000016c   0x00000027   Data   RW         2389    .data               lora_app.o
    0x20000193   0x00000001   PAD
    0x20000194   0x00000004   Data   RW         2911    .data               mc_w.l(mvars.o)
    0x20000198   0x00000004   Data   RW         2912    .data               mc_w.l(mvars.o)
    0x2000019c   0x00000004   Data   RW         2916    .data               mc_w.l(errno.o)
    0x200001a0   0x000004c9   Zero   RW            8    .bss                main.o
    0x20000669   0x00000003   PAD
    0x2000066c   0x00000668   Zero   RW         1672    .bss                usart3.o
    0x20000cd4   0x00000018   Zero   RW         1751    .bss                ds1302.o
    0x20000cec   0x00000012   Zero   RW         1823    .bss                caltime.o
    0x20000cfe   0x000000dc   Zero   RW         1898    .bss                usart.o
    0x20000dda   0x00000006   PAD
    0x20000de0   0x00000200   Zero   RW          321    HEAP                startup_stm32f10x_hd.o
    0x20000fe0   0x00000400   Zero   RW          320    STACK               startup_stm32f10x_hd.o


==============================================================================

Image component sizes


      Code (inc. data)   RO Data    RW Data    ZI Data      Debug   Object Name

       348         32          0         37         18       2402   caltime.o
         0          0          0          0          0         32   core_cm3.o
       220         26          0          4          0       1999   delay.o
       422         32          0          0          0       4340   dht11.o
       956         62          0         18         24       6045   ds1302.o
       924          4          0          0          0       5231   edpkit.o
       640        222          0          0          0       3258   esp8266.o
       288         12          0          0          0       1662   findfun.o
         0          0       2112          0          0        649   font_1.o
       132         14          0          0          0        603   led.o
      1388        286          0         39          0       7800   lora_app.o
       180         24          0          0          0       1421   lora_ui.o
      1348        248          0        226       1225      57636   main.o
       152         12          0          0          0     208854   misc.o
      1942         42          0          4          0      16282   oled_screen.o
       648        156          0          0          0       4827   onenet.o
        36          8        304          0       1536        852   startup_stm32f10x_hd.o
       200         18          0          0          0       2300   stm32f10x_exti.o
       494         10          0          0          0       4776   stm32f10x_gpio.o
        26          0          0          0          0       4370   stm32f10x_it.o
       340         44          0         20          0       5956   stm32f10x_rcc.o
       256         42          0          0          0       5039   stm32f10x_tim.o
       646         28          0          0          0       8484   stm32f10x_usart.o
       328         28          0         20          0       2457   system_stm32f10x.o
       152         12          0          0          0       1201   tim.o
       148         16          0          0          0       1266   timer.o
       648         84          0         24        220       3818   usart.o
       644         78          0          8       1640       5275   usart3.o

    ----------------------------------------------------------------------
     13536       1540       2452        404       4672     368835   Object Totals
         0          0         32          0          0          0   (incl. Generated)
        30          0          4          4          9          0   (incl. Padding)

    ----------------------------------------------------------------------

      Code (inc. data)   RO Data    RW Data    ZI Data      Debug   Library Member Name

        62         10          0          0          0        340   dunder.o
        40          0          0          0          0         68   fpclassify.o
       170          0          0          0          0         96   poly.o
      2488        190        136          0          0        300   pow.o
         0          0          8          0          0          0   qnan.o
        76          0          0          0          0         84   sqrt.o
        86          0          0          0          0          0   __dczerorl2.o
         0          0          0          0          0          0   entry.o
         0          0          0          0          0          0   entry10a.o
         0          0          0          0          0          0   entry11a.o
         8          4          0          0          0          0   entry2.o
         4          0          0          0          0          0   entry5.o
         0          0          0          0          0          0   entry7b.o
         0          0          0          0          0          0   entry8b.o
         8          4          0          0          0          0   entry9a.o
        12          6          0          4          0         68   errno.o
        30          0          0          0          0          0   handlers.o
        36          8          0          0          0         68   init.o
         0          0          0          0          0          0   iusefp.o
        98          0          0          0          0         84   ldiv.o
        30          0          0          0          0         68   llshl.o
        36          0          0          0          0         68   llsshr.o
        32          0          0          0          0         68   llushr.o
       188         20          0          0          0        160   malloc.o
        36          0          0          0          0        108   memseta.o
         0          0          0          8          0          0   mvars.o
      2280         92          0          0          0        592   printfa.o
        24          0          0          0          0         68   strcat.o
        18          0          0          0          0         68   strcpy.o
        14          0          0          0          0         68   strlen.o
        40          0          0          0          0         76   strncat.o
        36          0          0          0          0         80   strstr.o
        44          0          0          0          0         80   uidiv.o
        98          0          0          0          0         92   uldiv.o
        48          0          0          0          0         68   cdrcmple.o
       334          0          0          0          0        148   dadd.o
       222          0          0          0          0        100   ddiv.o
       186          0          0          0          0        176   depilogue.o
        74          0          0          0          0         80   dfixl.o
        50          0          0          0          0         76   dfixui.o
        48          0          0          0          0         68   dfixul.o
        34          0          0          0          0         76   dflti.o
        40          0          0          0          0         80   dfltl.o
        26          0          0          0          0         76   dfltui.o
       228          0          0          0          0         96   dmul.o
        46          0          0          0          0         80   dscalb.o
       162          0          0          0          0        100   dsqrt.o

    ----------------------------------------------------------------------
      7500        334        144         12          0       3928   Library Totals
         8          0          0          0          0          0   (incl. Padding)

    ----------------------------------------------------------------------

      Code (inc. data)   RO Data    RW Data    ZI Data      Debug   Library Name

      2836        200        144          0          0        888   m_ws.l
      3158        134          0         12          0       1816   mc_w.l
      1498          0          0          0          0       1224   mf_w.l

    ----------------------------------------------------------------------
      7500        334        144         12          0       3928   Library Totals

    ----------------------------------------------------------------------

==============================================================================


      Code (inc. data)   RO Data    RW Data    ZI Data      Debug   

     21036       1874       2596        416       4672     364207   Grand Totals
     21036       1874       2596        148       4672     364207   ELF Image Totals (compressed)
     21036       1874       2596        148          0          0   ROM Totals

==============================================================================

    Total RO  Size (Code + RO Data)                23632 (  23.08kB)
    Total RW  Size (RW Data + ZI Data)              5088 (   4.97kB)
    Total ROM Size (Code + RO Data + RW Data)      23780 (  23.22kB)

==============================================================================

