Component: ARM Compiler 5.05 update 1 (build 106) Tool: armlink [4d0efa]

==============================================================================

Section Cross References

    main.o(i.Connect_OneNet) refers to delay.o(i.delay_ms) for delay_ms
    main.o(i.Connect_OneNet) refers to onenet.o(i.OneNet_DevLink) for OneNet_DevLink
    main.o(i.Connect_OneNet) refers to usart.o(.data) for OneNet_Connect
    main.o(i.System_Init) refers to delay.o(i.delay_init) for delay_init
    main.o(i.System_Init) refers to usart.o(i.uart_init) for uart_init
    main.o(i.System_Init) refers to led.o(i.LED_Init) for LED_Init
    main.o(i.System_Init) refers to oled_screen.o(i.ScreenInit) for ScreenInit
    main.o(i.System_Init) refers to oled_screen.o(i.PutStr_H16W8) for PutStr_H16W8
    main.o(i.System_Init) refers to lora_app.o(i.Linit) for Linit
    main.o(i.System_Init) refers to oled_screen.o(i.ScreenRefresh) for ScreenRefresh
    main.o(i.System_Init) refers to dht11.o(i.DHT11_Init) for DHT11_Init
    main.o(i.System_Init) refers to oled_screen.o(i.DrawRectangle) for DrawRectangle
    main.o(i.System_Init) refers to esp8266.o(i.ESP8266_GPIO_Init) for ESP8266_GPIO_Init
    main.o(i.System_Init) refers to esp8266.o(i.ESP8266Mode_init) for ESP8266Mode_init
    main.o(i.System_Init) refers to tim.o(i.Tim1_Init) for Tim1_Init
    main.o(i.System_Init) refers to main.o(.bss) for display
    main.o(i.main) refers to main.o(i.System_Init) for System_Init
    main.o(i.main) refers to main.o(i.Connect_OneNet) for Connect_OneNet
    main.o(i.main) refers to oled_screen.o(i.PutStr_H16W8) for PutStr_H16W8
    main.o(i.main) refers to oled_screen.o(i.ScreenRefresh) for ScreenRefresh
    main.o(i.main) refers to delay.o(i.delay_ms) for delay_ms
    main.o(i.main) refers to edpkit.o(i.EDP_PacketPing) for EDP_PacketPing
    main.o(i.main) refers to memcpya.o(.text) for __aeabi_memcpy4
    main.o(i.main) refers to printfa.o(i.__0sprintf) for __2sprintf
    main.o(i.main) refers to memseta.o(.text) for __aeabi_memclr
    main.o(i.main) refers to strstr.o(.text) for strstr
    main.o(i.main) refers to onenet.o(i.OneNet_SendData) for OneNet_SendData
    main.o(i.main) refers to stm32f10x_gpio.o(i.GPIO_SetBits) for GPIO_SetBits
    main.o(i.main) refers to stm32f10x_gpio.o(i.GPIO_ResetBits) for GPIO_ResetBits
    main.o(i.main) refers to lora_app.o(i.Lrun) for Lrun
    main.o(i.main) refers to dht11.o(i.DHT11_Read_Data) for DHT11_Read_Data
    main.o(i.main) refers to oled_screen.o(i.PutChar_H16W8) for PutChar_H16W8
    main.o(i.main) refers to main.o(.data) for Heart_Pack
    main.o(i.main) refers to usart.o(.data) for USART_RX_STA
    main.o(i.main) refers to main.o(.constdata) for .constdata
    main.o(i.main) refers to usart.o(.bss) for Message_Buf
    system_stm32f10x.o(i.SetSysClock) refers to system_stm32f10x.o(i.SetSysClockTo72) for SetSysClockTo72
    system_stm32f10x.o(i.SystemCoreClockUpdate) refers to system_stm32f10x.o(.data) for SystemCoreClock
    system_stm32f10x.o(i.SystemInit) refers to system_stm32f10x.o(i.SetSysClock) for SetSysClock
    startup_stm32f10x_hd.o(RESET) refers to startup_stm32f10x_hd.o(STACK) for __initial_sp
    startup_stm32f10x_hd.o(RESET) refers to startup_stm32f10x_hd.o(.text) for Reset_Handler
    startup_stm32f10x_hd.o(RESET) refers to stm32f10x_it.o(i.NMI_Handler) for NMI_Handler
    startup_stm32f10x_hd.o(RESET) refers to stm32f10x_it.o(i.HardFault_Handler) for HardFault_Handler
    startup_stm32f10x_hd.o(RESET) refers to stm32f10x_it.o(i.MemManage_Handler) for MemManage_Handler
    startup_stm32f10x_hd.o(RESET) refers to stm32f10x_it.o(i.BusFault_Handler) for BusFault_Handler
    startup_stm32f10x_hd.o(RESET) refers to stm32f10x_it.o(i.UsageFault_Handler) for UsageFault_Handler
    startup_stm32f10x_hd.o(RESET) refers to stm32f10x_it.o(i.SVC_Handler) for SVC_Handler
    startup_stm32f10x_hd.o(RESET) refers to stm32f10x_it.o(i.DebugMon_Handler) for DebugMon_Handler
    startup_stm32f10x_hd.o(RESET) refers to stm32f10x_it.o(i.PendSV_Handler) for PendSV_Handler
    startup_stm32f10x_hd.o(RESET) refers to stm32f10x_it.o(i.SysTick_Handler) for SysTick_Handler
    startup_stm32f10x_hd.o(RESET) refers to lora_app.o(i.EXTI4_IRQHandler) for EXTI4_IRQHandler
    startup_stm32f10x_hd.o(RESET) refers to tim.o(i.TIM1_UP_IRQHandler) for TIM1_UP_IRQHandler
    startup_stm32f10x_hd.o(RESET) refers to usart.o(i.USART1_IRQHandler) for USART1_IRQHandler
    startup_stm32f10x_hd.o(RESET) refers to usart3.o(i.USART3_IRQHandler) for USART3_IRQHandler
    startup_stm32f10x_hd.o(RESET) refers to timer.o(i.TIM7_IRQHandler) for TIM7_IRQHandler
    startup_stm32f10x_hd.o(.text) refers to system_stm32f10x.o(i.SystemInit) for SystemInit
    startup_stm32f10x_hd.o(.text) refers to entry.o(.ARM.Collect$$$$00000000) for __main
    stm32f10x_gpio.o(i.GPIO_AFIODeInit) refers to stm32f10x_rcc.o(i.RCC_APB2PeriphResetCmd) for RCC_APB2PeriphResetCmd
[...]
    Removing stm32f10x_gpio.o(i.GPIO_ReadOutputDataBit), (18 bytes).
    Removing stm32f10x_gpio.o(i.GPIO_StructInit), (16 bytes).
    Removing stm32f10x_gpio.o(i.GPIO_Write), (4 bytes).
    Removing stm32f10x_gpio.o(i.GPIO_WriteBit), (10 bytes).
    Removing stm32f10x_rcc.o(i.RCC_ADCCLKConfig), (24 bytes).
    Removing stm32f10x_rcc.o(i.RCC_AHBPeriphClockCmd), (32 bytes).
    Removing stm32f10x_rcc.o(i.RCC_AdjustHSICalibrationValue), (24 bytes).
    Removing stm32f10x_rcc.o(i.RCC_BackupResetCmd), (12 bytes).
    Removing stm32f10x_rcc.o(i.RCC_ClearFlag), (20 bytes).
    Removing stm32f10x_rcc.o(i.RCC_ClearITPendingBit), (12 bytes).
    Removing stm32f10x_rcc.o(i.RCC_ClockSecuritySystemCmd), (12 bytes).
    Removing stm32f10x_rcc.o(i.RCC_DeInit), (76 bytes).
    Removing stm32f10x_rcc.o(i.RCC_GetFlagStatus), (60 bytes).
    Removing stm32f10x_rcc.o(i.RCC_GetITStatus), (24 bytes).
    Removing stm32f10x_rcc.o(i.RCC_GetSYSCLKSource), (16 bytes).
    Removing stm32f10x_rcc.o(i.RCC_HCLKConfig), (24 bytes).
    Removing stm32f10x_rcc.o(i.RCC_HSEConfig), (76 bytes).
    Removing stm32f10x_rcc.o(i.RCC_HSICmd), (12 bytes).
    Removing stm32f10x_rcc.o(i.RCC_ITConfig), (32 bytes).
    Removing stm32f10x_rcc.o(i.RCC_LSEConfig), (52 bytes).
    Removing stm32f10x_rcc.o(i.RCC_LSICmd), (12 bytes).
    Removing stm32f10x_rcc.o(i.RCC_MCOConfig), (12 bytes).
    Removing stm32f10x_rcc.o(i.RCC_PCLK1Config), (24 bytes).
    Removing stm32f10x_rcc.o(i.RCC_PCLK2Config), (24 bytes).
    Removing stm32f10x_rcc.o(i.RCC_PLLCmd), (12 bytes).
    Removing stm32f10x_rcc.o(i.RCC_PLLConfig), (28 bytes).
    Removing stm32f10x_rcc.o(i.RCC_RTCCLKCmd), (12 bytes).
    Removing stm32f10x_rcc.o(i.RCC_RTCCLKConfig), (16 bytes).
    Removing stm32f10x_rcc.o(i.RCC_SYSCLKConfig), (24 bytes).
    Removing stm32f10x_rcc.o(i.RCC_USBCLKConfig), (12 bytes).
    Removing stm32f10x_rcc.o(i.RCC_WaitForHSEStartUp), (56 bytes).
    Removing stm32f10x_tim.o(i.TI1_Config), (128 bytes).
    Removing stm32f10x_tim.o(i.TI2_Config), (152 bytes).
    Removing stm32f10x_tim.o(i.TI3_Config), (144 bytes).
    Removing stm32f10x_tim.o(i.TI4_Config), (152 bytes).
    Removing stm32f10x_tim.o(i.TIM_ARRPreloadConfig), (24 bytes).
    Removing stm32f10x_tim.o(i.TIM_BDTRConfig), (32 bytes).
    Removing stm32f10x_tim.o(i.TIM_BDTRStructInit), (18 bytes).
    Removing stm32f10x_tim.o(i.TIM_CCPreloadControl), (24 bytes).
    Removing stm32f10x_tim.o(i.TIM_CCxCmd), (30 bytes).
    Removing stm32f10x_tim.o(i.TIM_CCxNCmd), (30 bytes).
    Removing stm32f10x_tim.o(i.TIM_ClearOC1Ref), (18 bytes).
    Removing stm32f10x_tim.o(i.TIM_ClearOC2Ref), (24 bytes).
    Removing stm32f10x_tim.o(i.TIM_ClearOC3Ref), (18 bytes).
    Removing stm32f10x_tim.o(i.TIM_ClearOC4Ref), (24 bytes).
    Removing stm32f10x_tim.o(i.TIM_CounterModeConfig), (18 bytes).
    Removing stm32f10x_tim.o(i.TIM_CtrlPWMOutputs), (30 bytes).
    Removing stm32f10x_tim.o(i.TIM_DMACmd), (18 bytes).
    Removing stm32f10x_tim.o(i.TIM_DMAConfig), (10 bytes).
    Removing stm32f10x_tim.o(i.TIM_DeInit), (488 bytes).
    Removing stm32f10x_tim.o(i.TIM_ETRClockMode1Config), (54 bytes).
    Removing stm32f10x_tim.o(i.TIM_ETRClockMode2Config), (32 bytes).
    Removing stm32f10x_tim.o(i.TIM_ETRConfig), (28 bytes).
    Removing stm32f10x_tim.o(i.TIM_EncoderInterfaceConfig), (66 bytes).
    Removing stm32f10x_tim.o(i.TIM_ForcedOC1Config), (18 bytes).
    Removing stm32f10x_tim.o(i.TIM_ForcedOC2Config), (26 bytes).
    Removing stm32f10x_tim.o(i.TIM_ForcedOC3Config), (18 bytes).
    Removing stm32f10x_tim.o(i.TIM_ForcedOC4Config), (26 bytes).
    Removing stm32f10x_tim.o(i.TIM_GenerateEvent), (4 bytes).
    Removing stm32f10x_tim.o(i.TIM_GetCapture1), (6 bytes).
    Removing stm32f10x_tim.o(i.TIM_GetCapture2), (6 bytes).
    Removing stm32f10x_tim.o(i.TIM_GetCapture3), (6 bytes).
    Removing stm32f10x_tim.o(i.TIM_GetCapture4), (8 bytes).
    Removing stm32f10x_tim.o(i.TIM_GetCounter), (6 bytes).
    Removing stm32f10x_tim.o(i.TIM_GetFlagStatus), (18 bytes).
    Removing stm32f10x_tim.o(i.TIM_GetPrescaler), (6 bytes).
    Removing stm32f10x_tim.o(i.TIM_ICInit), (172 bytes).
    Removing stm32f10x_tim.o(i.TIM_ICStructInit), (18 bytes).
    Removing stm32f10x_tim.o(i.TIM_ITRxExternalClockConfig), (24 bytes).
    Removing stm32f10x_tim.o(i.TIM_InternalClockConfig), (12 bytes).
    Removing stm32f10x_tim.o(i.TIM_OC1FastConfig), (18 bytes).
    Removing stm32f10x_tim.o(i.TIM_OC1Init), (152 bytes).
    Removing stm32f10x_tim.o(i.TIM_OC1NPolarityConfig), (18 bytes).
    Removing stm32f10x_tim.o(i.TIM_OC1PolarityConfig), (18 bytes).
    Removing stm32f10x_tim.o(i.TIM_OC1PreloadConfig), (18 bytes).
    Removing stm32f10x_tim.o(i.TIM_OC2FastConfig), (26 bytes).
    Removing stm32f10x_tim.o(i.TIM_OC2Init), (164 bytes).
    Removing stm32f10x_tim.o(i.TIM_OC2NPolarityConfig), (26 bytes).
    Removing stm32f10x_tim.o(i.TIM_OC2PolarityConfig), (26 bytes).
    Removing stm32f10x_tim.o(i.TIM_OC2PreloadConfig), (26 bytes).
    Removing stm32f10x_tim.o(i.TIM_OC3FastConfig), (18 bytes).
    Removing stm32f10x_tim.o(i.TIM_OC3Init), (160 bytes).
    Removing stm32f10x_tim.o(i.TIM_OC3NPolarityConfig), (26 bytes).
    Removing stm32f10x_tim.o(i.TIM_OC3PolarityConfig), (26 bytes).
    Removing stm32f10x_tim.o(i.TIM_OC3PreloadConfig), (18 bytes).
    Removing stm32f10x_tim.o(i.TIM_OC4FastConfig), (26 bytes).
    Removing stm32f10x_tim.o(i.TIM_OC4Init), (124 bytes).
    Removing stm32f10x_tim.o(i.TIM_OC4PolarityConfig), (26 bytes).
    Removing stm32f10x_tim.o(i.TIM_OC4PreloadConfig), (26 bytes).
    Removing stm32f10x_tim.o(i.TIM_OCStructInit), (20 bytes).
    Removing stm32f10x_tim.o(i.TIM_PWMIConfig), (124 bytes).
    Removing stm32f10x_tim.o(i.TIM_PrescalerConfig), (6 bytes).
    Removing stm32f10x_tim.o(i.TIM_SelectCCDMA), (24 bytes).
    Removing stm32f10x_tim.o(i.TIM_SelectCOM), (24 bytes).
    Removing stm32f10x_tim.o(i.TIM_SelectHallSensor), (24 bytes).
    Removing stm32f10x_tim.o(i.TIM_SelectInputTrigger), (18 bytes).
    Removing stm32f10x_tim.o(i.TIM_SelectMasterSlaveMode), (18 bytes).
    Removing stm32f10x_tim.o(i.TIM_SelectOCxM), (82 bytes).
    Removing stm32f10x_tim.o(i.TIM_SelectOnePulseMode), (18 bytes).
    Removing stm32f10x_tim.o(i.TIM_SelectOutputTrigger), (18 bytes).
    Removing stm32f10x_tim.o(i.TIM_SelectSlaveMode), (18 bytes).
    Removing stm32f10x_tim.o(i.TIM_SetAutoreload), (4 bytes).
    Removing stm32f10x_tim.o(i.TIM_SetClockDivision), (18 bytes).
    Removing stm32f10x_tim.o(i.TIM_SetCompare1), (4 bytes).
    Removing stm32f10x_tim.o(i.TIM_SetCompare2), (4 bytes).
    Removing stm32f10x_tim.o(i.TIM_SetCompare3), (4 bytes).
    Removing stm32f10x_tim.o(i.TIM_SetCompare4), (6 bytes).
    Removing stm32f10x_tim.o(i.TIM_SetIC1Prescaler), (18 bytes).
    Removing stm32f10x_tim.o(i.TIM_SetIC2Prescaler), (26 bytes).
    Removing stm32f10x_tim.o(i.TIM_SetIC3Prescaler), (18 bytes).
    Removing stm32f10x_tim.o(i.TIM_SetIC4Prescaler), (26 bytes).
    Removing stm32f10x_tim.o(i.TIM_TIxExternalClockConfig), (62 bytes).
    Removing stm32f10x_tim.o(i.TIM_TimeBaseStructInit), (18 bytes).
    Removing stm32f10x_tim.o(i.TIM_UpdateDisableConfig), (24 bytes).
    Removing stm32f10x_tim.o(i.TIM_UpdateRequestConfig), (24 bytes).
    Removing stm32f10x_usart.o(i.USART_ClockInit), (34 bytes).
    Removing stm32f10x_usart.o(i.USART_ClockStructInit), (12 bytes).
    Removing stm32f10x_usart.o(i.USART_DMACmd), (18 bytes).
    Removing stm32f10x_usart.o(i.USART_HalfDuplexCmd), (24 bytes).
    Removing stm32f10x_usart.o(i.USART_IrDACmd), (24 bytes).
    Removing stm32f10x_usart.o(i.USART_IrDAConfig), (18 bytes).
    Removing stm32f10x_usart.o(i.USART_LINBreakDetectLengthConfig), (18 bytes).
    Removing stm32f10x_usart.o(i.USART_LINCmd), (24 bytes).
    Removing stm32f10x_usart.o(i.USART_OneBitMethodCmd), (24 bytes).
    Removing stm32f10x_usart.o(i.USART_OverSampling8Cmd), (22 bytes).
    Removing stm32f10x_usart.o(i.USART_ReceiverWakeUpCmd), (24 bytes).
    Removing stm32f10x_usart.o(i.USART_SendBreak), (10 bytes).
    Removing stm32f10x_usart.o(i.USART_SetAddress), (18 bytes).
    Removing stm32f10x_usart.o(i.USART_SetGuardTime), (16 bytes).
    Removing stm32f10x_usart.o(i.USART_SetPrescaler), (16 bytes).
    Removing stm32f10x_usart.o(i.USART_SmartCardCmd), (24 bytes).
    Removing stm32f10x_usart.o(i.USART_SmartCardNACKCmd), (24 bytes).
    Removing stm32f10x_usart.o(i.USART_StructInit), (24 bytes).
    Removing stm32f10x_usart.o(i.USART_WakeUpConfig), (18 bytes).
    Removing stm32f10x_fsmc.o(i.FSMC_ClearFlag), (64 bytes).
    Removing stm32f10x_fsmc.o(i.FSMC_ClearITPendingBit), (72 bytes).
    Removing stm32f10x_fsmc.o(i.FSMC_GetECC), (28 bytes).
    Removing stm32f10x_fsmc.o(i.FSMC_GetFlagStatus), (56 bytes).
    Removing stm32f10x_fsmc.o(i.FSMC_GetITStatus), (68 bytes).
    Removing stm32f10x_fsmc.o(i.FSMC_ITConfig), (128 bytes).
    Removing stm32f10x_fsmc.o(i.FSMC_NANDCmd), (92 bytes).
    Removing stm32f10x_fsmc.o(i.FSMC_NANDDeInit), (68 bytes).
    Removing stm32f10x_fsmc.o(i.FSMC_NANDECCCmd), (92 bytes).
    Removing stm32f10x_fsmc.o(i.FSMC_NANDInit), (136 bytes).
    Removing stm32f10x_fsmc.o(i.FSMC_NANDStructInit), (54 bytes).
    Removing stm32f10x_fsmc.o(i.FSMC_NORSRAMCmd), (52 bytes).
    Removing stm32f10x_fsmc.o(i.FSMC_NORSRAMDeInit), (54 bytes).
    Removing stm32f10x_fsmc.o(i.FSMC_NORSRAMInit), (230 bytes).
    Removing stm32f10x_fsmc.o(i.FSMC_NORSRAMStructInit), (114 bytes).
    Removing stm32f10x_fsmc.o(i.FSMC_PCCARDCmd), (48 bytes).
    Removing stm32f10x_fsmc.o(i.FSMC_PCCARDDeInit), (40 bytes).
    Removing stm32f10x_fsmc.o(i.FSMC_PCCARDInit), (132 bytes).
    Removing stm32f10x_fsmc.o(i.FSMC_PCCARDStructInit), (60 bytes).
    Removing timer.o(i.TIM7_SetARR), (40 bytes).
    Removing sys.o(i.NVIC_Configuration), (12 bytes).
    Removing sys.o(i.inttohex), (104 bytes).
    Removing edpkit.o(i.EDP_PacketCmdResp), (192 bytes).
    Removing edpkit.o(i.EDP_PacketConnect2), (252 bytes).
    Removing edpkit.o(i.EDP_PacketPushData), (188 bytes).
    Removing edpkit.o(i.EDP_UnPacketCmd), (214 bytes).
    Removing edpkit.o(i.EDP_UnPacketConnectRsp), (6 bytes).
    Removing edpkit.o(i.EDP_UnPacketPushData), (176 bytes).
    Removing edpkit.o(i.EDP_UnPacketRecv), (6 bytes).
    Removing edpkit.o(i.ReadRemainlen), (62 bytes).
    Removing oled_screen.o(i.A_B_exc), (10 bytes).
    Removing oled_screen.o(i.BrightnessSet), (66 bytes).
    Removing oled_screen.o(i.ColorReversal), (20 bytes).
    Removing oled_screen.o(i.DisplayPicture), (102 bytes).
    Removing oled_screen.o(i.DisplayStateSet), (110 bytes).
    Removing oled_screen.o(i.DrawDot), (32 bytes).
    Removing oled_screen.o(i.DrawLine), (604 bytes).
    Removing oled_screen.o(i.DrawPicture), (84 bytes).
    Removing oled_screen.o(i.FlipHorizontal), (20 bytes).
    Removing oled_screen.o(i.FlipVertical), (20 bytes).
    Removing oled_screen.o(i.OLED_locat), (36 bytes).
    Removing oled_screen.o(i.PutChar_H8W6), (104 bytes).
    Removing oled_screen.o(i.PutNum_H16W8), (94 bytes).
    Removing oled_screen.o(i.PutNum_H8W6), (94 bytes).
    Removing oled_screen.o(i.PutStr_H8W6), (36 bytes).
    Removing oled_screen.o(i.VerticalOffset), (20 bytes).
    Removing oled_screen.o(i.decimal_str), (40 bytes).
    Removing oled_screen.o(i.decimal_str_0), (350 bytes).
    Removing oled_screen.o(i.pix_r), (32 bytes).
    Removing oled_screen.o(i.pow1), (40 bytes).
    Removing oled_screen.o(i.str_inv), (48 bytes).
    Removing pictures.o(.constdata), (2048 bytes).
    Removing lora_app.o(i.LoRa_Process), (68 bytes).
    Removing lora_app.o(i.LoRa_ReceData), (224 bytes).
    Removing lora_app.o(i.LoRa_SendData), (192 bytes).
    Removing lora_app.o(i.Lora_Test), (40 bytes).
    Removing lora_app.o(.bss), (60 bytes).
    Removing lora_ui.o(i.char2hex_buff), (32 bytes).
    Removing lora_ui.o(i.chr2hex), (54 bytes).
    Removing lora_ui.o(i.hexbuff_num), (182 bytes).
    Removing dflti.o(.text), (34 bytes).
    Removing dfltui.o(.text), (26 bytes).
    Removing dfltl.o(.text), (40 bytes).
    Removing dfixui.o(.text), (50 bytes).
    Removing dfixl.o(.text), (74 bytes).
    Removing cdcmple.o(.text), (48 bytes).

219 unused section(s) (total 13382 bytes) removed from the image.

==============================================================================

Image Symbol Table

    Local Symbols

    Symbol Name                              Value     Ov Type        Size  Object(Section)

    ../clib/microlib/division.c              0x00000000   Number         0  uldiv.o ABSOLUTE
    ../clib/microlib/division.c              0x00000000   Number         0  ldiv.o ABSOLUTE
    ../clib/microlib/division.c              0x00000000   Number         0  uidiv.o ABSOLUTE
    ../clib/microlib/init/entry.s            0x00000000   Number         0  entry5.o ABSOLUTE
    ../clib/microlib/init/entry.s            0x00000000   Number         0  entry10a.o ABSOLUTE
    ../clib/microlib/init/entry.s            0x00000000   Number         0  entry11b.o ABSOLUTE
    ../clib/microlib/init/entry.s            0x00000000   Number         0  entry9b.o ABSOLUTE
    ../clib/microlib/init/entry.s            0x00000000   Number         0  entry2.o ABSOLUTE
    ../clib/microlib/init/entry.s            0x00000000   Number         0  entry9a.o ABSOLUTE
    ../clib/microlib/init/entry.s            0x00000000   Number         0  entry11a.o ABSOLUTE
    ../clib/microlib/init/entry.s            0x00000000   Number         0  entry10b.o ABSOLUTE
    ../clib/microlib/init/entry.s            0x00000000   Number         0  entry8b.o ABSOLUTE
    ../clib/microlib/init/entry.s            0x00000000   Number         0  entry8a.o ABSOLUTE
    ../clib/microlib/init/entry.s            0x00000000   Number         0  entry.o ABSOLUTE
    ../clib/microlib/init/entry.s            0x00000000   Number         0  entry7b.o ABSOLUTE
    ../clib/microlib/init/entry.s            0x00000000   Number         0  entry7a.o ABSOLUTE
    ../clib/microlib/longlong.c              0x00000000   Number         0  llsshr.o ABSOLUTE
    ../clib/microlib/longlong.c              0x00000000   Number         0  llshl.o ABSOLUTE
    ../clib/microlib/longlong.c              0x00000000   Number         0  llushr.o ABSOLUTE
    ../clib/microlib/malloc/malloc.c         0x00000000   Number         0  malloca.o ABSOLUTE
    ../clib/microlib/malloc/malloc.c         0x00000000   Number         0  mallocra.o ABSOLUTE
    ../clib/microlib/malloc/malloc.c         0x00000000   Number         0  malloc.o ABSOLUTE
    ../clib/microlib/malloc/malloc.c         0x00000000   Number         0  mallocr.o ABSOLUTE
    ../clib/microlib/malloc/mvars.c          0x00000000   Number         0  mvars.o ABSOLUTE
    ../clib/microlib/printf/printf.c         0x00000000   Number         0  printf6.o ABSOLUTE
    ../clib/microlib/printf/printf.c         0x00000000   Number         0  printf8.o ABSOLUTE
    ../clib/microlib/printf/printf.c         0x00000000   Number         0  printf5.o ABSOLUTE
    ../clib/microlib/printf/printf.c         0x00000000   Number         0  printf4.o ABSOLUTE
    ../clib/microlib/printf/printf.c         0x00000000   Number         0  printf3.o ABSOLUTE
    ../clib/microlib/printf/printf.c         0x00000000   Number         0  printfb.o ABSOLUTE
    ../clib/microlib/printf/printf.c         0x00000000   Number         0  printfa.o ABSOLUTE
    ../clib/microlib/printf/printf.c         0x00000000   Number         0  printf1.o ABSOLUTE
    ../clib/microlib/printf/printf.c         0x00000000   Number         0  printf2.o ABSOLUTE
    ../clib/microlib/printf/printf.c         0x00000000   Number         0  printf0.o ABSOLUTE
    ../clib/microlib/printf/printf.c         0x00000000   Number         0  printf7.o ABSOLUTE
    ../clib/microlib/printf/stubs.s          0x00000000   Number         0  stubs.o ABSOLUTE
    ../clib/microlib/stdio/fputc.c           0x00000000   Number         0  fputc.o ABSOLUTE
    ../clib/microlib/stdio/semi.s            0x00000000   Number         0  semi.o ABSOLUTE
    ../clib/microlib/stdio/streams.c         0x00000000   Number         0  stdout.o ABSOLUTE
    ../clib/microlib/string/memcpy.c         0x00000000   Number         0  memcpyb.o ABSOLUTE
    ../clib/microlib/string/memcpy.c         0x00000000   Number         0  memcpya.o ABSOLUTE
    ../clib/microlib/string/memset.c         0x00000000   Number         0  memseta.o ABSOLUTE
    ../clib/microlib/string/strcat.c         0x00000000   Number         0  strcat.o ABSOLUTE
    ../clib/microlib/string/strlen.c         0x00000000   Number         0  strlen.o ABSOLUTE
    ../clib/microlib/string/strncat.c        0x00000000   Number         0  strncat.o ABSOLUTE
    ../clib/microlib/string/strstr.c         0x00000000   Number         0  strstr.o ABSOLUTE
    ../clib/microlib/stubs.s                 0x00000000   Number         0  iusefp.o ABSOLUTE
    ../clib/microlib/stubs.s                 0x00000000   Number         0  iusesemip.o ABSOLUTE
    ../fplib/microlib/fpadd.c                0x00000000   Number         0  dadd.o ABSOLUTE
    ../fplib/microlib/fpdiv.c                0x00000000   Number         0  ddiv.o ABSOLUTE
    ../fplib/microlib/fpepilogue.c           0x00000000   Number         0  depilogue.o ABSOLUTE
    ../fplib/microlib/fpfix.c                0x00000000   Number         0  dfixul.o ABSOLUTE
    ../fplib/microlib/fpfix.c                0x00000000   Number         0  dfixl.o ABSOLUTE
    ../fplib/microlib/fpfix.c                0x00000000   Number         0  dfixui.o ABSOLUTE
    ../fplib/microlib/fpflt.c                0x00000000   Number         0  dfltl.o ABSOLUTE
    ../fplib/microlib/fpflt.c                0x00000000   Number         0  dfltui.o ABSOLUTE
    ../fplib/microlib/fpflt.c                0x00000000   Number         0  dflti.o ABSOLUTE
    ../fplib/microlib/fpmul.c                0x00000000   Number         0  dmul.o ABSOLUTE
    ..\CORE\core_cm3.c                       0x00000000   Number         0  core_cm3.o ABSOLUTE
    ..\CORE\startup_stm32f10x_hd.s           0x00000000   Number         0  startup_stm32f10x_hd.o ABSOLUTE
    ..\EDP\EdpKit.c                          0x00000000   Number         0  edpkit.o ABSOLUTE
    ..\EDP\onenet.c                          0x00000000   Number         0  onenet.o ABSOLUTE
    ..\ESP8266\esp8266.c                     0x00000000   Number         0  esp8266.o ABSOLUTE
    ..\HARDWARE\LED\led.c                    0x00000000   Number         0  led.o ABSOLUTE
    ..\HARDWARE\OLED_Screen\Font.c           0x00000000   Number         0  font_1.o ABSOLUTE
    ..\HARDWARE\OLED_Screen\OLED_Screen.c    0x00000000   Number         0  oled_screen.o ABSOLUTE
    ..\HARDWARE\OLED_Screen\Pictures.c       0x00000000   Number         0  pictures.o ABSOLUTE
    ..\HARDWARE\TIMER\timer.c                0x00000000   Number         0  timer.o ABSOLUTE
    ..\HARDWARE\USART3\usart3.c              0x00000000   Number         0  usart3.o ABSOLUTE
    ..\HARDWARE\dht11\dht11.c                0x00000000   Number         0  dht11.o ABSOLUTE
    ..\LORA\lora_app.c                       0x00000000   Number         0  lora_app.o ABSOLUTE
    ..\LORA\lora_ui.c                        0x00000000   Number         0  lora_ui.o ABSOLUTE
    ..\STM32\src\misc.c                      0x00000000   Number         0  misc.o ABSOLUTE
    ..\STM32\src\stm32f10x_exti.c            0x00000000   Number         0  stm32f10x_exti.o ABSOLUTE
    ..\STM32\src\stm32f10x_fsmc.c            0x00000000   Number         0  stm32f10x_fsmc.o ABSOLUTE
    ..\STM32\src\stm32f10x_gpio.c            0x00000000   Number         0  stm32f10x_gpio.o ABSOLUTE
    ..\STM32\src\stm32f10x_rcc.c             0x00000000   Number         0  stm32f10x_rcc.o ABSOLUTE
    ..\STM32\src\stm32f10x_tim.c             0x00000000   Number         0  stm32f10x_tim.o ABSOLUTE
    ..\STM32\src\stm32f10x_usart.c           0x00000000   Number         0  stm32f10x_usart.o ABSOLUTE
    ..\SYSTEM\delay\delay.c                  0x00000000   Number         0  delay.o ABSOLUTE
    ..\SYSTEM\sys\sys.c                      0x00000000   Number         0  sys.o ABSOLUTE
    ..\SYSTEM\usart\usart.c                  0x00000000   Number         0  usart.o ABSOLUTE
    ..\TIM\Tim.c                             0x00000000   Number         0  tim.o ABSOLUTE
    ..\\CORE\\core_cm3.c                     0x00000000   Number         0  core_cm3.o ABSOLUTE
    cdcmple.s                                0x00000000   Number         0  cdcmple.o ABSOLUTE
    cdrcmple.s                               0x00000000   Number         0  cdrcmple.o ABSOLUTE
    dc.s                                     0x00000000   Number         0  dc.o ABSOLUTE
    handlers.s                               0x00000000   Number         0  handlers.o ABSOLUTE
    init.s                                   0x00000000   Number         0  init.o ABSOLUTE
    main.c                                   0x00000000   Number         0  main.o ABSOLUTE
    stm32f10x_it.c                           0x00000000   Number         0  stm32f10x_it.o ABSOLUTE
    system_stm32f10x.c                       0x00000000   Number         0  system_stm32f10x.o ABSOLUTE
    RESET                                    0x08000000   Section      304  startup_stm32f10x_hd.o(RESET)
    .ARM.Collect$$$$00000000                 0x08000130   Section        0  entry.o(.ARM.Collect$$$$00000000)
    .ARM.Collect$$$$00000001                 0x08000130   Section        4  entry2.o(.ARM.Collect$$$$00000001)
    .ARM.Collect$$$$00000004                 0x08000134   Section        4  entry5.o(.ARM.Collect$$$$00000004)
    .ARM.Collect$$$$00000008                 0x08000138   Section        0  entry7b.o(.ARM.Collect$$$$00000008)
    .ARM.Collect$$$$0000000A                 0x08000138   Section        0  entry8b.o(.ARM.Collect$$$$0000000A)
    .ARM.Collect$$$$0000000B                 0x08000138   Section        8  entry9a.o(.ARM.Collect$$$$0000000B)
    .ARM.Collect$$$$0000000D                 0x08000140   Section        0  entry10a.o(.ARM.Collect$$$$0000000D)
    .ARM.Collect$$$$0000000F                 0x08000140   Section        0  entry11a.o(.ARM.Collect$$$$0000000F)
    .ARM.Collect$$$$00002712                 0x08000140   Section        4  entry2.o(.ARM.Collect$$$$00002712)
    __lit__00000000                          0x08000140   Data           4  entry2.o(.ARM.Collect$$$$00002712)
    .text                                    0x08000144   Section       36  startup_stm32f10x_hd.o(.text)
    .text                                    0x08000168   Section        0  memcpya.o(.text)
    .text                                    0x0800018c   Section        0  memseta.o(.text)
    .text                                    0x080001b0   Section        0  strcat.o(.text)
    .text                                    0x080001c8   Section        0  strstr.o(.text)
    .text                                    0x080001ec   Section        0  strlen.o(.text)
    .text                                    0x080001fa   Section        0  strncat.o(.text)
    .text                                    0x08000222   Section        0  dadd.o(.text)
    .text                                    0x08000370   Section        0  dmul.o(.text)
    .text                                    0x08000454   Section        0  ddiv.o(.text)
    .text                                    0x08000534   Section       48  cdrcmple.o(.text)
    .text                                    0x08000564   Section        0  uidiv.o(.text)
    .text                                    0x08000590   Section        0  uldiv.o(.text)
    .text                                    0x080005f2   Section        0  llshl.o(.text)
    .text                                    0x08000610   Section        0  llushr.o(.text)
    .text                                    0x08000630   Section        0  llsshr.o(.text)
    .text                                    0x08000654   Section        0  iusefp.o(.text)
    .text                                    0x08000654   Section        0  depilogue.o(.text)
    .text                                    0x0800070e   Section        0  dfixul.o(.text)
    .text                                    0x08000740   Section       36  init.o(.text)
    i.Aux_Int                                0x08000764   Section        0  lora_app.o(i.Aux_Int)
    i.BUS_delay                              0x080007b4   Section        0  oled_screen.o(i.BUS_delay)
    i.BusFault_Handler                       0x080007c0   Section        0  stm32f10x_it.o(i.BusFault_Handler)
    i.Connect_OneNet                         0x080007c4   Section        0  main.o(i.Connect_OneNet)
    i.DHT11_Check                            0x080007e8   Section        0  dht11.o(i.DHT11_Check)
    i.DHT11_Init                             0x0800084c   Section        0  dht11.o(i.DHT11_Init)
    i.DHT11_Read_Bit                         0x0800088c   Section        0  dht11.o(i.DHT11_Read_Bit)
    i.DHT11_Read_Byte                        0x080008d8   Section        0  dht11.o(i.DHT11_Read_Byte)
    i.DHT11_Read_Data                        0x080008f6   Section        0  dht11.o(i.DHT11_Read_Data)
    i.DHT11_Rst                              0x08000950   Section        0  dht11.o(i.DHT11_Rst)
    i.DebugMon_Handler                       0x08000990   Section        0  stm32f10x_it.o(i.DebugMon_Handler)
    i.DrawRectangle                          0x08000992   Section        0  oled_screen.o(i.DrawRectangle)
    i.EDP_DeleteBuffer                       0x080009d6   Section        0  edpkit.o(i.EDP_DeleteBuffer)
    i.EDP_NewBuffer                          0x080009f2   Section        0  edpkit.o(i.EDP_NewBuffer)
    i.EDP_PacketConnect1                     0x08000a4c   Section        0  edpkit.o(i.EDP_PacketConnect1)
    i.EDP_PacketPing                         0x08000b38   Section        0  edpkit.o(i.EDP_PacketPing)
    i.EDP_PacketSaveData                     0x08000b72   Section        0  edpkit.o(i.EDP_PacketSaveData)
    i.ESP8266Mode_init                       0x08000d48   Section        0  esp8266.o(i.ESP8266Mode_init)
    i.ESP8266_GPIO_Init                      0x08000ee0   Section        0  esp8266.o(i.ESP8266_GPIO_Init)
    i.ESP8266_SendData                       0x08000f38   Section        0  esp8266.o(i.ESP8266_SendData)
    i.EXTI4_IRQHandler                       0x08000f48   Section        0  lora_app.o(i.EXTI4_IRQHandler)
    i.EXTI_ClearITPendingBit                 0x08000fc0   Section        0  stm32f10x_exti.o(i.EXTI_ClearITPendingBit)
    i.EXTI_GetITStatus                       0x08000fcc   Section        0  stm32f10x_exti.o(i.EXTI_GetITStatus)
    i.EXTI_Init                              0x08000ff4   Section        0  stm32f10x_exti.o(i.EXTI_Init)
    i.GPIO_EXTILineConfig                    0x08001088   Section        0  stm32f10x_gpio.o(i.GPIO_EXTILineConfig)
    i.GPIO_Init                              0x080010c8   Section        0  stm32f10x_gpio.o(i.GPIO_Init)
    i.GPIO_PinRemapConfig                    0x080011e0   Section        0  stm32f10x_gpio.o(i.GPIO_PinRemapConfig)
    i.GPIO_ResetBits                         0x08001270   Section        0  stm32f10x_gpio.o(i.GPIO_ResetBits)
    i.GPIO_SetBits                           0x08001274   Section        0  stm32f10x_gpio.o(i.GPIO_SetBits)
    i.HardFault_Handler                      0x08001278   Section        0  stm32f10x_it.o(i.HardFault_Handler)
    i.IIC_start                              0x0800127c   Section        0  oled_screen.o(i.IIC_start)
    i.IIC_stop                               0x080012b0   Section        0  oled_screen.o(i.IIC_stop)
    i.IIC_write                              0x080012e4   Section        0  oled_screen.o(i.IIC_write)
    i.LED_Init                               0x08001490   Section        0  led.o(i.LED_Init)
    i.Linit                                  0x08001514   Section        0  lora_app.o(i.Linit)
    i.LoRa_Init                              0x0800153c   Section        0  lora_app.o(i.LoRa_Init)
    i.LoRa_Set                               0x08001640   Section        0  lora_app.o(i.LoRa_Set)
    i.Lrend                                  0x08001824   Section        0  lora_app.o(i.Lrend)
    i.Lrun                                   0x080018cc   Section        0  lora_app.o(i.Lrun)
    i.Lsend                                  0x08001918   Section        0  lora_app.o(i.Lsend)
    i.MemManage_Handler                      0x080019b8   Section        0  stm32f10x_it.o(i.MemManage_Handler)
    i.NMI_Handler                            0x080019bc   Section        0  stm32f10x_it.o(i.NMI_Handler)
    i.NVIC_Init                              0x080019c0   Section        0  misc.o(i.NVIC_Init)
    i.OLED_Fill                              0x08001a30   Section        0  oled_screen.o(i.OLED_Fill)
    i.OLED_IO_Init                           0x08001a6c   Section        0  oled_screen.o(i.OLED_IO_Init)
    i.OLED_Init                              0x08001aa8   Section        0  oled_screen.o(i.OLED_Init)
    i.OLED_cmd                               0x08001b6a   Section        0  oled_screen.o(i.OLED_cmd)
    i.OLED_dat                               0x08001b8a   Section        0  oled_screen.o(i.OLED_dat)
    i.OneNet_DevLink                         0x08001bac   Section        0  onenet.o(i.OneNet_DevLink)
    i.OneNet_FillBuf                         0x08001c1c   Section        0  onenet.o(i.OneNet_FillBuf)
    i.OneNet_SendData                        0x08001cbc   Section        0  onenet.o(i.OneNet_SendData)
    i.PendSV_Handler                         0x08001d44   Section        0  stm32f10x_it.o(i.PendSV_Handler)
    i.PutChar_H16W8                          0x08001d48   Section        0  oled_screen.o(i.PutChar_H16W8)
    i.PutStr_H16W8                           0x08001de4   Section        0  oled_screen.o(i.PutStr_H16W8)
    i.RCC_APB1PeriphClockCmd                 0x08001e08   Section        0  stm32f10x_rcc.o(i.RCC_APB1PeriphClockCmd)
    i.RCC_APB1PeriphResetCmd                 0x08001e28   Section        0  stm32f10x_rcc.o(i.RCC_APB1PeriphResetCmd)
    i.RCC_APB2PeriphClockCmd                 0x08001e48   Section        0  stm32f10x_rcc.o(i.RCC_APB2PeriphClockCmd)
    i.RCC_APB2PeriphResetCmd                 0x08001e68   Section        0  stm32f10x_rcc.o(i.RCC_APB2PeriphResetCmd)
    i.RCC_GetClocksFreq                      0x08001e88   Section        0  stm32f10x_rcc.o(i.RCC_GetClocksFreq)
    i.Receive_AT_Data                        0x08001f5c   Section        0  usart.o(i.Receive_AT_Data)
    i.Receive_Normal_Data                    0x08001fd0   Section        0  usart.o(i.Receive_Normal_Data)
    i.SVC_Handler                            0x08002078   Section        0  stm32f10x_it.o(i.SVC_Handler)
    i.ScreenInit                             0x0800207c   Section        0  oled_screen.o(i.ScreenInit)
    i.ScreenRefresh                          0x0800209c   Section        0  oled_screen.o(i.ScreenRefresh)
    i.SendCmd                                0x080020e0   Section        0  esp8266.o(i.SendCmd)
    i.SetSysClock                            0x08002150   Section        0  system_stm32f10x.o(i.SetSysClock)
    SetSysClock                              0x08002151   Thumb Code     8  system_stm32f10x.o(i.SetSysClock)
    i.SetSysClockTo72                        0x08002158   Section        0  system_stm32f10x.o(i.SetSysClockTo72)
    SetSysClockTo72                          0x08002159   Thumb Code   214  system_stm32f10x.o(i.SetSysClockTo72)
    i.SysTick_CLKSourceConfig                0x08002238   Section        0  misc.o(i.SysTick_CLKSourceConfig)
    i.SysTick_Handler                        0x08002260   Section        0  stm32f10x_it.o(i.SysTick_Handler)
    i.SystemInit                             0x08002264   Section        0  system_stm32f10x.o(i.SystemInit)
    i.System_Init                            0x080022c4   Section        0  main.o(i.System_Init)
    i.TIM1_UP_IRQHandler                     0x08002350   Section        0  tim.o(i.TIM1_UP_IRQHandler)
    i.TIM7_IRQHandler                        0x08002378   Section        0  timer.o(i.TIM7_IRQHandler)
    i.TIM7_Int_Init                          0x080023ac   Section        0  timer.o(i.TIM7_Int_Init)
    i.TIM_ClearFlag                          0x0800240c   Section        0  stm32f10x_tim.o(i.TIM_ClearFlag)
    i.TIM_ClearITPendingBit                  0x08002412   Section        0  stm32f10x_tim.o(i.TIM_ClearITPendingBit)
    i.TIM_Cmd                                0x08002418   Section        0  stm32f10x_tim.o(i.TIM_Cmd)
    i.TIM_GetITStatus                        0x08002430   Section        0  stm32f10x_tim.o(i.TIM_GetITStatus)
    i.TIM_ITConfig                           0x08002452   Section        0  stm32f10x_tim.o(i.TIM_ITConfig)
    i.TIM_SetCounter                         0x08002464   Section        0  stm32f10x_tim.o(i.TIM_SetCounter)
    i.TIM_TimeBaseInit                       0x08002468   Section        0  stm32f10x_tim.o(i.TIM_TimeBaseInit)
    i.Tim1_Init                              0x0800250c   Section        0  tim.o(i.Tim1_Init)
    i.USART1_IRQHandler                      0x0800257c   Section        0  usart.o(i.USART1_IRQHandler)
    i.USART3_IRQHandler                      0x0800263c   Section        0  usart3.o(i.USART3_IRQHandler)
    i.USART_ClearFlag                        0x080026ac   Section        0  stm32f10x_usart.o(i.USART_ClearFlag)
    i.USART_ClearITPendingBit                0x080026be   Section        0  stm32f10x_usart.o(i.USART_ClearITPendingBit)
    i.USART_Cmd                              0x080026dc   Section        0  stm32f10x_usart.o(i.USART_Cmd)
    i.USART_DeInit                           0x080026f4   Section        0  stm32f10x_usart.o(i.USART_DeInit)
    i.USART_GetFlagStatus                    0x08002790   Section        0  stm32f10x_usart.o(i.USART_GetFlagStatus)
    i.USART_GetITStatus                      0x080027aa   Section        0  stm32f10x_usart.o(i.USART_GetITStatus)
    i.USART_ITConfig                         0x080027fe   Section        0  stm32f10x_usart.o(i.USART_ITConfig)
    i.USART_Init                             0x08002848   Section        0  stm32f10x_usart.o(i.USART_Init)
    i.USART_ReceiveData                      0x08002920   Section        0  stm32f10x_usart.o(i.USART_ReceiveData)
    i.USART_SendData                         0x0800292a   Section        0  stm32f10x_usart.o(i.USART_SendData)
    i.USART_Write                            0x08002934   Section        0  esp8266.o(i.USART_Write)
    i.UsageFault_Handler                     0x0800296c   Section        0  stm32f10x_it.o(i.UsageFault_Handler)
    i.WriteRemainlen                         0x08002970   Section        0  edpkit.o(i.WriteRemainlen)
    i.__0sprintf                             0x080029a0   Section        0  printfa.o(i.__0sprintf)
    i.__0vsprintf                            0x080029c8   Section        0  printfa.o(i.__0vsprintf)
    i.__scatterload_copy                     0x080029ec   Section       14  handlers.o(i.__scatterload_copy)
    i.__scatterload_null                     0x080029fa   Section        2  handlers.o(i.__scatterload_null)
    i.__scatterload_zeroinit                 0x080029fc   Section       14  handlers.o(i.__scatterload_zeroinit)
    i._fp_digits                             0x08002a0c   Section        0  printfa.o(i._fp_digits)
    _fp_digits                               0x08002a0d   Thumb Code   334  printfa.o(i._fp_digits)
    i._printf_core                           0x08002b70   Section        0  printfa.o(i._printf_core)
    _printf_core                             0x08002b71   Thumb Code  1744  printfa.o(i._printf_core)
    i._printf_post_padding                   0x0800324c   Section        0  printfa.o(i._printf_post_padding)
    _printf_post_padding                     0x0800324d   Thumb Code    36  printfa.o(i._printf_post_padding)
    i._printf_pre_padding                    0x08003270   Section        0  printfa.o(i._printf_pre_padding)
    _printf_pre_padding                      0x08003271   Thumb Code    46  printfa.o(i._printf_pre_padding)
    i._sputc                                 0x0800329e   Section        0  printfa.o(i._sputc)
    _sputc                                   0x0800329f   Thumb Code    10  printfa.o(i._sputc)
    i.delay_init                             0x080032a8   Section        0  delay.o(i.delay_init)
    i.delay_ms                               0x080032ec   Section        0  delay.o(i.delay_ms)
    i.delay_us                               0x08003338   Section        0  delay.o(i.delay_us)
    i.free                                   0x08003384   Section        0  malloc.o(i.free)
    i.lora_check_cmd                         0x080033d4   Section        0  lora_ui.o(i.lora_check_cmd)
    i.lora_send_cmd                          0x08003408   Section        0  lora_ui.o(i.lora_send_cmd)
    i.main                                   0x08003488   Section        0  main.o(i.main)
    i.malloc                                 0x08003664   Section        0  malloc.o(i.malloc)
    i.pix_w                                  0x080036d0   Section        0  oled_screen.o(i.pix_w)
    i.u3_printf                              0x08003720   Section        0  usart3.o(i.u3_printf)
    i.uart_init                              0x08003770   Section        0  usart.o(i.uart_init)
    i.usart3_init                            0x0800381c   Section        0  usart3.o(i.usart3_init)
    i.usart3_rx                              0x080038e4   Section        0  usart3.o(i.usart3_rx)
    i.usart3_set                             0x0800391c   Section        0  usart3.o(i.usart3_set)
    .constdata                               0x080039e0   Section       30  main.o(.constdata)
    .constdata                               0x080039fe   Section     2112  font_1.o(.constdata)
    .data                                    0x20000000   Section       14  main.o(.data)
    .data                                    0x20000010   Section       20  system_stm32f10x.o(.data)
    .data                                    0x20000024   Section       20  stm32f10x_rcc.o(.data)
    APBAHBPrescTable                         0x20000024   Data          16  stm32f10x_rcc.o(.data)
    ADCPrescTable                            0x20000034   Data           4  stm32f10x_rcc.o(.data)
    .data                                    0x20000038   Section        8  usart3.o(.data)
    bound                                    0x2000003c   Data           4  usart3.o(.data)
    .data                                    0x20000040   Section        4  delay.o(.data)
    fac_us                                   0x20000040   Data           1  delay.o(.data)
    fac_ms                                   0x20000042   Data           2  delay.o(.data)
    .data                                    0x20000044   Section       24  usart.o(.data)
    i                                        0x20000058   Data           4  usart.o(.data)
    .data                                    0x2000005c   Section        4  oled_screen.o(.data)
    .data                                    0x20000060   Section       39  lora_app.o(.data)
    Int_mode                                 0x20000079   Data           1  lora_app.o(.data)
    num                                      0x20000085   Data           1  lora_app.o(.data)
    num                                      0x20000086   Data           1  lora_app.o(.data)
    .data                                    0x20000088   Section        4  mvars.o(.data)
    .data                                    0x2000008c   Section        4  mvars.o(.data)
    .bss                                     0x20000090   Section     1125  main.o(.bss)
    .bss                                     0x200004f8   Section     1640  usart3.o(.bss)
    .bss                                     0x20000b60   Section      220  usart.o(.bss)
    HEAP                                     0x20000c40   Section      512  startup_stm32f10x_hd.o(HEAP)
    STACK                                    0x20000e40   Section     1024  startup_stm32f10x_hd.o(STACK)

    Global Symbols

    Symbol Name                              Value     Ov Type        Size  Object(Section)

    BuildAttributes$$THM_ISAv4$P$D$K$B$S$PE$A:L22UL41UL21$X:L11$S22US41US21$IEEE1$IW$USESV6$~STKCKD$USESV7$~SHL$OSPACE$ROPI$EBA8$MICROLIB$REQ8$PRES8$EABIv2 0x00000000   Number         0  anon$$obj.o ABSOLUTE
    __ARM_use_no_argv                        0x00000000   Number         0  main.o ABSOLUTE
    _printf_a                                0x00000000   Number         0  stubs.o ABSOLUTE
    _printf_c                                0x00000000   Number         0  stubs.o ABSOLUTE
    _printf_charcount                        0x00000000   Number         0  stubs.o ABSOLUTE
    _printf_d                                0x00000000   Number         0  stubs.o ABSOLUTE
    _printf_e                                0x00000000   Number         0  stubs.o ABSOLUTE
    _printf_f                                0x00000000   Number         0  stubs.o ABSOLUTE
    _printf_flags                            0x00000000   Number         0  stubs.o ABSOLUTE
    _printf_fp_dec                           0x00000000   Number         0  stubs.o ABSOLUTE
    _printf_fp_hex                           0x00000000   Number         0  stubs.o ABSOLUTE
    _printf_g                                0x00000000   Number         0  stubs.o ABSOLUTE
    _printf_i                                0x00000000   Number         0  stubs.o ABSOLUTE
    _printf_int_dec                          0x00000000   Number         0  stubs.o ABSOLUTE
    _printf_l                                0x00000000   Number         0  stubs.o ABSOLUTE
    _printf_lc                               0x00000000   Number         0  stubs.o ABSOLUTE
    _printf_ll                               0x00000000   Number         0  stubs.o ABSOLUTE
    _printf_lld                              0x00000000   Number         0  stubs.o ABSOLUTE
    _printf_lli                              0x00000000   Number         0  stubs.o ABSOLUTE
    _printf_llo                              0x00000000   Number         0  stubs.o ABSOLUTE
    _printf_llu                              0x00000000   Number         0  stubs.o ABSOLUTE
    _printf_llx                              0x00000000   Number         0  stubs.o ABSOLUTE
    _printf_longlong_dec                     0x00000000   Number         0  stubs.o ABSOLUTE
    _printf_longlong_hex                     0x00000000   Number         0  stubs.o ABSOLUTE
    _printf_longlong_oct                     0x00000000   Number         0  stubs.o ABSOLUTE
    _printf_ls                               0x00000000   Number         0  stubs.o ABSOLUTE
    _printf_mbtowc                           0x00000000   Number         0  stubs.o ABSOLUTE
    _printf_n                                0x00000000   Number         0  stubs.o ABSOLUTE
    _printf_o                                0x00000000   Number         0  stubs.o ABSOLUTE
    _printf_p                                0x00000000   Number         0  stubs.o ABSOLUTE
    _printf_percent                          0x00000000   Number         0  stubs.o ABSOLUTE
    _printf_pre_padding                      0x00000000   Number         0  stubs.o ABSOLUTE
    _printf_return_value                     0x00000000   Number         0  stubs.o ABSOLUTE
    _printf_s                                0x00000000   Number         0  stubs.o ABSOLUTE
    _printf_sizespec                         0x00000000   Number         0  stubs.o ABSOLUTE
    _printf_str                              0x00000000   Number         0  stubs.o ABSOLUTE
    _printf_truncate_signed                  0x00000000   Number         0  stubs.o ABSOLUTE
    _printf_truncate_unsigned                0x00000000   Number         0  stubs.o ABSOLUTE
    _printf_u                                0x00000000   Number         0  stubs.o ABSOLUTE
    _printf_wc                               0x00000000   Number         0  stubs.o ABSOLUTE
    _printf_wctomb                           0x00000000   Number         0  stubs.o ABSOLUTE
    _printf_widthprec                        0x00000000   Number         0  stubs.o ABSOLUTE
    _printf_x                                0x00000000   Number         0  stubs.o ABSOLUTE
    __cpp_initialize__aeabi_                  - Undefined Weak Reference
    __cxa_finalize                            - Undefined Weak Reference
    __decompress                              - Undefined Weak Reference
    _clock_init                               - Undefined Weak Reference
    _microlib_exit                            - Undefined Weak Reference
    __Vectors_Size                           0x00000130   Number         0  startup_stm32f10x_hd.o ABSOLUTE
    __Vectors                                0x08000000   Data           4  startup_stm32f10x_hd.o(RESET)
    __Vectors_End                            0x08000130   Data           0  startup_stm32f10x_hd.o(RESET)
    __main                                   0x08000131   Thumb Code     0  entry.o(.ARM.Collect$$$$00000000)
    _main_stk                                0x08000131   Thumb Code     0  entry2.o(.ARM.Collect$$$$00000001)
    _main_scatterload                        0x08000135   Thumb Code     0  entry5.o(.ARM.Collect$$$$00000004)
    __main_after_scatterload                 0x08000139   Thumb Code     0  entry5.o(.ARM.Collect$$$$00000004)
    _main_clock                              0x08000139   Thumb Code     0  entry7b.o(.ARM.Collect$$$$00000008)
    _main_cpp_init                           0x08000139   Thumb Code     0  entry8b.o(.ARM.Collect$$$$0000000A)
    _main_init                               0x08000139   Thumb Code     0  entry9a.o(.ARM.Collect$$$$0000000B)
    __rt_final_cpp                           0x08000141   Thumb Code     0  entry10a.o(.ARM.Collect$$$$0000000D)
    __rt_final_exit                          0x08000141   Thumb Code     0  entry11a.o(.ARM.Collect$$$$0000000F)
    Reset_Handler                            0x08000145   Thumb Code     8  startup_stm32f10x_hd.o(.text)
    ADC1_2_IRQHandler                        0x0800015f   Thumb Code     0  startup_stm32f10x_hd.o(.text)
    ADC3_IRQHandler                          0x0800015f   Thumb Code     0  startup_stm32f10x_hd.o(.text)
    CAN1_RX1_IRQHandler                      0x0800015f   Thumb Code     0  startup_stm32f10x_hd.o(.text)
    CAN1_SCE_IRQHandler                      0x0800015f   Thumb Code     0  startup_stm32f10x_hd.o(.text)
    DMA1_Channel1_IRQHandler                 0x0800015f   Thumb Code     0  startup_stm32f10x_hd.o(.text)
    DMA1_Channel2_IRQHandler                 0x0800015f   Thumb Code     0  startup_stm32f10x_hd.o(.text)
    DMA1_Channel3_IRQHandler                 0x0800015f   Thumb Code     0  startup_stm32f10x_hd.o(.text)
    DMA1_Channel4_IRQHandler                 0x0800015f   Thumb Code     0  startup_stm32f10x_hd.o(.text)
    DMA1_Channel5_IRQHandler                 0x0800015f   Thumb Code     0  startup_stm32f10x_hd.o(.text)
    DMA1_Channel6_IRQHandler                 0x0800015f   Thumb Code     0  startup_stm32f10x_hd.o(.text)
    DMA1_Channel7_IRQHandler                 0x0800015f   Thumb Code     0  startup_stm32f10x_hd.o(.text)
    DMA2_Channel1_IRQHandler                 0x0800015f   Thumb Code     0  startup_stm32f10x_hd.o(.text)
    DMA2_Channel2_IRQHandler                 0x0800015f   Thumb Code     0  startup_stm32f10x_hd.o(.text)
    DMA2_Channel3_IRQHandler                 0x0800015f   Thumb Code     0  startup_stm32f10x_hd.o(.text)
    DMA2_Channel4_5_IRQHandler               0x0800015f   Thumb Code     0  startup_stm32f10x_hd.o(.text)
    EXTI0_IRQHandler                         0x0800015f   Thumb Code     0  startup_stm32f10x_hd.o(.text)
    EXTI15_10_IRQHandler                     0x0800015f   Thumb Code     0  startup_stm32f10x_hd.o(.text)
    EXTI1_IRQHandler                         0x0800015f   Thumb Code     0  startup_stm32f10x_hd.o(.text)
    EXTI2_IRQHandler                         0x0800015f   Thumb Code     0  startup_stm32f10x_hd.o(.text)
    EXTI3_IRQHandler                         0x0800015f   Thumb Code     0  startup_stm32f10x_hd.o(.text)
    EXTI9_5_IRQHandler                       0x0800015f   Thumb Code     0  startup_stm32f10x_hd.o(.text)
    FLASH_IRQHandler                         0x0800015f   Thumb Code     0  startup_stm32f10x_hd.o(.text)
    FSMC_IRQHandler                          0x0800015f   Thumb Code     0  startup_stm32f10x_hd.o(.text)
    I2C1_ER_IRQHandler                       0x0800015f   Thumb Code     0  startup_stm32f10x_hd.o(.text)
    I2C1_EV_IRQHandler                       0x0800015f   Thumb Code     0  startup_stm32f10x_hd.o(.text)
    I2C2_ER_IRQHandler                       0x0800015f   Thumb Code     0  startup_stm32f10x_hd.o(.text)
    I2C2_EV_IRQHandler                       0x0800015f   Thumb Code     0  startup_stm32f10x_hd.o(.text)
    PVD_IRQHandler                           0x0800015f   Thumb Code     0  startup_stm32f10x_hd.o(.text)
    RCC_IRQHandler                           0x0800015f   Thumb Code     0  startup_stm32f10x_hd.o(.text)
    RTCAlarm_IRQHandler                      0x0800015f   Thumb Code     0  startup_stm32f10x_hd.o(.text)
    RTC_IRQHandler                           0x0800015f   Thumb Code     0  startup_stm32f10x_hd.o(.text)
    SDIO_IRQHandler                          0x0800015f   Thumb Code     0  startup_stm32f10x_hd.o(.text)
    SPI1_IRQHandler                          0x0800015f   Thumb Code     0  startup_stm32f10x_hd.o(.text)
    SPI2_IRQHandler                          0x0800015f   Thumb Code     0  startup_stm32f10x_hd.o(.text)
    SPI3_IRQHandler                          0x0800015f   Thumb Code     0  startup_stm32f10x_hd.o(.text)
    TAMPER_IRQHandler                        0x0800015f   Thumb Code     0  startup_stm32f10x_hd.o(.text)
    TIM1_BRK_IRQHandler                      0x0800015f   Thumb Code     0  startup_stm32f10x_hd.o(.text)
    TIM1_CC_IRQHandler                       0x0800015f   Thumb Code     0  startup_stm32f10x_hd.o(.text)
    TIM1_TRG_COM_IRQHandler                  0x0800015f   Thumb Code     0  startup_stm32f10x_hd.o(.text)
    TIM2_IRQHandler                          0x0800015f   Thumb Code     0  startup_stm32f10x_hd.o(.text)
    TIM3_IRQHandler                          0x0800015f   Thumb Code     0  startup_stm32f10x_hd.o(.text)
    TIM4_IRQHandler                          0x0800015f   Thumb Code     0  startup_stm32f10x_hd.o(.text)
    TIM5_IRQHandler                          0x0800015f   Thumb Code     0  startup_stm32f10x_hd.o(.text)
    TIM6_IRQHandler                          0x0800015f   Thumb Code     0  startup_stm32f10x_hd.o(.text)
    TIM8_BRK_IRQHandler                      0x0800015f   Thumb Code     0  startup_stm32f10x_hd.o(.text)
    TIM8_CC_IRQHandler                       0x0800015f   Thumb Code     0  startup_stm32f10x_hd.o(.text)
    TIM8_TRG_COM_IRQHandler                  0x0800015f   Thumb Code     0  startup_stm32f10x_hd.o(.text)
    TIM8_UP_IRQHandler                       0x0800015f   Thumb Code     0  startup_stm32f10x_hd.o(.text)
    UART4_IRQHandler                         0x0800015f   Thumb Code     0  startup_stm32f10x_hd.o(.text)
    UART5_IRQHandler                         0x0800015f   Thumb Code     0  startup_stm32f10x_hd.o(.text)
    USART2_IRQHandler                        0x0800015f   Thumb Code     0  startup_stm32f10x_hd.o(.text)
    USBWakeUp_IRQHandler                     0x0800015f   Thumb Code     0  startup_stm32f10x_hd.o(.text)
    USB_HP_CAN1_TX_IRQHandler                0x0800015f   Thumb Code     0  startup_stm32f10x_hd.o(.text)
    USB_LP_CAN1_RX0_IRQHandler               0x0800015f   Thumb Code     0  startup_stm32f10x_hd.o(.text)
    WWDG_IRQHandler                          0x0800015f   Thumb Code     0  startup_stm32f10x_hd.o(.text)
    __aeabi_memcpy                           0x08000169   Thumb Code    36  memcpya.o(.text)
    __aeabi_memcpy4                          0x08000169   Thumb Code     0  memcpya.o(.text)
    __aeabi_memcpy8                          0x08000169   Thumb Code     0  memcpya.o(.text)
    __aeabi_memset                           0x0800018d   Thumb Code    14  memseta.o(.text)
    __aeabi_memset4                          0x0800018d   Thumb Code     0  memseta.o(.text)
    __aeabi_memset8                          0x0800018d   Thumb Code     0  memseta.o(.text)
    __aeabi_memclr                           0x0800019b   Thumb Code     4  memseta.o(.text)
    __aeabi_memclr4                          0x0800019b   Thumb Code     0  memseta.o(.text)
    __aeabi_memclr8                          0x0800019b   Thumb Code     0  memseta.o(.text)
    _memset$wrapper                          0x0800019f   Thumb Code    18  memseta.o(.text)
    strcat                                   0x080001b1   Thumb Code    24  strcat.o(.text)
    strstr                                   0x080001c9   Thumb Code    36  strstr.o(.text)
    strlen                                   0x080001ed   Thumb Code    14  strlen.o(.text)
    strncat                                  0x080001fb   Thumb Code    40  strncat.o(.text)
    __aeabi_dadd                             0x08000223   Thumb Code   322  dadd.o(.text)
    __aeabi_dsub                             0x08000365   Thumb Code     6  dadd.o(.text)
    __aeabi_drsub                            0x0800036b   Thumb Code     6  dadd.o(.text)
    __aeabi_dmul                             0x08000371   Thumb Code   228  dmul.o(.text)
    __aeabi_ddiv                             0x08000455   Thumb Code   222  ddiv.o(.text)
    __aeabi_cdrcmple                         0x08000535   Thumb Code    48  cdrcmple.o(.text)
    __aeabi_uidiv                            0x08000565   Thumb Code     0  uidiv.o(.text)
    __aeabi_uidivmod                         0x08000565   Thumb Code    44  uidiv.o(.text)
    __aeabi_uldivmod                         0x08000591   Thumb Code    98  uldiv.o(.text)
    __aeabi_llsl                             0x080005f3   Thumb Code    30  llshl.o(.text)
    _ll_shift_l                              0x080005f3   Thumb Code     0  llshl.o(.text)
    __aeabi_llsr                             0x08000611   Thumb Code    32  llushr.o(.text)
    _ll_ushift_r                             0x08000611   Thumb Code     0  llushr.o(.text)
    __aeabi_lasr                             0x08000631   Thumb Code    36  llsshr.o(.text)
    _ll_sshift_r                             0x08000631   Thumb Code     0  llsshr.o(.text)
    __I$use$fp                               0x08000655   Thumb Code     0  iusefp.o(.text)
    _double_round                            0x08000655   Thumb Code    30  depilogue.o(.text)
    _double_epilogue                         0x08000673   Thumb Code   156  depilogue.o(.text)
    __aeabi_d2ulz                            0x0800070f   Thumb Code    48  dfixul.o(.text)
    __scatterload                            0x08000741   Thumb Code    28  init.o(.text)
    __scatterload_rt2                        0x08000741   Thumb Code     0  init.o(.text)
    Aux_Int                                  0x08000765   Thumb Code    68  lora_app.o(i.Aux_Int)
    BUS_delay                                0x080007b5   Thumb Code    12  oled_screen.o(i.BUS_delay)
    BusFault_Handler                         0x080007c1   Thumb Code     4  stm32f10x_it.o(i.BusFault_Handler)
    Connect_OneNet                           0x080007c5   Thumb Code    30  main.o(i.Connect_OneNet)
    DHT11_Check                              0x080007e9   Thumb Code    92  dht11.o(i.DHT11_Check)
    DHT11_Init                               0x0800084d   Thumb Code    58  dht11.o(i.DHT11_Init)
    DHT11_Read_Bit                           0x0800088d   Thumb Code    70  dht11.o(i.DHT11_Read_Bit)
    DHT11_Read_Byte                          0x080008d9   Thumb Code    30  dht11.o(i.DHT11_Read_Byte)
    DHT11_Read_Data                          0x080008f7   Thumb Code    88  dht11.o(i.DHT11_Read_Data)
    DHT11_Rst                                0x08000951   Thumb Code    52  dht11.o(i.DHT11_Rst)
    DebugMon_Handler                         0x08000991   Thumb Code     2  stm32f10x_it.o(i.DebugMon_Handler)
    DrawRectangle                            0x08000993   Thumb Code    68  oled_screen.o(i.DrawRectangle)
    EDP_DeleteBuffer                         0x080009d7   Thumb Code    28  edpkit.o(i.EDP_DeleteBuffer)
    EDP_NewBuffer                            0x080009f3   Thumb Code    88  edpkit.o(i.EDP_NewBuffer)
    EDP_PacketConnect1                       0x08000a4d   Thumb Code   232  edpkit.o(i.EDP_PacketConnect1)
    EDP_PacketPing                           0x08000b39   Thumb Code    58  edpkit.o(i.EDP_PacketPing)
    EDP_PacketSaveData                       0x08000b73   Thumb Code   468  edpkit.o(i.EDP_PacketSaveData)
    ESP8266Mode_init                         0x08000d49   Thumb Code   206  esp8266.o(i.ESP8266Mode_init)
    ESP8266_GPIO_Init                        0x08000ee1   Thumb Code    84  esp8266.o(i.ESP8266_GPIO_Init)
    ESP8266_SendData                         0x08000f39   Thumb Code    16  esp8266.o(i.ESP8266_SendData)
    EXTI4_IRQHandler                         0x08000f49   Thumb Code   106  lora_app.o(i.EXTI4_IRQHandler)
    EXTI_ClearITPendingBit                   0x08000fc1   Thumb Code     6  stm32f10x_exti.o(i.EXTI_ClearITPendingBit)
    EXTI_GetITStatus                         0x08000fcd   Thumb Code    34  stm32f10x_exti.o(i.EXTI_GetITStatus)
    EXTI_Init                                0x08000ff5   Thumb Code   142  stm32f10x_exti.o(i.EXTI_Init)
    GPIO_EXTILineConfig                      0x08001089   Thumb Code    60  stm32f10x_gpio.o(i.GPIO_EXTILineConfig)
    GPIO_Init                                0x080010c9   Thumb Code   278  stm32f10x_gpio.o(i.GPIO_Init)
    GPIO_PinRemapConfig                      0x080011e1   Thumb Code   138  stm32f10x_gpio.o(i.GPIO_PinRemapConfig)
    GPIO_ResetBits                           0x08001271   Thumb Code     4  stm32f10x_gpio.o(i.GPIO_ResetBits)
    GPIO_SetBits                             0x08001275   Thumb Code     4  stm32f10x_gpio.o(i.GPIO_SetBits)
    HardFault_Handler                        0x08001279   Thumb Code     4  stm32f10x_it.o(i.HardFault_Handler)
    IIC_start                                0x0800127d   Thumb Code    48  oled_screen.o(i.IIC_start)
    IIC_stop                                 0x080012b1   Thumb Code    48  oled_screen.o(i.IIC_stop)
    IIC_write                                0x080012e5   Thumb Code   422  oled_screen.o(i.IIC_write)
    LED_Init                                 0x08001491   Thumb Code   118  led.o(i.LED_Init)
    Linit                                    0x08001515   Thumb Code    34  lora_app.o(i.Linit)
    LoRa_Init                                0x0800153d   Thumb Code   228  lora_app.o(i.LoRa_Init)
    LoRa_Set                                 0x08001641   Thumb Code   350  lora_app.o(i.LoRa_Set)
    Lrend                                    0x08001825   Thumb Code   126  lora_app.o(i.Lrend)
    Lrun                                     0x080018cd   Thumb Code    54  lora_app.o(i.Lrun)
    Lsend                                    0x08001919   Thumb Code   136  lora_app.o(i.Lsend)
    MemManage_Handler                        0x080019b9   Thumb Code     4  stm32f10x_it.o(i.MemManage_Handler)
    NMI_Handler                              0x080019bd   Thumb Code     2  stm32f10x_it.o(i.NMI_Handler)
    NVIC_Init                                0x080019c1   Thumb Code   100  misc.o(i.NVIC_Init)
    OLED_Fill                                0x08001a31   Thumb Code    58  oled_screen.o(i.OLED_Fill)
    OLED_IO_Init                             0x08001a6d   Thumb Code    50  oled_screen.o(i.OLED_IO_Init)
    OLED_Init                                0x08001aa9   Thumb Code   194  oled_screen.o(i.OLED_Init)
    OLED_cmd                                 0x08001b6b   Thumb Code    32  oled_screen.o(i.OLED_cmd)
    OLED_dat                                 0x08001b8b   Thumb Code    32  oled_screen.o(i.OLED_dat)
    OneNet_DevLink                           0x08001bad   Thumb Code    66  onenet.o(i.OneNet_DevLink)
    OneNet_FillBuf                           0x08001c1d   Thumb Code   110  onenet.o(i.OneNet_FillBuf)
    OneNet_SendData                          0x08001cbd   Thumb Code   116  onenet.o(i.OneNet_SendData)
    PendSV_Handler                           0x08001d45   Thumb Code     2  stm32f10x_it.o(i.PendSV_Handler)
    PutChar_H16W8                            0x08001d49   Thumb Code   150  oled_screen.o(i.PutChar_H16W8)
    PutStr_H16W8                             0x08001de5   Thumb Code    36  oled_screen.o(i.PutStr_H16W8)
    RCC_APB1PeriphClockCmd                   0x08001e09   Thumb Code    26  stm32f10x_rcc.o(i.RCC_APB1PeriphClockCmd)
    RCC_APB1PeriphResetCmd                   0x08001e29   Thumb Code    26  stm32f10x_rcc.o(i.RCC_APB1PeriphResetCmd)
    RCC_APB2PeriphClockCmd                   0x08001e49   Thumb Code    26  stm32f10x_rcc.o(i.RCC_APB2PeriphClockCmd)
    RCC_APB2PeriphResetCmd                   0x08001e69   Thumb Code    26  stm32f10x_rcc.o(i.RCC_APB2PeriphResetCmd)
    RCC_GetClocksFreq                        0x08001e89   Thumb Code   192  stm32f10x_rcc.o(i.RCC_GetClocksFreq)
    Receive_AT_Data                          0x08001f5d   Thumb Code    86  usart.o(i.Receive_AT_Data)
    Receive_Normal_Data                      0x08001fd1   Thumb Code   148  usart.o(i.Receive_Normal_Data)
    SVC_Handler                              0x08002079   Thumb Code     2  stm32f10x_it.o(i.SVC_Handler)
    ScreenInit                               0x0800207d   Thumb Code    28  oled_screen.o(i.ScreenInit)
    ScreenRefresh                            0x0800209d   Thumb Code    64  oled_screen.o(i.ScreenRefresh)
    SendCmd                                  0x080020e1   Thumb Code    90  esp8266.o(i.SendCmd)
    SysTick_CLKSourceConfig                  0x08002239   Thumb Code    40  misc.o(i.SysTick_CLKSourceConfig)
    SysTick_Handler                          0x08002261   Thumb Code     2  stm32f10x_it.o(i.SysTick_Handler)
    SystemInit                               0x08002265   Thumb Code    78  system_stm32f10x.o(i.SystemInit)
    System_Init                              0x080022c5   Thumb Code   104  main.o(i.System_Init)
    TIM1_UP_IRQHandler                       0x08002351   Thumb Code    32  tim.o(i.TIM1_UP_IRQHandler)
    TIM7_IRQHandler                          0x08002379   Thumb Code    42  timer.o(i.TIM7_IRQHandler)
    TIM7_Int_Init                            0x080023ad   Thumb Code    90  timer.o(i.TIM7_Int_Init)
    TIM_ClearFlag                            0x0800240d   Thumb Code     6  stm32f10x_tim.o(i.TIM_ClearFlag)
    TIM_ClearITPendingBit                    0x08002413   Thumb Code     6  stm32f10x_tim.o(i.TIM_ClearITPendingBit)
    TIM_Cmd                                  0x08002419   Thumb Code    24  stm32f10x_tim.o(i.TIM_Cmd)
    TIM_GetITStatus                          0x08002431   Thumb Code    34  stm32f10x_tim.o(i.TIM_GetITStatus)
    TIM_ITConfig                             0x08002453   Thumb Code    18  stm32f10x_tim.o(i.TIM_ITConfig)
    TIM_SetCounter                           0x08002465   Thumb Code     4  stm32f10x_tim.o(i.TIM_SetCounter)
    TIM_TimeBaseInit                         0x08002469   Thumb Code   122  stm32f10x_tim.o(i.TIM_TimeBaseInit)
    Tim1_Init                                0x0800250d   Thumb Code   108  tim.o(i.Tim1_Init)
    USART1_IRQHandler                        0x0800257d   Thumb Code   168  usart.o(i.USART1_IRQHandler)
    USART3_IRQHandler                        0x0800263d   Thumb Code    96  usart3.o(i.USART3_IRQHandler)
    USART_ClearFlag                          0x080026ad   Thumb Code    18  stm32f10x_usart.o(i.USART_ClearFlag)
    USART_ClearITPendingBit                  0x080026bf   Thumb Code    30  stm32f10x_usart.o(i.USART_ClearITPendingBit)
    USART_Cmd                                0x080026dd   Thumb Code    24  stm32f10x_usart.o(i.USART_Cmd)
    USART_DeInit                             0x080026f5   Thumb Code   134  stm32f10x_usart.o(i.USART_DeInit)
    USART_GetFlagStatus                      0x08002791   Thumb Code    26  stm32f10x_usart.o(i.USART_GetFlagStatus)
    USART_GetITStatus                        0x080027ab   Thumb Code    84  stm32f10x_usart.o(i.USART_GetITStatus)
    USART_ITConfig                           0x080027ff   Thumb Code    74  stm32f10x_usart.o(i.USART_ITConfig)
    USART_Init                               0x08002849   Thumb Code   210  stm32f10x_usart.o(i.USART_Init)
    USART_ReceiveData                        0x08002921   Thumb Code    10  stm32f10x_usart.o(i.USART_ReceiveData)
    USART_SendData                           0x0800292b   Thumb Code     8  stm32f10x_usart.o(i.USART_SendData)
    USART_Write                              0x08002935   Thumb Code    50  esp8266.o(i.USART_Write)
    UsageFault_Handler                       0x0800296d   Thumb Code     4  stm32f10x_it.o(i.UsageFault_Handler)
    WriteRemainlen                           0x08002971   Thumb Code    46  edpkit.o(i.WriteRemainlen)
    __0sprintf                               0x080029a1   Thumb Code    34  printfa.o(i.__0sprintf)
    __1sprintf                               0x080029a1   Thumb Code     0  printfa.o(i.__0sprintf)
    __2sprintf                               0x080029a1   Thumb Code     0  printfa.o(i.__0sprintf)
    __c89sprintf                             0x080029a1   Thumb Code     0  printfa.o(i.__0sprintf)
    sprintf                                  0x080029a1   Thumb Code     0  printfa.o(i.__0sprintf)
    __0vsprintf                              0x080029c9   Thumb Code    30  printfa.o(i.__0vsprintf)
    __1vsprintf                              0x080029c9   Thumb Code     0  printfa.o(i.__0vsprintf)
    __2vsprintf                              0x080029c9   Thumb Code     0  printfa.o(i.__0vsprintf)
    __c89vsprintf                            0x080029c9   Thumb Code     0  printfa.o(i.__0vsprintf)
    vsprintf                                 0x080029c9   Thumb Code     0  printfa.o(i.__0vsprintf)
    __scatterload_copy                       0x080029ed   Thumb Code    14  handlers.o(i.__scatterload_copy)
    __scatterload_null                       0x080029fb   Thumb Code     2  handlers.o(i.__scatterload_null)
    __scatterload_zeroinit                   0x080029fd   Thumb Code    14  handlers.o(i.__scatterload_zeroinit)
    delay_init                               0x080032a9   Thumb Code    50  delay.o(i.delay_init)
    delay_ms                                 0x080032ed   Thumb Code    72  delay.o(i.delay_ms)
    delay_us                                 0x08003339   Thumb Code    72  delay.o(i.delay_us)
    free                                     0x08003385   Thumb Code    76  malloc.o(i.free)
    lora_check_cmd                           0x080033d5   Thumb Code    44  lora_ui.o(i.lora_check_cmd)
    lora_send_cmd                            0x08003409   Thumb Code   112  lora_ui.o(i.lora_send_cmd)
    main                                     0x08003489   Thumb Code   388  main.o(i.main)
    malloc                                   0x08003665   Thumb Code    92  malloc.o(i.malloc)
    pix_w                                    0x080036d1   Thumb Code    76  oled_screen.o(i.pix_w)
    u3_printf                                0x08003721   Thumb Code    72  usart3.o(i.u3_printf)
    uart_init                                0x08003771   Thumb Code   162  usart.o(i.uart_init)
    usart3_init                              0x0800381d   Thumb Code   178  usart3.o(i.usart3_init)
    usart3_rx                                0x080038e5   Thumb Code    46  usart3.o(i.usart3_rx)
    usart3_set                               0x0800391d   Thumb Code   182  usart3.o(i.usart3_set)
    H8W6                                     0x080039fe   Data         576  font_1.o(.constdata)
    H16W8                                    0x08003c3e   Data        1536  font_1.o(.constdata)
    Region$$Table$$Base                      0x08004240   Number         0  anon$$obj.o(Region$$Table)
    Region$$Table$$Limit                     0x08004260   Number         0  anon$$obj.o(Region$$Table)
    Heart_Pack                               0x20000000   Data           4  main.o(.data)
    AT_Mode                                  0x20000004   Data           1  main.o(.data)
    Contral_flag                             0x20000005   Data           1  main.o(.data)
    temperature                              0x20000006   Data           1  main.o(.data)
    humidity                                 0x20000007   Data           1  main.o(.data)
    EDPFlag                                  0x20000008   Data           3  main.o(.data)
    LorafFlag                                0x2000000b   Data           3  main.o(.data)
    SystemCoreClock                          0x20000010   Data           4  system_stm32f10x.o(.data)
    AHBPrescTable                            0x20000014   Data          16  system_stm32f10x.o(.data)
    USART3_RX_STA                            0x20000038   Data           2  usart3.o(.data)
    Message_length                           0x20000044   Data           1  usart.o(.data)
    OneNet_Connect                           0x20000048   Data           4  usart.o(.data)
    Rx_count                                 0x2000004c   Data           4  usart.o(.data)
    ok_flag                                  0x20000050   Data           4  usart.o(.data)
    USART_RX_STA                             0x20000054   Data           2  usart.o(.data)
    DATABUF                                  0x2000005c   Data           4  oled_screen.o(.data)
    LoRa_CFG                                 0x20000060   Data          10  lora_app.o(.data)
    EXTI_InitStructure                       0x2000006c   Data           8  lora_app.o(.data)
    NVIC_InitStructure                       0x20000074   Data           4  lora_app.o(.data)
    Lora_mode                                0x20000078   Data           1  lora_app.o(.data)
    Dire_Date                                0x2000007a   Data           6  lora_app.o(.data)
    obj_addr                                 0x20000080   Data           4  lora_app.o(.data)
    obj_chn                                  0x20000084   Data           1  lora_app.o(.data)
    __microlib_freelist                      0x20000088   Data           4  mvars.o(.data)
    __microlib_freelist_initialised          0x2000008c   Data           4  mvars.o(.data)
    display                                  0x20000090   Data        1025  main.o(.bss)
    SendData                                 0x20000491   Data         100  main.o(.bss)
    USART3_RX_BUF                            0x200004f8   Data        1024  usart3.o(.bss)
    USART3_TX_BUF                            0x200008f8   Data         600  usart3.o(.bss)
    USART_InitStructure                      0x20000b50   Data          16  usart3.o(.bss)
    Rx_Buff                                  0x20000b60   Data         200  usart.o(.bss)
    Message_Buf                              0x20000c28   Data          20  usart.o(.bss)
    __heap_base                              0x20000c40   Data           0  startup_stm32f10x_hd.o(HEAP)
    __heap_limit                             0x20000e40   Data           0  startup_stm32f10x_hd.o(HEAP)
    __initial_sp                             0x20001240   Data           0  startup_stm32f10x_hd.o(STACK)



==============================================================================

Memory Map of the image

  Image Entry point : 0x08000131

  Load Region LR_IROM1 (Base: 0x08000000, Size: 0x000042f0, Max: 0x00080000, ABSOLUTE)

    Execution Region ER_IROM1 (Base: 0x08000000, Size: 0x00004260, Max: 0x00080000, ABSOLUTE)

    Base Addr    Size         Type   Attr      Idx    E Section Name        Object

    0x08000000   0x00000130   Data   RO          287    RESET               startup_stm32f10x_hd.o
    0x08000130   0x00000000   Code   RO         2369  * .ARM.Collect$$$$00000000  mc_w.l(entry.o)
    0x08000130   0x00000004   Code   RO         2697    .ARM.Collect$$$$00000001  mc_w.l(entry2.o)
    0x08000134   0x00000004   Code   RO         2700    .ARM.Collect$$$$00000004  mc_w.l(entry5.o)
    0x08000138   0x00000000   Code   RO         2702    .ARM.Collect$$$$00000008  mc_w.l(entry7b.o)
    0x08000138   0x00000000   Code   RO         2704    .ARM.Collect$$$$0000000A  mc_w.l(entry8b.o)
    0x08000138   0x00000008   Code   RO         2705    .ARM.Collect$$$$0000000B  mc_w.l(entry9a.o)
    0x08000140   0x00000000   Code   RO         2707    .ARM.Collect$$$$0000000D  mc_w.l(entry10a.o)
    0x08000140   0x00000000   Code   RO         2709    .ARM.Collect$$$$0000000F  mc_w.l(entry11a.o)
    0x08000140   0x00000004   Code   RO         2698    .ARM.Collect$$$$00002712  mc_w.l(entry2.o)
    0x08000144   0x00000024   Code   RO          288    .text               startup_stm32f10x_hd.o
    0x08000168   0x00000024   Code   RO         2374    .text               mc_w.l(memcpya.o)
    0x0800018c   0x00000024   Code   RO         2376    .text               mc_w.l(memseta.o)
    0x080001b0   0x00000018   Code   RO         2378    .text               mc_w.l(strcat.o)
    0x080001c8   0x00000024   Code   RO         2380    .text               mc_w.l(strstr.o)
    0x080001ec   0x0000000e   Code   RO         2382    .text               mc_w.l(strlen.o)
    0x080001fa   0x00000028   Code   RO         2384    .text               mc_w.l(strncat.o)
    0x08000222   0x0000014e   Code   RO         2677    .text               mf_w.l(dadd.o)
    0x08000370   0x000000e4   Code   RO         2679    .text               mf_w.l(dmul.o)
    0x08000454   0x000000de   Code   RO         2681    .text               mf_w.l(ddiv.o)
    0x08000532   0x00000002   PAD
    0x08000534   0x00000030   Code   RO         2695    .text               mf_w.l(cdrcmple.o)
    0x08000564   0x0000002c   Code   RO         2714    .text               mc_w.l(uidiv.o)
    0x08000590   0x00000062   Code   RO         2716    .text               mc_w.l(uldiv.o)
    0x080005f2   0x0000001e   Code   RO         2718    .text               mc_w.l(llshl.o)
    0x08000610   0x00000020   Code   RO         2720    .text               mc_w.l(llushr.o)
    0x08000630   0x00000024   Code   RO         2722    .text               mc_w.l(llsshr.o)
    0x08000654   0x00000000   Code   RO         2726    .text               mc_w.l(iusefp.o)
    0x08000654   0x000000ba   Code   RO         2727    .text               mf_w.l(depilogue.o)
    0x0800070e   0x00000030   Code   RO         2729    .text               mf_w.l(dfixul.o)
    0x0800073e   0x00000002   PAD
    0x08000740   0x00000024   Code   RO         2731    .text               mc_w.l(init.o)
    0x08000764   0x00000050   Code   RO         2228    i.Aux_Int           lora_app.o
    0x080007b4   0x0000000c   Code   RO         1990    i.BUS_delay         oled_screen.o
    0x080007c0   0x00000004   Code   RO          211    i.BusFault_Handler  stm32f10x_it.o
    0x080007c4   0x00000024   Code   RO            1    i.Connect_OneNet    main.o
    0x080007e8   0x00000064   Code   RO         1590    i.DHT11_Check       dht11.o
    0x0800084c   0x00000040   Code   RO         1591    i.DHT11_Init        dht11.o
    0x0800088c   0x0000004c   Code   RO         1592    i.DHT11_Read_Bit    dht11.o
    0x080008d8   0x0000001e   Code   RO         1593    i.DHT11_Read_Byte   dht11.o
    0x080008f6   0x00000058   Code   RO         1594    i.DHT11_Read_Data   dht11.o
    0x0800094e   0x00000002   PAD
    0x08000950   0x00000040   Code   RO         1595    i.DHT11_Rst         dht11.o
    0x08000990   0x00000002   Code   RO          212    i.DebugMon_Handler  stm32f10x_it.o
    0x08000992   0x00000044   Code   RO         1998    i.DrawRectangle     oled_screen.o
    0x080009d6   0x0000001c   Code   RO         1843    i.EDP_DeleteBuffer  edpkit.o
    0x080009f2   0x00000058   Code   RO         1844    i.EDP_NewBuffer     edpkit.o
    0x08000a4a   0x00000002   PAD
    0x08000a4c   0x000000ec   Code   RO         1846    i.EDP_PacketConnect1  edpkit.o
    0x08000b38   0x0000003a   Code   RO         1848    i.EDP_PacketPing    edpkit.o
    0x08000b72   0x000001d4   Code   RO         1850    i.EDP_PacketSaveData  edpkit.o
    0x08000d46   0x00000002   PAD
    0x08000d48   0x00000198   Code   RO         1800    i.ESP8266Mode_init  esp8266.o
    0x08000ee0   0x00000058   Code   RO         1801    i.ESP8266_GPIO_Init  esp8266.o
    0x08000f38   0x00000010   Code   RO         1802    i.ESP8266_SendData  esp8266.o
    0x08000f48   0x00000078   Code   RO         2229    i.EXTI4_IRQHandler  lora_app.o
    0x08000fc0   0x0000000c   Code   RO          355    i.EXTI_ClearITPendingBit  stm32f10x_exti.o
    0x08000fcc   0x00000028   Code   RO          359    i.EXTI_GetITStatus  stm32f10x_exti.o
    0x08000ff4   0x00000094   Code   RO          360    i.EXTI_Init         stm32f10x_exti.o
    0x08001088   0x00000040   Code   RO          411    i.GPIO_EXTILineConfig  stm32f10x_gpio.o
    0x080010c8   0x00000116   Code   RO          414    i.GPIO_Init         stm32f10x_gpio.o
    0x080011de   0x00000002   PAD
    0x080011e0   0x00000090   Code   RO          416    i.GPIO_PinRemapConfig  stm32f10x_gpio.o
    0x08001270   0x00000004   Code   RO          421    i.GPIO_ResetBits    stm32f10x_gpio.o
    0x08001274   0x00000004   Code   RO          422    i.GPIO_SetBits      stm32f10x_gpio.o
    0x08001278   0x00000004   Code   RO          213    i.HardFault_Handler  stm32f10x_it.o
    0x0800127c   0x00000034   Code   RO         2001    i.IIC_start         oled_screen.o
    0x080012b0   0x00000034   Code   RO         2002    i.IIC_stop          oled_screen.o
    0x080012e4   0x000001ac   Code   RO         2003    i.IIC_write         oled_screen.o
    0x08001490   0x00000084   Code   RO         1570    i.LED_Init          led.o
    0x08001514   0x00000028   Code   RO         2230    i.Linit             lora_app.o
    0x0800153c   0x00000104   Code   RO         2231    i.LoRa_Init         lora_app.o
    0x08001640   0x000001e4   Code   RO         2235    i.LoRa_Set          lora_app.o
    0x08001824   0x000000a8   Code   RO         2237    i.Lrend             lora_app.o
    0x080018cc   0x0000004c   Code   RO         2238    i.Lrun              lora_app.o
    0x08001918   0x000000a0   Code   RO         2239    i.Lsend             lora_app.o
    0x080019b8   0x00000004   Code   RO          214    i.MemManage_Handler  stm32f10x_it.o
    0x080019bc   0x00000002   Code   RO          215    i.NMI_Handler       stm32f10x_it.o
    0x080019be   0x00000002   PAD
    0x080019c0   0x00000070   Code   RO          292    i.NVIC_Init         misc.o
    0x08001a30   0x0000003a   Code   RO         2004    i.OLED_Fill         oled_screen.o
    0x08001a6a   0x00000002   PAD
    0x08001a6c   0x0000003c   Code   RO         2005    i.OLED_IO_Init      oled_screen.o
    0x08001aa8   0x000000c2   Code   RO         2006    i.OLED_Init         oled_screen.o
    0x08001b6a   0x00000020   Code   RO         2007    i.OLED_cmd          oled_screen.o
    0x08001b8a   0x00000020   Code   RO         2008    i.OLED_dat          oled_screen.o
    0x08001baa   0x00000002   PAD
    0x08001bac   0x00000070   Code   RO         1933    i.OneNet_DevLink    onenet.o
    0x08001c1c   0x000000a0   Code   RO         1934    i.OneNet_FillBuf    onenet.o
    0x08001cbc   0x00000088   Code   RO         1935    i.OneNet_SendData   onenet.o
    0x08001d44   0x00000002   Code   RO          216    i.PendSV_Handler    stm32f10x_it.o
    0x08001d46   0x00000002   PAD
    0x08001d48   0x0000009c   Code   RO         2010    i.PutChar_H16W8     oled_screen.o
    0x08001de4   0x00000024   Code   RO         2014    i.PutStr_H16W8      oled_screen.o
    0x08001e08   0x00000020   Code   RO          524    i.RCC_APB1PeriphClockCmd  stm32f10x_rcc.o
    0x08001e28   0x00000020   Code   RO          525    i.RCC_APB1PeriphResetCmd  stm32f10x_rcc.o
    0x08001e48   0x00000020   Code   RO          526    i.RCC_APB2PeriphClockCmd  stm32f10x_rcc.o
    0x08001e68   0x00000020   Code   RO          527    i.RCC_APB2PeriphResetCmd  stm32f10x_rcc.o
    0x08001e88   0x000000d4   Code   RO          534    i.RCC_GetClocksFreq  stm32f10x_rcc.o
    0x08001f5c   0x00000074   Code   RO         1754    i.Receive_AT_Data   usart.o
    0x08001fd0   0x000000a8   Code   RO         1755    i.Receive_Normal_Data  usart.o
    0x08002078   0x00000002   Code   RO          217    i.SVC_Handler       stm32f10x_it.o
    0x0800207a   0x00000002   PAD
    0x0800207c   0x00000020   Code   RO         2016    i.ScreenInit        oled_screen.o
    0x0800209c   0x00000044   Code   RO         2017    i.ScreenRefresh     oled_screen.o
    0x080020e0   0x00000070   Code   RO         1803    i.SendCmd           esp8266.o
    0x08002150   0x00000008   Code   RO          177    i.SetSysClock       system_stm32f10x.o
    0x08002158   0x000000e0   Code   RO          178    i.SetSysClockTo72   system_stm32f10x.o
    0x08002238   0x00000028   Code   RO          296    i.SysTick_CLKSourceConfig  misc.o
    0x08002260   0x00000002   Code   RO          218    i.SysTick_Handler   stm32f10x_it.o
    0x08002262   0x00000002   PAD
    0x08002264   0x00000060   Code   RO          180    i.SystemInit        system_stm32f10x.o
    0x080022c4   0x0000008c   Code   RO            2    i.System_Init       main.o
    0x08002350   0x00000028   Code   RO         1964    i.TIM1_UP_IRQHandler  tim.o
    0x08002378   0x00000034   Code   RO         1685    i.TIM7_IRQHandler   timer.o
    0x080023ac   0x00000060   Code   RO         1686    i.TIM7_Int_Init     timer.o
    0x0800240c   0x00000006   Code   RO          732    i.TIM_ClearFlag     stm32f10x_tim.o
    0x08002412   0x00000006   Code   RO          733    i.TIM_ClearITPendingBit  stm32f10x_tim.o
    0x08002418   0x00000018   Code   RO          738    i.TIM_Cmd           stm32f10x_tim.o
    0x08002430   0x00000022   Code   RO          759    i.TIM_GetITStatus   stm32f10x_tim.o
    0x08002452   0x00000012   Code   RO          763    i.TIM_ITConfig      stm32f10x_tim.o
    0x08002464   0x00000004   Code   RO          803    i.TIM_SetCounter    stm32f10x_tim.o
    0x08002468   0x000000a4   Code   RO          809    i.TIM_TimeBaseInit  stm32f10x_tim.o
    0x0800250c   0x00000070   Code   RO         1965    i.Tim1_Init         tim.o
    0x0800257c   0x000000c0   Code   RO         1756    i.USART1_IRQHandler  usart.o
    0x0800263c   0x00000070   Code   RO         1632    i.USART3_IRQHandler  usart3.o
    0x080026ac   0x00000012   Code   RO         1270    i.USART_ClearFlag   stm32f10x_usart.o
    0x080026be   0x0000001e   Code   RO         1271    i.USART_ClearITPendingBit  stm32f10x_usart.o
    0x080026dc   0x00000018   Code   RO         1274    i.USART_Cmd         stm32f10x_usart.o
    0x080026f4   0x0000009c   Code   RO         1276    i.USART_DeInit      stm32f10x_usart.o
    0x08002790   0x0000001a   Code   RO         1277    i.USART_GetFlagStatus  stm32f10x_usart.o
    0x080027aa   0x00000054   Code   RO         1278    i.USART_GetITStatus  stm32f10x_usart.o
    0x080027fe   0x0000004a   Code   RO         1280    i.USART_ITConfig    stm32f10x_usart.o
    0x08002848   0x000000d8   Code   RO         1281    i.USART_Init        stm32f10x_usart.o
    0x08002920   0x0000000a   Code   RO         1288    i.USART_ReceiveData  stm32f10x_usart.o
    0x0800292a   0x00000008   Code   RO         1291    i.USART_SendData    stm32f10x_usart.o
    0x08002932   0x00000002   PAD
    0x08002934   0x00000038   Code   RO         1804    i.USART_Write       esp8266.o
    0x0800296c   0x00000004   Code   RO          219    i.UsageFault_Handler  stm32f10x_it.o
    0x08002970   0x0000002e   Code   RO         1856    i.WriteRemainlen    edpkit.o
    0x0800299e   0x00000002   PAD
    0x080029a0   0x00000028   Code   RO         2623    i.__0sprintf        mc_w.l(printfa.o)
    0x080029c8   0x00000024   Code   RO         2627    i.__0vsprintf       mc_w.l(printfa.o)
    0x080029ec   0x0000000e   Code   RO         2737    i.__scatterload_copy  mc_w.l(handlers.o)
    0x080029fa   0x00000002   Code   RO         2738    i.__scatterload_null  mc_w.l(handlers.o)
    0x080029fc   0x0000000e   Code   RO         2739    i.__scatterload_zeroinit  mc_w.l(handlers.o)
    0x08002a0a   0x00000002   PAD
    0x08002a0c   0x00000164   Code   RO         2628    i._fp_digits        mc_w.l(printfa.o)
    0x08002b70   0x000006dc   Code   RO         2629    i._printf_core      mc_w.l(printfa.o)
    0x0800324c   0x00000024   Code   RO         2630    i._printf_post_padding  mc_w.l(printfa.o)
    0x08003270   0x0000002e   Code   RO         2631    i._printf_pre_padding  mc_w.l(printfa.o)
    0x0800329e   0x0000000a   Code   RO         2633    i._sputc            mc_w.l(printfa.o)
    0x080032a8   0x00000044   Code   RO         1710    i.delay_init        delay.o
    0x080032ec   0x0000004c   Code   RO         1711    i.delay_ms          delay.o
    0x08003338   0x0000004c   Code   RO         1712    i.delay_us          delay.o
    0x08003384   0x00000050   Code   RO         2649    i.free              mc_w.l(malloc.o)
    0x080033d4   0x00000034   Code   RO         2328    i.lora_check_cmd    lora_ui.o
    0x08003408   0x00000080   Code   RO         2329    i.lora_send_cmd     lora_ui.o
    0x08003488   0x000001dc   Code   RO            3    i.main              main.o
    0x08003664   0x0000006c   Code   RO         2650    i.malloc            mc_w.l(malloc.o)
    0x080036d0   0x00000050   Code   RO         2022    i.pix_w             oled_screen.o
    0x08003720   0x00000050   Code   RO         1633    i.u3_printf         usart3.o
    0x08003770   0x000000ac   Code   RO         1757    i.uart_init         usart.o
    0x0800381c   0x000000c8   Code   RO         1634    i.usart3_init       usart3.o
    0x080038e4   0x00000038   Code   RO         1635    i.usart3_rx         usart3.o
    0x0800391c   0x000000c4   Code   RO         1636    i.usart3_set        usart3.o
    0x080039e0   0x0000001e   Data   RO            5    .constdata          main.o
    0x080039fe   0x00000840   Data   RO         1982    .constdata          font_1.o
    0x0800423e   0x00000002   PAD
    0x08004240   0x00000020   Data   RO         2735    Region$$Table       anon$$obj.o


    Execution Region RW_IRAM1 (Base: 0x20000000, Size: 0x00001240, Max: 0x00010000, ABSOLUTE)

    Base Addr    Size         Type   Attr      Idx    E Section Name        Object

    0x20000000   0x0000000e   Data   RW            6    .data               main.o
    0x2000000e   0x00000002   PAD
    0x20000010   0x00000014   Data   RW          181    .data               system_stm32f10x.o
    0x20000024   0x00000014   Data   RW          554    .data               stm32f10x_rcc.o
    0x20000038   0x00000008   Data   RW         1638    .data               usart3.o
    0x20000040   0x00000004   Data   RW         1713    .data               delay.o
    0x20000044   0x00000018   Data   RW         1759    .data               usart.o
    0x2000005c   0x00000004   Data   RW         2025    .data               oled_screen.o
    0x20000060   0x00000027   Data   RW         2241    .data               lora_app.o
    0x20000087   0x00000001   PAD
    0x20000088   0x00000004   Data   RW         2724    .data               mc_w.l(mvars.o)
    0x2000008c   0x00000004   Data   RW         2725    .data               mc_w.l(mvars.o)
    0x20000090   0x00000465   Zero   RW            4    .bss                main.o
    0x200004f5   0x00000003   PAD
    0x200004f8   0x00000668   Zero   RW         1637    .bss                usart3.o
    0x20000b60   0x000000dc   Zero   RW         1758    .bss                usart.o
    0x20000c3c   0x00000004   PAD
    0x20000c40   0x00000200   Zero   RW          286    HEAP                startup_stm32f10x_hd.o
    0x20000e40   0x00000400   Zero   RW          285    STACK               startup_stm32f10x_hd.o


==============================================================================

Image component sizes


      Code (inc. data)   RO Data    RW Data    ZI Data      Debug   Object Name

         0          0          0          0          0         32   core_cm3.o
       220         26          0          4          0       1747   delay.o
       422         32          0          0          0       3912   dht11.o
       924          4          0          0          0       4811   edpkit.o
       680        234          0          0          0       2962   esp8266.o
         0          0       2112          0          0        529   font_1.o
       132         14          0          0          0        543   led.o
      1388        286          0         39          0       7124   lora_app.o
       180         24          0          0          0       1297   lora_ui.o
       652        130         30         14       1125      53712   main.o
       152         12          0          0          0     208486   misc.o
      1360         42          0          4          0      10646   oled_screen.o
       408        116          0          0          0       3044   onenet.o
        36          8        304          0       1536        800   startup_stm32f10x_hd.o
       200         18          0          0          0       2056   stm32f10x_exti.o
       494         10          0          0          0       4412   stm32f10x_gpio.o
        26          0          0          0          0       3822   stm32f10x_it.o
       340         44          0         20          0       5536   stm32f10x_rcc.o
       256         42          0          0          0       4547   stm32f10x_tim.o
       646         28          0          0          0       7812   stm32f10x_usart.o
       328         28          0         20          0       2157   system_stm32f10x.o
       152         12          0          0          0       1081   tim.o
       148         16          0          0          0       1142   timer.o
       648         84          0         24        220       3458   usart.o
       644         78          0          8       1640       4843   usart3.o

    ----------------------------------------------------------------------
     10460       1288       2480        136       4528     340511   Object Totals
         0          0         32          0          0          0   (incl. Generated)
        24          0          2          3          7          0   (incl. Padding)

    ----------------------------------------------------------------------

      Code (inc. data)   RO Data    RW Data    ZI Data      Debug   Library Member Name

         0          0          0          0          0          0   entry.o
         0          0          0          0          0          0   entry10a.o
         0          0          0          0          0          0   entry11a.o
         8          4          0          0          0          0   entry2.o
         4          0          0          0          0          0   entry5.o
         0          0          0          0          0          0   entry7b.o
         0          0          0          0          0          0   entry8b.o
         8          4          0          0          0          0   entry9a.o
        30          0          0          0          0          0   handlers.o
        36          8          0          0          0         68   init.o
         0          0          0          0          0          0   iusefp.o
        30          0          0          0          0         68   llshl.o
        36          0          0          0          0         68   llsshr.o
        32          0          0          0          0         68   llushr.o
       188         20          0          0          0        160   malloc.o
        36          0          0          0          0         68   memcpya.o
        36          0          0          0          0        108   memseta.o
         0          0          0          8          0          0   mvars.o
      2280         92          0          0          0        592   printfa.o
        24          0          0          0          0         68   strcat.o
        14          0          0          0          0         68   strlen.o
        40          0          0          0          0         76   strncat.o
        36          0          0          0          0         80   strstr.o
        44          0          0          0          0         80   uidiv.o
        98          0          0          0          0         92   uldiv.o
        48          0          0          0          0         68   cdrcmple.o
       334          0          0          0          0        148   dadd.o
       222          0          0          0          0        100   ddiv.o
       186          0          0          0          0        176   depilogue.o
        48          0          0          0          0         68   dfixul.o
       228          0          0          0          0         96   dmul.o

    ----------------------------------------------------------------------
      4052        128          0          8          0       2320   Library Totals
         6          0          0          0          0          0   (incl. Padding)

    ----------------------------------------------------------------------

      Code (inc. data)   RO Data    RW Data    ZI Data      Debug   Library Name

      2980        128          0          8          0       1664   mc_w.l
      1066          0          0          0          0        656   mf_w.l

    ----------------------------------------------------------------------
      4052        128          0          8          0       2320   Library Totals

    ----------------------------------------------------------------------

==============================================================================


      Code (inc. data)   RO Data    RW Data    ZI Data      Debug   

     14512       1416       2480        144       4528     336223   Grand Totals
     14512       1416       2480        144       4528     336223   ELF Image Totals
     14512       1416       2480        144          0          0   ROM Totals

==============================================================================

    Total RO  Size (Code + RO Data)                16992 (  16.59kB)
    Total RW  Size (RW Data + ZI Data)              4672 (   4.56kB)
    Total ROM Size (Code + RO Data + RW Data)      17136 (  16.73kB)

==============================================================================

