<html>
<body>
<pre>
<h1>礦ision Build Log</h1>
<h2>Tool Versions:</h2>
IDE-Version: μVision V5.14.2
Copyright (C) 2015 ARM Ltd and ARM Germany GmbH. All rights reserved.
License Information: Cortex-M3, 11, LIC=SDA01-C9N1K-12RLE-5BDTX-0QQ64-RD0S5
 
Tool Versions:
Toolchain:       MDK-ARM Standard  Version: 5.14.0.0
Toolchain Path:  C:\Users\Lenovo\Documents\keil5\ARM\ARMCC\Bin
C Compiler:      Armcc.exe V5.05 update 1 (build 106)
Assembler:       Armasm.exe V5.05 update 1 (build 106)
Linker/Locator:  ArmLink.exe V5.05 update 1 (build 106)
Library Manager: ArmAr.exe V5.05 update 1 (build 106)
Hex Converter:   FromElf.exe V5.05 update 1 (build 106)
CPU DLL:         SARMCM3.DLL V5.14.0.0
Dialog DLL:      DCM.DLL V1.13.1.0
Target DLL:      Segger\JL2CM3.dll V2.99.13.0
Dialog DLL:      TCM.DLL V1.14.4.0
 
<h2>Project:</h2>
C:\Users\Lenovo\Desktop\005\STM32EDP LED状态上传数据和下发命令\USER\EDP.uvprojx
Project File Date:  10/24/2019

<h2>Output:</h2>
*** Using Compiler 'V5.05 update 1 (build 106)', folder: 'C:\Users\Lenovo\Documents\keil5\ARM\ARMCC\Bin'
Build target '接收端'
compiling main.c...
..\LORA\lora_app.h(38): warning:  #1295-D: Deprecated declaration Lrend - give arg types
  extern void Lrend();
..\LORA\lora_app.h(39): warning:  #1295-D: Deprecated declaration Lrun - give arg types
  extern void Lrun();
main.c(87): warning:  #177-D: variable "x" was declared but never referenced
        char x=0;
main.c: 3 warnings, 0 errors
compiling system_stm32f10x.c...
compiling stm32f10x_it.c...
compiling core_cm3.c...
assembling startup_stm32f10x_hd.s...
compiling misc.c...
compiling stm32f10x_exti.c...
compiling stm32f10x_gpio.c...
compiling stm32f10x_rcc.c...
compiling stm32f10x_tim.c...
compiling stm32f10x_usart.c...
compiling stm32f10x_fsmc.c...
compiling led.c...
compiling dht11.c...
compiling usart3.c...
..\LORA\lora_app.h(38): warning:  #1295-D: Deprecated declaration Lrend - give arg types
  extern void Lrend();
..\LORA\lora_app.h(39): warning:  #1295-D: Deprecated declaration Lrun - give arg types
  extern void Lrun();
..\HARDWARE\USART3\usart3.c(39): warning:  #177-D: variable "x" was declared but never referenced
        char x='0';
..\HARDWARE\USART3\usart3.c: 3 warnings, 0 errors
compiling timer.c...
compiling delay.c...
compiling sys.c...
compiling usart.c...
compiling esp8266.c...
compiling EdpKit.c...
compiling onenet.c...
compiling Tim.c...
compiling Font.c...
compiling OLED_Screen.c...
compiling Pictures.c...
compiling lora_app.c...
..\LORA\lora_app.h(38): warning:  #1295-D: Deprecated declaration Lrend - give arg types
  extern void Lrend();
..\LORA\lora_app.h(39): warning:  #1295-D: Deprecated declaration Lrun - give arg types
  extern void Lrun();
..\LORA\lora_app.c(215): warning:  #177-D: variable "num" was declared but never referenced
        static u8 num=0;
..\LORA\lora_app.c(274): warning:  #167-D: argument of type "unsigned char *" is incompatible with parameter of type "const char *"
                if(strstr(USART3_RX_BUF,"on"))
..\LORA\lora_app.c(278): warning:  #167-D: argument of type "unsigned char *" is incompatible with parameter of type "const char *"
                if(strstr(USART3_RX_BUF,"off"))
..\LORA\lora_app.c(291): warning:  #177-D: variable "key" was declared but never referenced
        u8 key=0;
..\LORA\lora_app.c(292): warning:  #177-D: variable "t" was declared but never referenced
        u8 t=0;
..\LORA\lora_app.c(314): warning:  #177-D: variable "key" was declared but never referenced
        u8 key=0;
..\LORA\lora_app.c(315): warning:  #177-D: variable "netpro" was declared but never referenced
        u8 netpro=0;
..\LORA\lora_app.c(353): warning:  #177-D: variable "num" was declared but never referenced
        static u8 num=0;
..\LORA\lora_app.c(403): warning:  #167-D: argument of type "unsigned char *" is incompatible with parameter of type "const char *"
                findstring=strstr(USART3_RX_BUF,"F");
..\LORA\lora_app.c(403): warning:  #513-D: a value of type "char *" cannot be assigned to an entity of type "unsigned char *"
                findstring=strstr(USART3_RX_BUF,"F");
..\LORA\lora_app.c(407): warning:  #167-D: argument of type "unsigned char *" is incompatible with parameter of type "const char *"
                if(strstr(USART3_RX_BUF,"on"))
..\LORA\lora_app.c(411): warning:  #167-D: argument of type "unsigned char *" is incompatible with parameter of type "const char *"
                if(strstr(USART3_RX_BUF,"off"))
..\LORA\lora_app.c(388): warning:  #177-D: variable "i" was declared but never referenced
        u16 i=0;
..\LORA\lora_app.c: 15 warnings, 0 errors
compiling lora_ui.c...
..\LORA\lora_app.h(38): warning:  #1295-D: Deprecated declaration Lrend - give arg types
  extern void Lrend();
..\LORA\lora_app.h(39): warning:  #1295-D: Deprecated declaration Lrun - give arg types
  extern void Lrun();
..\LORA\lora_ui.c: 2 warnings, 0 errors
linking...
Program Size: Code=14512 RO-data=2480 RW-data=144 ZI-data=4528  
FromELF: creating hex file...
".\Objects\接收端.axf" - 0 Error(s), 23 Warning(s).

<h2>Collection of Component include folders:</h2>
  C:\Users\Lenovo\Desktop\005\STM32EDP LED状态上传数据和下发命令\USER\RTE
  C:\Users\Lenovo\Documents\keil5\ARM\PACK\Keil\STM32F1xx_DFP\1.0.5\Device\Include

<h2>Collection of Component Files used:</h2>
</pre>
</body>
</html>
